Initialized native services in: C:\Users\talqu\.gradle\native
Initialized jansi services in: C:\Users\talqu\.gradle\native
Found daemon DaemonInfo{pid=10504, address=[c8cfb77c-86d9-493e-8b21-265c70186502 port:61165, addresses:[/127.0.0.1]], state=Idle, lastBusy=1762008074936, context=DefaultDaemonContext[uid=5d12e2a4-84b5-4352-8538-f505a39d5f80,javaHome=C:\Program Files\Java\jdk-25,javaVersion=25,javaVendor=Oracle Corporation,daemonRegistryDir=C:\Users\talqu\.gradle\daemon,pid=10504,idleTimeout=10800000,priority=NORMAL,applyInstrumentationAgent=true,nativeServicesMode=ENABLED,daemonOpts=-Xmx2048m,-Dfile.encoding=UTF-8,-Duser.country=US,-Duser.language=en,-Duser.variant]} however its context does not match the desired criteria.
JVM is incompatible.
Wanted: DaemonRequestContext{jvmCriteria=C:\Program Files\Android\Android Studio\jbr (no JDK specified, using current Java home), daemonOpts=[-Xmx2048m, -Dfile.encoding=UTF-8, -Duser.country=US, -Duser.language=en, -Duser.variant], applyInstrumentationAgent=true, nativeServicesMode=ENABLED, priority=NORMAL}
Actual: DefaultDaemonContext[uid=5d12e2a4-84b5-4352-8538-f505a39d5f80,javaHome=C:\Program Files\Java\jdk-25,javaVersion=25,javaVendor=Oracle Corporation,daemonRegistryDir=C:\Users\talqu\.gradle\daemon,pid=10504,idleTimeout=10800000,priority=NORMAL,applyInstrumentationAgent=true,nativeServicesMode=ENABLED,daemonOpts=-Xmx2048m,-Dfile.encoding=UTF-8,-Duser.country=US,-Duser.language=en,-Duser.variant]

  Looking for a different daemon...
The client will now receive all logging from the daemon (pid: 38128). The daemon log file: C:\Users\talqu\.gradle\daemon\8.13\daemon-38128.out.log
Starting 20th build in daemon [uptime: 28 mins 58.209 secs, performance: 99%, GC rate: 0.00/s, heap usage: 0% of 2 GiB]
Using 20 worker leases.
Now considering [C:\Sandbox\androidApp\Baeren\BaerenLock] as hierarchies to watch
Watching the file system is configured to be enabled if available
File system watching is active
Starting Build
Settings evaluated using settings file 'C:\Sandbox\androidApp\Baeren\BaerenLock\settings.gradle.kts'.
Projects loaded. Root project using build file 'C:\Sandbox\androidApp\Baeren\BaerenLock\build.gradle'.
Included projects: [root project 'BaerenLock', project ':app']

> Configure project :
Evaluating root project 'BaerenLock' using build file 'C:\Sandbox\androidApp\Baeren\BaerenLock\build.gradle'.

> Configure project :app
Evaluating project ':app' using build file 'C:\Sandbox\androidApp\Baeren\BaerenLock\app\build.gradle.kts'.
Resolved plugin [id: 'com.android.application', version: '8.11.1']
Resolved plugin [id: 'org.jetbrains.kotlin.android', version: '2.0.21']
Resolved plugin [id: 'org.jetbrains.kotlin.plugin.compose', version: '2.0.21']
Using default execution profile
Using Kotlin Gradle Plugin gradle85 variant
Detected Android Gradle Plugin compose compiler configuration
Detected Android Gradle Plugin compose compiler configuration
Detected Android Gradle Plugin compose compiler configuration
Detected Android Gradle Plugin compose compiler configuration
Detected Android Gradle Plugin compose compiler configuration
All projects evaluated.
Task name matched 'clean'
Task name matched 'build'
Selected primary task 'clean' from project :
Selected primary task 'build' from project :
Adding -Xuse-inline-scopes-numbers Kotlin compiler flag for task :app:compileDebugKotlin
Tasks to be executed: [task ':app:clean', task ':app:preBuild', task ':app:preDebugBuild', task ':app:mergeDebugNativeDebugMetadata', task ':app:checkKotlinGradlePluginConfigurationErrors', task ':app:checkDebugAarMetadata', task ':app:generateDebugResValues', task ':app:mapDebugSourceSetPaths', task ':app:generateDebugResources', task ':app:mergeDebugResources', task ':app:packageDebugResources', task ':app:parseDebugLocalResources', task ':app:createDebugCompatibleScreenManifests', task ':app:extractDeepLinksDebug', task ':app:processDebugMainManifest', task ':app:processDebugManifest', task ':app:processDebugManifestForPackage', task ':app:processDebugResources', task ':app:compileDebugKotlin', task ':app:javaPreCompileDebug', task ':app:compileDebugJavaWithJavac', task ':app:mergeDebugShaders', task ':app:compileDebugShaders', task ':app:generateDebugAssets', task ':app:mergeDebugAssets', task ':app:compressDebugAssets', task ':app:desugarDebugFileDependencies', task ':app:dexBuilderDebug', task ':app:mergeDebugGlobalSynthetics', task ':app:processDebugJavaRes', task ':app:mergeDebugJavaResource', task ':app:checkDebugDuplicateClasses', task ':app:mergeExtDexDebug', task ':app:mergeLibDexDebug', task ':app:mergeProjectDexDebug', task ':app:mergeDebugJniLibFolders', task ':app:mergeDebugNativeLibs', task ':app:stripDebugDebugSymbols', task ':app:validateSigningDebug', task ':app:writeDebugAppMetadata', task ':app:writeDebugSigningConfigVersions', task ':app:packageDebug', task ':app:createDebugApkListingFileRedirect', task ':app:assembleDebug', task ':app:preReleaseBuild', task ':app:mergeReleaseJniLibFolders', task ':app:mergeReleaseNativeLibs', task ':app:stripReleaseDebugSymbols', task ':app:extractReleaseNativeSymbolTables', task ':app:mergeReleaseNativeDebugMetadata', task ':app:checkReleaseDuplicateClasses', task ':app:buildKotlinToolingMetadata', task ':app:checkReleaseAarMetadata', task ':app:generateReleaseResValues', task ':app:mapReleaseSourceSetPaths', task ':app:generateReleaseResources', task ':app:mergeReleaseResources', task ':app:packageReleaseResources', task ':app:parseReleaseLocalResources', task ':app:createReleaseCompatibleScreenManifests', task ':app:extractDeepLinksRelease', task ':app:processReleaseMainManifest', task ':app:processReleaseManifest', task ':app:processReleaseManifestForPackage', task ':app:processReleaseResources', task ':app:compileReleaseKotlin', task ':app:javaPreCompileRelease', task ':app:compileReleaseJavaWithJavac', task ':app:dexBuilderRelease', task ':app:desugarReleaseFileDependencies', task ':app:mergeReleaseStartupProfile', task ':app:mergeExtDexRelease', task ':app:mergeDexRelease', task ':app:mergeReleaseArtProfile', task ':app:mergeReleaseGlobalSynthetics', task ':app:compileReleaseArtProfile', task ':app:mergeReleaseShaders', task ':app:compileReleaseShaders', task ':app:generateReleaseAssets', task ':app:mergeReleaseAssets', task ':app:compressReleaseAssets', task ':app:extractReleaseVersionControlInfo', task ':app:extractProguardFiles', task ':app:generateReleaseLintVitalReportModel', task ':app:lintVitalAnalyzeRelease', task ':app:lintVitalReportRelease', task ':app:lintVitalRelease', task ':app:processReleaseJavaRes', task ':app:mergeReleaseJavaResource', task ':app:optimizeReleaseResources', task ':app:collectReleaseDependencies', task ':app:sdkReleaseDependencyData', task ':app:writeReleaseAppMetadata', task ':app:writeReleaseSigningConfigVersions', task ':app:packageRelease', task ':app:createReleaseApkListingFileRedirect', task ':app:assembleRelease', task ':app:assemble', task ':app:bundleDebugClassesToCompileJar', task ':app:preDebugAndroidTestBuild', task ':app:generateDebugAndroidTestResValues', task ':app:generateDebugAndroidTestLintModel', task ':app:generateDebugLintReportModel', task ':app:preDebugUnitTestBuild', task ':app:generateDebugUnitTestLintModel', task ':app:lintAnalyzeDebug', task ':app:lintAnalyzeDebugAndroidTest', task ':app:lintAnalyzeDebugUnitTest', task ':app:lintReportDebug', task ':app:lintDebug', task ':app:lint', task ':app:bundleDebugClassesToRuntimeJar', task ':app:compileDebugUnitTestKotlin', task ':app:javaPreCompileDebugUnitTest', task ':app:compileDebugUnitTestJavaWithJavac', task ':app:processDebugUnitTestJavaRes', task ':app:testDebugUnitTest', task ':app:bundleReleaseClassesToRuntimeJar', task ':app:bundleReleaseClassesToCompileJar', task ':app:compileReleaseUnitTestKotlin', task ':app:preReleaseUnitTestBuild', task ':app:javaPreCompileReleaseUnitTest', task ':app:compileReleaseUnitTestJavaWithJavac', task ':app:processReleaseUnitTestJavaRes', task ':app:testReleaseUnitTest', task ':app:test', task ':app:check', task ':app:build']
Tasks that were excluded: []
Resolve mutations for :app:clean (Thread[#2678,Execution worker Thread 4,5,main]) started.
:app:clean (Thread[#2680,Execution worker Thread 6,5,main]) started.
destroyer locations for task group 0 (Thread[#2675,Execution worker,5,main]) started.

> Task :app:clean
Caching disabled for task ':app:clean' because:
  Build cache is disabled
Task ':app:clean' is not up-to-date because:
  Task has not declared any outputs despite executing actions.
Resolve mutations for :app:preBuild (Thread[#2680,Execution worker Thread 6,5,main]) started.
:app:preBuild (Thread[#2694,Execution worker Thread 19,5,main]) started.

> Task :app:preBuild UP-TO-DATE
Skipping task ':app:preBuild' as it has no actions.
Resolve mutations for :app:preDebugBuild (Thread[#2694,Execution worker Thread 19,5,main]) started.
:app:preDebugBuild (Thread[#2694,Execution worker Thread 19,5,main]) started.

> Task :app:preDebugBuild UP-TO-DATE
Skipping task ':app:preDebugBuild' as it has no actions.
Resolve mutations for :app:mergeDebugNativeDebugMetadata (Thread[#2694,Execution worker Thread 19,5,main]) started.
:app:mergeDebugNativeDebugMetadata (Thread[#2682,Execution worker Thread 8,5,main]) started.

> Task :app:mergeDebugNativeDebugMetadata NO-SOURCE
Skipping task ':app:mergeDebugNativeDebugMetadata' as it has no source files and no previous output files.
Resolve mutations for :app:checkKotlinGradlePluginConfigurationErrors (Thread[#2682,Execution worker Thread 8,5,main]) started.
:app:checkKotlinGradlePluginConfigurationErrors (Thread[#2682,Execution worker Thread 8,5,main]) started.

> Task :app:checkKotlinGradlePluginConfigurationErrors SKIPPED
Skipping task ':app:checkKotlinGradlePluginConfigurationErrors' as task onlyIf 'errorDiagnostics are present' is false.
Resolve mutations for :app:checkDebugAarMetadata (Thread[#2689,Execution worker Thread 15,5,main]) started.
:app:checkDebugAarMetadata (Thread[#2689,Execution worker Thread 15,5,main]) started.
Resolve mutations for :app:generateDebugResValues (Thread[#2683,Execution worker Thread 9,5,main]) started.
:app:generateDebugResValues (Thread[#2683,Execution worker Thread 9,5,main]) started.

> Task :app:generateDebugResValues
Caching disabled for task ':app:generateDebugResValues' because:
  Build cache is disabled
Task ':app:generateDebugResValues' is not up-to-date because:
  Output property 'outputDirectory' file C:\Sandbox\androidApp\Baeren\BaerenLock\app\build\generated\res\resValues\debug has been removed.
Resolve mutations for :app:mapDebugSourceSetPaths (Thread[#2683,Execution worker Thread 9,5,main]) started.
:app:mapDebugSourceSetPaths (Thread[#2683,Execution worker Thread 9,5,main]) started.

> Task :app:checkDebugAarMetadata
Caching disabled for task ':app:checkDebugAarMetadata' because:
  Build cache is disabled
  Caching has been disabled for the task
Task ':app:checkDebugAarMetadata' is not up-to-date because:
  Output property 'dummyOutputDirectory' file C:\Sandbox\androidApp\Baeren\BaerenLock\app\build\intermediates\aar_metadata_check\debug\checkDebugAarMetadata has been removed.

> Task :app:mapDebugSourceSetPaths
Caching disabled for task ':app:mapDebugSourceSetPaths' because:
  Build cache is disabled
  Caching has been disabled for the task
Task ':app:mapDebugSourceSetPaths' is not up-to-date because:
  Output property 'filepathMappingFile' file C:\Sandbox\androidApp\Baeren\BaerenLock\app\build\intermediates\source_set_path_map\debug\mapDebugSourceSetPaths\file-map.txt has been removed.
Resolve mutations for :app:generateDebugResources (Thread[#2683,Execution worker Thread 9,5,main]) started.
:app:generateDebugResources (Thread[#2683,Execution worker Thread 9,5,main]) started.

> Task :app:generateDebugResources
Caching disabled for task ':app:generateDebugResources' because:
  Build cache is disabled
Task ':app:generateDebugResources' is not up-to-date because:
  Output property 'validationReportFile' file C:\Sandbox\androidApp\Baeren\BaerenLock\app\build\intermediates\nested_resources_validation_report\debug\generateDebugResources\nestedResourcesValidationReport.txt has been removed.
Resolve mutations for :app:mergeDebugResources (Thread[#2683,Execution worker Thread 9,5,main]) started.
:app:mergeDebugResources (Thread[#2683,Execution worker Thread 9,5,main]) started.

> Task :app:mergeDebugResources
Caching disabled for task ':app:mergeDebugResources' because:
  Build cache is disabled
Task ':app:mergeDebugResources' is not up-to-date because:
  Output property 'blameLogOutputFolder' file C:\Sandbox\androidApp\Baeren\BaerenLock\app\build\intermediates\merged_res_blame_folder\debug\mergeDebugResources\out has been removed.
  Output property 'blameLogOutputFolder' file C:\Sandbox\androidApp\Baeren\BaerenLock\app\build\intermediates\merged_res_blame_folder\debug\mergeDebugResources\out\multi-v2 has been removed.
  Output property 'blameLogOutputFolder' file C:\Sandbox\androidApp\Baeren\BaerenLock\app\build\intermediates\merged_res_blame_folder\debug\mergeDebugResources\out\multi-v2\mergeDebugResources.json has been removed.
  and more...
The input changes require a full rebuild for incremental task ':app:mergeDebugResources'.
[MergeResources] Inputs are non-incremental full task action.
Compiling XML table C:\Sandbox\androidApp\Baeren\BaerenLock\app\build\intermediates\incremental\debug\mergeDebugResources\merged.dir\values\values.xml to C:\Sandbox\androidApp\Baeren\BaerenLock\app\build\intermediates\merged_res\debug\mergeDebugResources\values_values.arsc.flat
Compiling XML table C:\Sandbox\androidApp\Baeren\BaerenLock\app\build\intermediates\incremental\debug\mergeDebugResources\merged.dir\values-hi\values-hi.xml to C:\Sandbox\androidApp\Baeren\BaerenLock\app\build\intermediates\merged_res\debug\mergeDebugResources\values-hi_values-hi.arsc.flat
Compiling XML table C:\Sandbox\androidApp\Baeren\BaerenLock\app\build\intermediates\incremental\debug\mergeDebugResources\merged.dir\values-pt\values-pt.xml to C:\Sandbox\androidApp\Baeren\BaerenLock\app\build\intermediates\merged_res\debug\mergeDebugResources\values-pt_values-pt.arsc.flat
Compiling XML table C:\Sandbox\androidApp\Baeren\BaerenLock\app\build\intermediates\incremental\debug\mergeDebugResources\merged.dir\values-watch-v21\values-watch-v21.xml to C:\Sandbox\androidApp\Baeren\BaerenLock\app\build\intermediates\merged_res\debug\mergeDebugResources\values-watch-v21_values-watch-v21.arsc.flat
Compiling XML table C:\Sandbox\androidApp\Baeren\BaerenLock\app\build\intermediates\incremental\debug\mergeDebugResources\merged.dir\values-watch-v20\values-watch-v20.xml to C:\Sandbox\androidApp\Baeren\BaerenLock\app\build\intermediates\merged_res\debug\mergeDebugResources\values-watch-v20_values-watch-v20.arsc.flat
Compiling XML table C:\Sandbox\androidApp\Baeren\BaerenLock\app\build\intermediates\incremental\debug\mergeDebugResources\merged.dir\values-as\values-as.xml to C:\Sandbox\androidApp\Baeren\BaerenLock\app\build\intermediates\merged_res\debug\mergeDebugResources\values-as_values-as.arsc.flat
Compiling XML table C:\Sandbox\androidApp\Baeren\BaerenLock\app\build\intermediates\incremental\debug\mergeDebugResources\merged.dir\values-hr\values-hr.xml to C:\Sandbox\androidApp\Baeren\BaerenLock\app\build\intermediates\merged_res\debug\mergeDebugResources\values-hr_values-hr.arsc.flat
Compiling XML table C:\Sandbox\androidApp\Baeren\BaerenLock\app\build\intermediates\incremental\debug\mergeDebugResources\merged.dir\values-es-rUS\values-es-rUS.xml to C:\Sandbox\androidApp\Baeren\BaerenLock\app\build\intermediates\merged_res\debug\mergeDebugResources\values-es-rUS_values-es-rUS.arsc.flat
Compiling XML table C:\Sandbox\androidApp\Baeren\BaerenLock\app\build\intermediates\incremental\debug\mergeDebugResources\merged.dir\values-v21\values-v21.xml to C:\Sandbox\androidApp\Baeren\BaerenLock\app\build\intermediates\merged_res\debug\mergeDebugResources\values-v21_values-v21.arsc.flat
Compiling XML table C:\Sandbox\androidApp\Baeren\BaerenLock\app\build\intermediates\incremental\debug\mergeDebugResources\merged.dir\values-hu\values-hu.xml to C:\Sandbox\androidApp\Baeren\BaerenLock\app\build\intermediates\merged_res\debug\mergeDebugResources\values-hu_values-hu.arsc.flat
Compiling XML table C:\Sandbox\androidApp\Baeren\BaerenLock\app\build\intermediates\incremental\debug\mergeDebugResources\merged.dir\values-v23\values-v23.xml to C:\Sandbox\androidApp\Baeren\BaerenLock\app\build\intermediates\merged_res\debug\mergeDebugResources\values-v23_values-v23.arsc.flat
Compiling XML table C:\Sandbox\androidApp\Baeren\BaerenLock\app\build\intermediates\incremental\debug\mergeDebugResources\merged.dir\values-hy\values-hy.xml to C:\Sandbox\androidApp\Baeren\BaerenLock\app\build\intermediates\merged_res\debug\mergeDebugResources\values-hy_values-hy.arsc.flat
Compiling XML table C:\Sandbox\androidApp\Baeren\BaerenLock\app\build\intermediates\incremental\debug\mergeDebugResources\merged.dir\values-bs\values-bs.xml to C:\Sandbox\androidApp\Baeren\BaerenLock\app\build\intermediates\merged_res\debug\mergeDebugResources\values-bs_values-bs.arsc.flat
Compiling XML table C:\Sandbox\androidApp\Baeren\BaerenLock\app\build\intermediates\incremental\debug\mergeDebugResources\merged.dir\values-ka\values-ka.xml to C:\Sandbox\androidApp\Baeren\BaerenLock\app\build\intermediates\merged_res\debug\mergeDebugResources\values-ka_values-ka.arsc.flat
Compiling XML table C:\Sandbox\androidApp\Baeren\BaerenLock\app\build\intermediates\incremental\debug\mergeDebugResources\merged.dir\values-v22\values-v22.xml to C:\Sandbox\androidApp\Baeren\BaerenLock\app\build\intermediates\merged_res\debug\mergeDebugResources\values-v22_values-v22.arsc.flat
Compiling XML table C:\Sandbox\androidApp\Baeren\BaerenLock\app\build\intermediates\incremental\debug\mergeDebugResources\merged.dir\values-v16\values-v16.xml to C:\Sandbox\androidApp\Baeren\BaerenLock\app\build\intermediates\merged_res\debug\mergeDebugResources\values-v16_values-v16.arsc.flat
Compiling XML table C:\Sandbox\androidApp\Baeren\BaerenLock\app\build\intermediates\incremental\debug\mergeDebugResources\merged.dir\values-si\values-si.xml to C:\Sandbox\androidApp\Baeren\BaerenLock\app\build\intermediates\merged_res\debug\mergeDebugResources\values-si_values-si.arsc.flat
Compiling XML table C:\Sandbox\androidApp\Baeren\BaerenLock\app\build\intermediates\incremental\debug\mergeDebugResources\merged.dir\values-v18\values-v18.xml to C:\Sandbox\androidApp\Baeren\BaerenLock\app\build\intermediates\merged_res\debug\mergeDebugResources\values-v18_values-v18.arsc.flat
Compiling XML table C:\Sandbox\androidApp\Baeren\BaerenLock\app\build\intermediates\incremental\debug\mergeDebugResources\merged.dir\values-ja\values-ja.xml to C:\Sandbox\androidApp\Baeren\BaerenLock\app\build\intermediates\merged_res\debug\mergeDebugResources\values-ja_values-ja.arsc.flat
Compiling XML table C:\Sandbox\androidApp\Baeren\BaerenLock\app\build\intermediates\incremental\debug\mergeDebugResources\merged.dir\values-az\values-az.xml to C:\Sandbox\androidApp\Baeren\BaerenLock\app\build\intermediates\merged_res\debug\mergeDebugResources\values-az_values-az.arsc.flat
Compiling XML table C:\Sandbox\androidApp\Baeren\BaerenLock\app\build\intermediates\incremental\debug\mergeDebugResources\merged.dir\values-v25\values-v25.xml to C:\Sandbox\androidApp\Baeren\BaerenLock\app\build\intermediates\merged_res\debug\mergeDebugResources\values-v25_values-v25.arsc.flat
Compiling XML table C:\Sandbox\androidApp\Baeren\BaerenLock\app\build\intermediates\incremental\debug\mergeDebugResources\merged.dir\values-v17\values-v17.xml to C:\Sandbox\androidApp\Baeren\BaerenLock\app\build\intermediates\merged_res\debug\mergeDebugResources\values-v17_values-v17.arsc.flat
Compiling XML table C:\Sandbox\androidApp\Baeren\BaerenLock\app\build\intermediates\incremental\debug\mergeDebugResources\merged.dir\values-v24\values-v24.xml to C:\Sandbox\androidApp\Baeren\BaerenLock\app\build\intermediates\merged_res\debug\mergeDebugResources\values-v24_values-v24.arsc.flat
Compiling XML table C:\Sandbox\androidApp\Baeren\BaerenLock\app\build\intermediates\incremental\debug\mergeDebugResources\merged.dir\values-sl\values-sl.xml to C:\Sandbox\androidApp\Baeren\BaerenLock\app\build\intermediates\merged_res\debug\mergeDebugResources\values-sl_values-sl.arsc.flat
Compiling XML table C:\Sandbox\androidApp\Baeren\BaerenLock\app\build\intermediates\incremental\debug\mergeDebugResources\merged.dir\values-te\values-te.xml to C:\Sandbox\androidApp\Baeren\BaerenLock\app\build\intermediates\merged_res\debug\mergeDebugResources\values-te_values-te.arsc.flat
Compiling XML table C:\Sandbox\androidApp\Baeren\BaerenLock\app\build\intermediates\incremental\debug\mergeDebugResources\merged.dir\values-sr\values-sr.xml to C:\Sandbox\androidApp\Baeren\BaerenLock\app\build\intermediates\merged_res\debug\mergeDebugResources\values-sr_values-sr.arsc.flat
Compiling XML table C:\Sandbox\androidApp\Baeren\BaerenLock\app\build\intermediates\incremental\debug\mergeDebugResources\merged.dir\values-tl\values-tl.xml to C:\Sandbox\androidApp\Baeren\BaerenLock\app\build\intermediates\merged_res\debug\mergeDebugResources\values-tl_values-tl.arsc.flat
Compiling XML table C:\Sandbox\androidApp\Baeren\BaerenLock\app\build\intermediates\incremental\debug\mergeDebugResources\merged.dir\values-sq\values-sq.xml to C:\Sandbox\androidApp\Baeren\BaerenLock\app\build\intermediates\merged_res\debug\mergeDebugResources\values-sq_values-sq.arsc.flat
Compiling XML table C:\Sandbox\androidApp\Baeren\BaerenLock\app\build\intermediates\incremental\debug\mergeDebugResources\merged.dir\values-ldltr-v21\values-ldltr-v21.xml to C:\Sandbox\androidApp\Baeren\BaerenLock\app\build\intermediates\merged_res\debug\mergeDebugResources\values-ldltr-v21_values-ldltr-v21.arsc.flat
Compiling XML table C:\Sandbox\androidApp\Baeren\BaerenLock\app\build\intermediates\incremental\debug\mergeDebugResources\merged.dir\values-sk\values-sk.xml to C:\Sandbox\androidApp\Baeren\BaerenLock\app\build\intermediates\merged_res\debug\mergeDebugResources\values-sk_values-sk.arsc.flat
Compiling XML table C:\Sandbox\androidApp\Baeren\BaerenLock\app\build\intermediates\incremental\debug\mergeDebugResources\merged.dir\values-pt-rPT\values-pt-rPT.xml to C:\Sandbox\androidApp\Baeren\BaerenLock\app\build\intermediates\merged_res\debug\mergeDebugResources\values-pt-rPT_values-pt-rPT.arsc.flat
Compiling XML table C:\Sandbox\androidApp\Baeren\BaerenLock\app\build\intermediates\incremental\debug\mergeDebugResources\merged.dir\values-tr\values-tr.xml to C:\Sandbox\androidApp\Baeren\BaerenLock\app\build\intermediates\merged_res\debug\mergeDebugResources\values-tr_values-tr.arsc.flat
Compiling XML table C:\Sandbox\androidApp\Baeren\BaerenLock\app\build\intermediates\incremental\debug\mergeDebugResources\merged.dir\values-xlarge-v4\values-xlarge-v4.xml to C:\Sandbox\androidApp\Baeren\BaerenLock\app\build\intermediates\merged_res\debug\mergeDebugResources\values-xlarge-v4_values-xlarge-v4.arsc.flat
Compiling XML table C:\Sandbox\androidApp\Baeren\BaerenLock\app\build\intermediates\incremental\debug\mergeDebugResources\merged.dir\values-af\values-af.xml to C:\Sandbox\androidApp\Baeren\BaerenLock\app\build\intermediates\merged_res\debug\mergeDebugResources\values-af_values-af.arsc.flat
Compiling XML table C:\Sandbox\androidApp\Baeren\BaerenLock\app\build\intermediates\incremental\debug\mergeDebugResources\merged.dir\values-ca\values-ca.xml to C:\Sandbox\androidApp\Baeren\BaerenLock\app\build\intermediates\merged_res\debug\mergeDebugResources\values-ca_values-ca.arsc.flat
Compiling XML table C:\Sandbox\androidApp\Baeren\BaerenLock\app\build\intermediates\incremental\debug\mergeDebugResources\merged.dir\values-ms\values-ms.xml to C:\Sandbox\androidApp\Baeren\BaerenLock\app\build\intermediates\merged_res\debug\mergeDebugResources\values-ms_values-ms.arsc.flat
Compiling XML table C:\Sandbox\androidApp\Baeren\BaerenLock\app\build\intermediates\incremental\debug\mergeDebugResources\merged.dir\values-v30\values-v30.xml to C:\Sandbox\androidApp\Baeren\BaerenLock\app\build\intermediates\merged_res\debug\mergeDebugResources\values-v30_values-v30.arsc.flat
Compiling XML table C:\Sandbox\androidApp\Baeren\BaerenLock\app\build\intermediates\incremental\debug\mergeDebugResources\merged.dir\values-zu\values-zu.xml to C:\Sandbox\androidApp\Baeren\BaerenLock\app\build\intermediates\merged_res\debug\mergeDebugResources\values-zu_values-zu.arsc.flat
Compiling XML table C:\Sandbox\androidApp\Baeren\BaerenLock\app\build\intermediates\incremental\debug\mergeDebugResources\merged.dir\values-zh-rTW\values-zh-rTW.xml to C:\Sandbox\androidApp\Baeren\BaerenLock\app\build\intermediates\merged_res\debug\mergeDebugResources\values-zh-rTW_values-zh-rTW.arsc.flat
Compiling XML table C:\Sandbox\androidApp\Baeren\BaerenLock\app\build\intermediates\incremental\debug\mergeDebugResources\merged.dir\values-en-rAU\values-en-rAU.xml to C:\Sandbox\androidApp\Baeren\BaerenLock\app\build\intermediates\merged_res\debug\mergeDebugResources\values-en-rAU_values-en-rAU.arsc.flat
Compiling XML table C:\Sandbox\androidApp\Baeren\BaerenLock\app\build\intermediates\incremental\debug\mergeDebugResources\merged.dir\values-my\values-my.xml to C:\Sandbox\androidApp\Baeren\BaerenLock\app\build\intermediates\merged_res\debug\mergeDebugResources\values-my_values-my.arsc.flat
Compiling XML table C:\Sandbox\androidApp\Baeren\BaerenLock\app\build\intermediates\incremental\debug\mergeDebugResources\merged.dir\values-in\values-in.xml to C:\Sandbox\androidApp\Baeren\BaerenLock\app\build\intermediates\merged_res\debug\mergeDebugResources\values-in_values-in.arsc.flat
Compiling XML table C:\Sandbox\androidApp\Baeren\BaerenLock\app\build\intermediates\incremental\debug\mergeDebugResources\merged.dir\values-lo\values-lo.xml to C:\Sandbox\androidApp\Baeren\BaerenLock\app\build\intermediates\merged_res\debug\mergeDebugResources\values-lo_values-lo.arsc.flat
Compiling XML table C:\Sandbox\androidApp\Baeren\BaerenLock\app\build\intermediates\incremental\debug\mergeDebugResources\merged.dir\values-th\values-th.xml to C:\Sandbox\androidApp\Baeren\BaerenLock\app\build\intermediates\merged_res\debug\mergeDebugResources\values-th_values-th.arsc.flat
Compiling XML table C:\Sandbox\androidApp\Baeren\BaerenLock\app\build\intermediates\incremental\debug\mergeDebugResources\merged.dir\values-et\values-et.xml to C:\Sandbox\androidApp\Baeren\BaerenLock\app\build\intermediates\merged_res\debug\mergeDebugResources\values-et_values-et.arsc.flat
Compiling XML table C:\Sandbox\androidApp\Baeren\BaerenLock\app\build\intermediates\incremental\debug\mergeDebugResources\merged.dir\values-v26\values-v26.xml to C:\Sandbox\androidApp\Baeren\BaerenLock\app\build\intermediates\merged_res\debug\mergeDebugResources\values-v26_values-v26.arsc.flat
Compiling XML table C:\Sandbox\androidApp\Baeren\BaerenLock\app\build\intermediates\incremental\debug\mergeDebugResources\merged.dir\values-km\values-km.xml to C:\Sandbox\androidApp\Baeren\BaerenLock\app\build\intermediates\merged_res\debug\mergeDebugResources\values-km_values-km.arsc.flat
Compiling XML table C:\Sandbox\androidApp\Baeren\BaerenLock\app\build\intermediates\incremental\debug\mergeDebugResources\merged.dir\values-zh-rHK\values-zh-rHK.xml to C:\Sandbox\androidApp\Baeren\BaerenLock\app\build\intermediates\merged_res\debug\mergeDebugResources\values-zh-rHK_values-zh-rHK.arsc.flat
Compiling XML table C:\Sandbox\androidApp\Baeren\BaerenLock\app\build\intermediates\incremental\debug\mergeDebugResources\merged.dir\values-en-rGB\values-en-rGB.xml to C:\Sandbox\androidApp\Baeren\BaerenLock\app\build\intermediates\merged_res\debug\mergeDebugResources\values-en-rGB_values-en-rGB.arsc.flat
Compiling XML table C:\Sandbox\androidApp\Baeren\BaerenLock\app\build\intermediates\incremental\debug\mergeDebugResources\merged.dir\values-sv\values-sv.xml to C:\Sandbox\androidApp\Baeren\BaerenLock\app\build\intermediates\merged_res\debug\mergeDebugResources\values-sv_values-sv.arsc.flat
Compiling XML table C:\Sandbox\androidApp\Baeren\BaerenLock\app\build\intermediates\incremental\debug\mergeDebugResources\merged.dir\values-da\values-da.xml to C:\Sandbox\androidApp\Baeren\BaerenLock\app\build\intermediates\merged_res\debug\mergeDebugResources\values-da_values-da.arsc.flat
Compiling XML table C:\Sandbox\androidApp\Baeren\BaerenLock\app\build\intermediates\incremental\debug\mergeDebugResources\merged.dir\values-kk\values-kk.xml to C:\Sandbox\androidApp\Baeren\BaerenLock\app\build\intermediates\merged_res\debug\mergeDebugResources\values-kk_values-kk.arsc.flat
Compiling XML table C:\Sandbox\androidApp\Baeren\BaerenLock\app\build\intermediates\incremental\debug\mergeDebugResources\merged.dir\values-de\values-de.xml to C:\Sandbox\androidApp\Baeren\BaerenLock\app\build\intermediates\merged_res\debug\mergeDebugResources\values-de_values-de.arsc.flat
Compiling XML table C:\Sandbox\androidApp\Baeren\BaerenLock\app\build\intermediates\incremental\debug\mergeDebugResources\merged.dir\values-is\values-is.xml to C:\Sandbox\androidApp\Baeren\BaerenLock\app\build\intermediates\merged_res\debug\mergeDebugResources\values-is_values-is.arsc.flat
Compiling XML table C:\Sandbox\androidApp\Baeren\BaerenLock\app\build\intermediates\incremental\debug\mergeDebugResources\merged.dir\values-eu\values-eu.xml to C:\Sandbox\androidApp\Baeren\BaerenLock\app\build\intermediates\merged_res\debug\mergeDebugResources\values-eu_values-eu.arsc.flat
Compiling XML table C:\Sandbox\androidApp\Baeren\BaerenLock\app\build\intermediates\incremental\debug\mergeDebugResources\merged.dir\values-el\values-el.xml to C:\Sandbox\androidApp\Baeren\BaerenLock\app\build\intermediates\merged_res\debug\mergeDebugResources\values-el_values-el.arsc.flat
Compiling XML table C:\Sandbox\androidApp\Baeren\BaerenLock\app\build\intermediates\incremental\debug\mergeDebugResources\merged.dir\values-gl\values-gl.xml to C:\Sandbox\androidApp\Baeren\BaerenLock\app\build\intermediates\merged_res\debug\mergeDebugResources\values-gl_values-gl.arsc.flat
Compiling XML table C:\Sandbox\androidApp\Baeren\BaerenLock\app\build\intermediates\incremental\debug\mergeDebugResources\merged.dir\values-or\values-or.xml to C:\Sandbox\androidApp\Baeren\BaerenLock\app\build\intermediates\merged_res\debug\mergeDebugResources\values-or_values-or.arsc.flat
Compiling XML table C:\Sandbox\androidApp\Baeren\BaerenLock\app\build\intermediates\incremental\debug\mergeDebugResources\merged.dir\values-pa\values-pa.xml to C:\Sandbox\androidApp\Baeren\BaerenLock\app\build\intermediates\merged_res\debug\mergeDebugResources\values-pa_values-pa.arsc.flat
Compiling XML table C:\Sandbox\androidApp\Baeren\BaerenLock\app\build\intermediates\incremental\debug\mergeDebugResources\merged.dir\values-it\values-it.xml to C:\Sandbox\androidApp\Baeren\BaerenLock\app\build\intermediates\merged_res\debug\mergeDebugResources\values-it_values-it.arsc.flat
Compiling XML table C:\Sandbox\androidApp\Baeren\BaerenLock\app\build\intermediates\incremental\debug\mergeDebugResources\merged.dir\values-en-rIN\values-en-rIN.xml to C:\Sandbox\androidApp\Baeren\BaerenLock\app\build\intermediates\merged_res\debug\mergeDebugResources\values-en-rIN_values-en-rIN.arsc.flat
Compiling XML table C:\Sandbox\androidApp\Baeren\BaerenLock\app\build\intermediates\incremental\debug\mergeDebugResources\merged.dir\values-ro\values-ro.xml to C:\Sandbox\androidApp\Baeren\BaerenLock\app\build\intermediates\merged_res\debug\mergeDebugResources\values-ro_values-ro.arsc.flat
Compiling XML table C:\Sandbox\androidApp\Baeren\BaerenLock\app\build\intermediates\incremental\debug\mergeDebugResources\merged.dir\values-vi\values-vi.xml to C:\Sandbox\androidApp\Baeren\BaerenLock\app\build\intermediates\merged_res\debug\mergeDebugResources\values-vi_values-vi.arsc.flat
Compiling XML table C:\Sandbox\androidApp\Baeren\BaerenLock\app\build\intermediates\incremental\debug\mergeDebugResources\merged.dir\values-es\values-es.xml to C:\Sandbox\androidApp\Baeren\BaerenLock\app\build\intermediates\merged_res\debug\mergeDebugResources\values-es_values-es.arsc.flat
Compiling XML table C:\Sandbox\androidApp\Baeren\BaerenLock\app\build\intermediates\incremental\debug\mergeDebugResources\merged.dir\values-am\values-am.xml to C:\Sandbox\androidApp\Baeren\BaerenLock\app\build\intermediates\merged_res\debug\mergeDebugResources\values-am_values-am.arsc.flat
Compiling XML table C:\Sandbox\androidApp\Baeren\BaerenLock\app\build\intermediates\incremental\debug\mergeDebugResources\merged.dir\values-lv\values-lv.xml to C:\Sandbox\androidApp\Baeren\BaerenLock\app\build\intermediates\merged_res\debug\mergeDebugResources\values-lv_values-lv.arsc.flat
Compiling XML table C:\Sandbox\androidApp\Baeren\BaerenLock\app\build\intermediates\incremental\debug\mergeDebugResources\merged.dir\values-sw600dp-v13\values-sw600dp-v13.xml to C:\Sandbox\androidApp\Baeren\BaerenLock\app\build\intermediates\merged_res\debug\mergeDebugResources\values-sw600dp-v13_values-sw600dp-v13.arsc.flat
Compiling XML table C:\Sandbox\androidApp\Baeren\BaerenLock\app\build\intermediates\incremental\debug\mergeDebugResources\merged.dir\values-v28\values-v28.xml to C:\Sandbox\androidApp\Baeren\BaerenLock\app\build\intermediates\merged_res\debug\mergeDebugResources\values-v28_values-v28.arsc.flat

Resolve mutations for :app:packageDebugResources (Thread[#2675,Execution worker,5,main]) started.
:app:packageDebugResources (Thread[#2675,Execution worker,5,main]) started.

> Task :app:packageDebugResources
Caching disabled for task ':app:packageDebugResources' because:
  Build cache is disabled
Task ':app:packageDebugResources' is not up-to-date because:
  Output property 'dataBindingLayoutInfoOutFolder' file C:\Sandbox\androidApp\Baeren\BaerenLock\app\build\intermediates\data_binding_layout_info_type_package\debug\packageDebugResources\out has been removed.
  Output property 'incrementalFolder' file C:\Sandbox\androidApp\Baeren\BaerenLock\app\build\intermediates\incremental\debug\packageDebugResources has been removed.
  Output property 'incrementalFolder' file C:\Sandbox\androidApp\Baeren\BaerenLock\app\build\intermediates\incremental\debug\packageDebugResources\compile-file-map.properties has been removed.
  and more...
The input changes require a full rebuild for incremental task ':app:packageDebugResources'.
[MergeResources] Inputs are non-incremental full task action.
Resolve mutations for :app:parseDebugLocalResources (Thread[#2675,Execution worker,5,main]) started.
:app:parseDebugLocalResources (Thread[#2675,Execution worker,5,main]) started.
Resolve mutations for :app:createDebugCompatibleScreenManifests (Thread[#2676,Execution worker Thread 2,5,main]) started.
:app:createDebugCompatibleScreenManifests (Thread[#2676,Execution worker Thread 2,5,main]) started.

> Task :app:createDebugCompatibleScreenManifests
Caching disabled for task ':app:createDebugCompatibleScreenManifests' because:
  Build cache is disabled
  Caching has been disabled for the task
Task ':app:createDebugCompatibleScreenManifests' is not up-to-date because:
  Output property 'outputFolder' file C:\Sandbox\androidApp\Baeren\BaerenLock\app\build\intermediates\compatible_screen_manifest\debug\createDebugCompatibleScreenManifests has been removed.
  Output property 'outputFolder' file C:\Sandbox\androidApp\Baeren\BaerenLock\app\build\intermediates\compatible_screen_manifest\debug\createDebugCompatibleScreenManifests\output-metadata.json has been removed.
Resolve mutations for :app:extractDeepLinksDebug (Thread[#2676,Execution worker Thread 2,5,main]) started.
:app:extractDeepLinksDebug (Thread[#2676,Execution worker Thread 2,5,main]) started.

> Task :app:extractDeepLinksDebug
Caching disabled for task ':app:extractDeepLinksDebug' because:
  Build cache is disabled
Task ':app:extractDeepLinksDebug' is not up-to-date because:
  Output property 'navigationJson' file C:\Sandbox\androidApp\Baeren\BaerenLock\app\build\intermediates\navigation_json\debug\extractDeepLinksDebug\navigation.json has been removed.
Resolve mutations for :app:processDebugMainManifest (Thread[#2676,Execution worker Thread 2,5,main]) started.
:app:processDebugMainManifest (Thread[#2676,Execution worker Thread 2,5,main]) started.

> Task :app:parseDebugLocalResources
Caching disabled for task ':app:parseDebugLocalResources' because:
  Build cache is disabled
Task ':app:parseDebugLocalResources' is not up-to-date because:
  Output property 'librarySymbolsFile' file C:\Sandbox\androidApp\Baeren\BaerenLock\app\build\intermediates\local_only_symbol_list\debug\parseDebugLocalResources\R-def.txt has been removed.
The input changes require a full rebuild for incremental task ':app:parseDebugLocalResources'.

> Task :app:mergeDebugResources
Compiling XML table C:\Sandbox\androidApp\Baeren\BaerenLock\app\build\intermediates\incremental\debug\mergeDebugResources\merged.dir\values-iw\values-iw.xml to C:\Sandbox\androidApp\Baeren\BaerenLock\app\build\intermediates\merged_res\debug\mergeDebugResources\values-iw_values-iw.arsc.flat
Compiling XML table C:\Sandbox\androidApp\Baeren\BaerenLock\app\build\intermediates\incremental\debug\mergeDebugResources\merged.dir\values-lt\values-lt.xml to C:\Sandbox\androidApp\Baeren\BaerenLock\app\build\intermediates\merged_res\debug\mergeDebugResources\values-lt_values-lt.arsc.flat
Compiling file C:\Sandbox\androidApp\Baeren\BaerenLock\app\src\main\res\drawable\bg_b_4_orig.jpg to C:\Sandbox\androidApp\Baeren\BaerenLock\app\build\intermediates\merged_res\debug\mergeDebugResources\drawable_bg_b_4_orig.jpg.flat
Compiling XML table C:\Sandbox\androidApp\Baeren\BaerenLock\app\build\intermediates\incremental\debug\mergeDebugResources\merged.dir\values-pl\values-pl.xml to C:\Sandbox\androidApp\Baeren\BaerenLock\app\build\intermediates\merged_res\debug\mergeDebugResources\values-pl_values-pl.arsc.flat
Compiling XML table C:\Sandbox\androidApp\Baeren\BaerenLock\app\build\intermediates\incremental\debug\mergeDebugResources\merged.dir\values-nb\values-nb.xml to C:\Sandbox\androidApp\Baeren\BaerenLock\app\build\intermediates\merged_res\debug\mergeDebugResources\values-nb_values-nb.arsc.flat
Compiling file C:\Sandbox\androidApp\Baeren\BaerenLock\app\src\main\res\mipmap-hdpi\ic_launcher.webp to C:\Sandbox\androidApp\Baeren\BaerenLock\app\build\intermediates\merged_res\debug\mergeDebugResources\mipmap-hdpi_ic_launcher.webp.flat
Compiling XML table C:\Sandbox\androidApp\Baeren\BaerenLock\app\build\intermediates\incremental\debug\mergeDebugResources\merged.dir\values-land\values-land.xml to C:\Sandbox\androidApp\Baeren\BaerenLock\app\build\intermediates\merged_res\debug\mergeDebugResources\values-land_values-land.arsc.flat
Compiling file C:\Sandbox\androidApp\Baeren\BaerenLock\app\src\main\res\mipmap-xxhdpi\ic_launcher_foreground.webp to C:\Sandbox\androidApp\Baeren\BaerenLock\app\build\intermediates\merged_res\debug\mergeDebugResources\mipmap-xxhdpi_ic_launcher_foreground.webp.flat
Compiling XML table C:\Sandbox\androidApp\Baeren\BaerenLock\app\build\intermediates\incremental\debug\mergeDebugResources\merged.dir\values-night-v8\values-night-v8.xml to C:\Sandbox\androidApp\Baeren\BaerenLock\app\build\intermediates\merged_res\debug\mergeDebugResources\values-night-v8_values-night-v8.arsc.flat
Compiling XML table C:\Sandbox\androidApp\Baeren\BaerenLock\app\build\intermediates\incremental\debug\mergeDebugResources\merged.dir\values-bg\values-bg.xml to C:\Sandbox\androidApp\Baeren\BaerenLock\app\build\intermediates\merged_res\debug\mergeDebugResources\values-bg_values-bg.arsc.flat
Compiling file C:\Sandbox\androidApp\Baeren\BaerenLock\app\src\main\res\mipmap-xxxhdpi\ic_launcher.webp to C:\Sandbox\androidApp\Baeren\BaerenLock\app\build\intermediates\merged_res\debug\mergeDebugResources\mipmap-xxxhdpi_ic_launcher.webp.flat
Compiling xml file C:\Sandbox\androidApp\Baeren\BaerenLock\app\src\main\res\drawable\ic_settings.xml to C:\Sandbox\androidApp\Baeren\BaerenLock\app\build\intermediates\merged_res\debug\mergeDebugResources\drawable_ic_settings.xml.flat
Compiling XML table C:\Sandbox\androidApp\Baeren\BaerenLock\app\build\intermediates\incremental\debug\mergeDebugResources\merged.dir\values-port\values-port.xml to C:\Sandbox\androidApp\Baeren\BaerenLock\app\build\intermediates\merged_res\debug\mergeDebugResources\values-port_values-port.arsc.flat
Compiling file C:\Sandbox\androidApp\Baeren\BaerenLock\app\src\main\res\drawable\bg_a_6_orig.jpg to C:\Sandbox\androidApp\Baeren\BaerenLock\app\build\intermediates\merged_res\debug\mergeDebugResources\drawable_bg_a_6_orig.jpg.flat
Compiling XML table C:\Sandbox\androidApp\Baeren\BaerenLock\app\build\intermediates\incremental\debug\mergeDebugResources\merged.dir\values-ne\values-ne.xml to C:\Sandbox\androidApp\Baeren\BaerenLock\app\build\intermediates\merged_res\debug\mergeDebugResources\values-ne_values-ne.arsc.flat
Compiling xml file C:\Sandbox\androidApp\Baeren\BaerenLock\app\src\main\res\xml\backup_rules.xml to C:\Sandbox\androidApp\Baeren\BaerenLock\app\build\intermediates\merged_res\debug\mergeDebugResources\xml_backup_rules.xml.flat
Compiling XML table C:\Sandbox\androidApp\Baeren\BaerenLock\app\build\intermediates\incremental\debug\mergeDebugResources\merged.dir\values-ru\values-ru.xml to C:\Sandbox\androidApp\Baeren\BaerenLock\app\build\intermediates\merged_res\debug\mergeDebugResources\values-ru_values-ru.arsc.flat
Compiling xml file C:\Sandbox\androidApp\Baeren\BaerenLock\app\src\main\res\xml\accessibility_service_config.xml to C:\Sandbox\androidApp\Baeren\BaerenLock\app\build\intermediates\merged_res\debug\mergeDebugResources\xml_accessibility_service_config.xml.flat
Compiling xml file C:\Sandbox\androidApp\Baeren\BaerenLock\app\src\main\res\mipmap-anydpi-v26\ic_launcher_round.xml to C:\Sandbox\androidApp\Baeren\BaerenLock\app\build\intermediates\merged_res\debug\mergeDebugResources\mipmap-anydpi-v26_ic_launcher_round.xml.flat
Compiling file C:\Sandbox\androidApp\Baeren\BaerenLock\app\src\main\res\mipmap-hdpi\ic_launcher_foreground.webp to C:\Sandbox\androidApp\Baeren\BaerenLock\app\build\intermediates\merged_res\debug\mergeDebugResources\mipmap-hdpi_ic_launcher_foreground.webp.flat
Compiling XML table C:\Sandbox\androidApp\Baeren\BaerenLock\app\build\intermediates\incremental\debug\mergeDebugResources\merged.dir\values-sw\values-sw.xml to C:\Sandbox\androidApp\Baeren\BaerenLock\app\build\intermediates\merged_res\debug\mergeDebugResources\values-sw_values-sw.arsc.flat
Compiling XML table C:\Sandbox\androidApp\Baeren\BaerenLock\app\build\intermediates\incremental\debug\mergeDebugResources\merged.dir\values-gu\values-gu.xml to C:\Sandbox\androidApp\Baeren\BaerenLock\app\build\intermediates\merged_res\debug\mergeDebugResources\values-gu_values-gu.arsc.flat
Compiling XML table C:\Sandbox\androidApp\Baeren\BaerenLock\app\build\intermediates\incremental\debug\mergeDebugResources\merged.dir\values-b+sr+Latn\values-b+sr+Latn.xml to C:\Sandbox\androidApp\Baeren\BaerenLock\app\build\intermediates\merged_res\debug\mergeDebugResources\values-b+sr+Latn_values-b+sr+Latn.arsc.flat
Compiling xml file C:\Sandbox\androidApp\Baeren\BaerenLock\app\src\main\res\xml\data_extraction_rules.xml to C:\Sandbox\androidApp\Baeren\BaerenLock\app\build\intermediates\merged_res\debug\mergeDebugResources\xml_data_extraction_rules.xml.flat
Compiling XML table C:\Sandbox\androidApp\Baeren\BaerenLock\app\build\intermediates\incremental\debug\mergeDebugResources\merged.dir\values-ko\values-ko.xml to C:\Sandbox\androidApp\Baeren\BaerenLock\app\build\intermediates\merged_res\debug\mergeDebugResources\values-ko_values-ko.arsc.flat
Compiling XML table C:\Sandbox\androidApp\Baeren\BaerenLock\app\build\intermediates\incremental\debug\mergeDebugResources\merged.dir\values-kn\values-kn.xml to C:\Sandbox\androidApp\Baeren\BaerenLock\app\build\intermediates\merged_res\debug\mergeDebugResources\values-kn_values-kn.arsc.flat
Compiling xml file C:\Sandbox\androidApp\Baeren\BaerenLock\app\src\main\res\drawable\ic_launcher_background.xml to C:\Sandbox\androidApp\Baeren\BaerenLock\app\build\intermediates\merged_res\debug\mergeDebugResources\drawable_ic_launcher_background.xml.flat
Compiling file C:\Sandbox\androidApp\Baeren\BaerenLock\app\src\main\res\mipmap-xxhdpi\ic_launcher_round.webp to C:\Sandbox\androidApp\Baeren\BaerenLock\app\build\intermediates\merged_res\debug\mergeDebugResources\mipmap-xxhdpi_ic_launcher_round.webp.flat
Compiling file C:\Sandbox\androidApp\Baeren\BaerenLock\app\src\main\res\drawable\bg_a_4_orig.jpg to C:\Sandbox\androidApp\Baeren\BaerenLock\app\build\intermediates\merged_res\debug\mergeDebugResources\drawable_bg_a_4_orig.jpg.flat
Compiling file C:\Sandbox\androidApp\Baeren\BaerenLock\app\src\main\res\drawable\bg_a_1_orig.jpg to C:\Sandbox\androidApp\Baeren\BaerenLock\app\build\intermediates\merged_res\debug\mergeDebugResources\drawable_bg_a_1_orig.jpg.flat
Compiling file C:\Sandbox\androidApp\Baeren\BaerenLock\app\src\main\res\mipmap-hdpi\ic_launcher_round.webp to C:\Sandbox\androidApp\Baeren\BaerenLock\app\build\intermediates\merged_res\debug\mergeDebugResources\mipmap-hdpi_ic_launcher_round.webp.flat
Compiling xml file C:\Sandbox\androidApp\Baeren\BaerenLock\app\src\main\res\drawable\exit_launcher.xml to C:\Sandbox\androidApp\Baeren\BaerenLock\app\build\intermediates\merged_res\debug\mergeDebugResources\drawable_exit_launcher.xml.flat
Compiling file C:\Sandbox\androidApp\Baeren\BaerenLock\app\src\main\res\drawable\bg_b_3_orig.jpg to C:\Sandbox\androidApp\Baeren\BaerenLock\app\build\intermediates\merged_res\debug\mergeDebugResources\drawable_bg_b_3_orig.jpg.flat
Compiling XML table C:\Sandbox\androidApp\Baeren\BaerenLock\app\build\intermediates\incremental\debug\mergeDebugResources\merged.dir\values-be\values-be.xml to C:\Sandbox\androidApp\Baeren\BaerenLock\app\build\intermediates\merged_res\debug\mergeDebugResources\values-be_values-be.arsc.flat
Compiling file C:\Sandbox\androidApp\Baeren\BaerenLock\app\src\main\res\drawable\bg_a_5_orig.jpg to C:\Sandbox\androidApp\Baeren\BaerenLock\app\build\intermediates\merged_res\debug\mergeDebugResources\drawable_bg_a_5_orig.jpg.flat
Compiling file C:\Sandbox\androidApp\Baeren\BaerenLock\app\src\main\res\mipmap-xxxhdpi\ic_launcher_round.webp to C:\Sandbox\androidApp\Baeren\BaerenLock\app\build\intermediates\merged_res\debug\mergeDebugResources\mipmap-xxxhdpi_ic_launcher_round.webp.flat
Compiling XML table C:\Sandbox\androidApp\Baeren\BaerenLock\app\build\intermediates\incremental\debug\mergeDebugResources\merged.dir\values-uk\values-uk.xml to C:\Sandbox\androidApp\Baeren\BaerenLock\app\build\intermediates\merged_res\debug\mergeDebugResources\values-uk_values-uk.arsc.flat
Compiling XML table C:\Sandbox\androidApp\Baeren\BaerenLock\app\build\intermediates\incremental\debug\mergeDebugResources\merged.dir\values-mk\values-mk.xml to C:\Sandbox\androidApp\Baeren\BaerenLock\app\build\intermediates\merged_res\debug\mergeDebugResources\values-mk_values-mk.arsc.flat
Compiling XML table C:\Sandbox\androidApp\Baeren\BaerenLock\app\build\intermediates\incremental\debug\mergeDebugResources\merged.dir\values-ky\values-ky.xml to C:\Sandbox\androidApp\Baeren\BaerenLock\app\build\intermediates\merged_res\debug\mergeDebugResources\values-ky_values-ky.arsc.flat
Compiling XML table C:\Sandbox\androidApp\Baeren\BaerenLock\app\build\intermediates\incremental\debug\mergeDebugResources\merged.dir\values-ur\values-ur.xml to C:\Sandbox\androidApp\Baeren\BaerenLock\app\build\intermediates\merged_res\debug\mergeDebugResources\values-ur_values-ur.arsc.flat
Compiling XML table C:\Sandbox\androidApp\Baeren\BaerenLock\app\build\intermediates\incremental\debug\mergeDebugResources\merged.dir\values-bn\values-bn.xml to C:\Sandbox\androidApp\Baeren\BaerenLock\app\build\intermediates\merged_res\debug\mergeDebugResources\values-bn_values-bn.arsc.flat
Compiling file C:\Sandbox\androidApp\Baeren\BaerenLock\app\src\main\res\mipmap-xxxhdpi\ic_launcher_foreground.webp to C:\Sandbox\androidApp\Baeren\BaerenLock\app\build\intermediates\merged_res\debug\mergeDebugResources\mipmap-xxxhdpi_ic_launcher_foreground.webp.flat
Compiling XML table C:\Sandbox\androidApp\Baeren\BaerenLock\app\build\intermediates\incremental\debug\mergeDebugResources\merged.dir\values-pt-rBR\values-pt-rBR.xml to C:\Sandbox\androidApp\Baeren\BaerenLock\app\build\intermediates\merged_res\debug\mergeDebugResources\values-pt-rBR_values-pt-rBR.arsc.flat
Compiling file C:\Sandbox\androidApp\Baeren\BaerenLock\app\src\main\res\mipmap-xxhdpi\ic_launcher.webp to C:\Sandbox\androidApp\Baeren\BaerenLock\app\build\intermediates\merged_res\debug\mergeDebugResources\mipmap-xxhdpi_ic_launcher.webp.flat
Compiling XML table C:\Sandbox\androidApp\Baeren\BaerenLock\app\build\intermediates\incremental\debug\mergeDebugResources\merged.dir\values-zh-rCN\values-zh-rCN.xml to C:\Sandbox\androidApp\Baeren\BaerenLock\app\build\intermediates\merged_res\debug\mergeDebugResources\values-zh-rCN_values-zh-rCN.arsc.flat
Compiling xml file C:\Sandbox\androidApp\Baeren\BaerenLock\app\src\main\res\layout\activity_settings.xml to C:\Sandbox\androidApp\Baeren\BaerenLock\app\build\intermediates\merged_res\debug\mergeDebugResources\layout_activity_settings.xml.flat
Compiling XML table C:\Sandbox\androidApp\Baeren\BaerenLock\app\build\intermediates\incremental\debug\mergeDebugResources\merged.dir\values-nl\values-nl.xml to C:\Sandbox\androidApp\Baeren\BaerenLock\app\build\intermediates\merged_res\debug\mergeDebugResources\values-nl_values-nl.arsc.flat
Compiling XML table C:\Sandbox\androidApp\Baeren\BaerenLock\app\build\intermediates\incremental\debug\mergeDebugResources\merged.dir\values-ar\values-ar.xml to C:\Sandbox\androidApp\Baeren\BaerenLock\app\build\intermediates\merged_res\debug\mergeDebugResources\values-ar_values-ar.arsc.flat
Compiling XML table C:\Sandbox\androidApp\Baeren\BaerenLock\app\build\intermediates\incremental\debug\mergeDebugResources\merged.dir\values-mn\values-mn.xml to C:\Sandbox\androidApp\Baeren\BaerenLock\app\build\intermediates\merged_res\debug\mergeDebugResources\values-mn_values-mn.arsc.flat
Compiling XML table C:\Sandbox\androidApp\Baeren\BaerenLock\app\build\intermediates\incremental\debug\mergeDebugResources\merged.dir\values-ta\values-ta.xml to C:\Sandbox\androidApp\Baeren\BaerenLock\app\build\intermediates\merged_res\debug\mergeDebugResources\values-ta_values-ta.arsc.flat
Compiling XML table C:\Sandbox\androidApp\Baeren\BaerenLock\app\build\intermediates\incremental\debug\mergeDebugResources\merged.dir\values-fa\values-fa.xml to C:\Sandbox\androidApp\Baeren\BaerenLock\app\build\intermediates\merged_res\debug\mergeDebugResources\values-fa_values-fa.arsc.flat
Compiling XML table C:\Sandbox\androidApp\Baeren\BaerenLock\app\build\intermediates\incremental\debug\mergeDebugResources\merged.dir\values-cs\values-cs.xml to C:\Sandbox\androidApp\Baeren\BaerenLock\app\build\intermediates\merged_res\debug\mergeDebugResources\values-cs_values-cs.arsc.flat
Compiling XML table C:\Sandbox\androidApp\Baeren\BaerenLock\app\build\intermediates\incremental\debug\mergeDebugResources\merged.dir\values-uz\values-uz.xml to C:\Sandbox\androidApp\Baeren\BaerenLock\app\build\intermediates\merged_res\debug\mergeDebugResources\values-uz_values-uz.arsc.flat
Compiling file C:\Sandbox\androidApp\Baeren\BaerenLock\app\src\main\res\mipmap-xhdpi\ic_launcher_round.webp to C:\Sandbox\androidApp\Baeren\BaerenLock\app\build\intermediates\merged_res\debug\mergeDebugResources\mipmap-xhdpi_ic_launcher_round.webp.flat
Compiling xml file C:\Sandbox\androidApp\Baeren\BaerenLock\app\src\main\res\mipmap-anydpi-v26\ic_launcher.xml to C:\Sandbox\androidApp\Baeren\BaerenLock\app\build\intermediates\merged_res\debug\mergeDebugResources\mipmap-anydpi-v26_ic_launcher.xml.flat
Compiling XML table C:\Sandbox\androidApp\Baeren\BaerenLock\app\build\intermediates\incremental\debug\mergeDebugResources\merged.dir\values-en-rCA\values-en-rCA.xml to C:\Sandbox\androidApp\Baeren\BaerenLock\app\build\intermediates\merged_res\debug\mergeDebugResources\values-en-rCA_values-en-rCA.arsc.flat
Compiling XML table C:\Sandbox\androidApp\Baeren\BaerenLock\app\build\intermediates\incremental\debug\mergeDebugResources\merged.dir\values-en-rXC\values-en-rXC.xml to C:\Sandbox\androidApp\Baeren\BaerenLock\app\build\intermediates\merged_res\debug\mergeDebugResources\values-en-rXC_values-en-rXC.arsc.flat
Compiling XML table C:\Sandbox\androidApp\Baeren\BaerenLock\app\build\intermediates\incremental\debug\mergeDebugResources\merged.dir\values-mr\values-mr.xml to C:\Sandbox\androidApp\Baeren\BaerenLock\app\build\intermediates\merged_res\debug\mergeDebugResources\values-mr_values-mr.arsc.flat
Compiling xml file C:\Sandbox\androidApp\Baeren\BaerenLock\app\src\main\res\drawable\bg_a_3.xml to C:\Sandbox\androidApp\Baeren\BaerenLock\app\build\intermediates\merged_res\debug\mergeDebugResources\drawable_bg_a_3.xml.flat
Compiling XML table C:\Sandbox\androidApp\Baeren\BaerenLock\app\build\intermediates\incremental\debug\mergeDebugResources\merged.dir\values-fr\values-fr.xml to C:\Sandbox\androidApp\Baeren\BaerenLock\app\build\intermediates\merged_res\debug\mergeDebugResources\values-fr_values-fr.arsc.flat
Compiling file C:\Sandbox\androidApp\Baeren\BaerenLock\app\src\main\res\drawable\bg_b_1_orig.jpg to C:\Sandbox\androidApp\Baeren\BaerenLock\app\build\intermediates\merged_res\debug\mergeDebugResources\drawable_bg_b_1_orig.jpg.flat
Compiling XML table C:\Sandbox\androidApp\Baeren\BaerenLock\app\build\intermediates\incremental\debug\mergeDebugResources\merged.dir\values-ml\values-ml.xml to C:\Sandbox\androidApp\Baeren\BaerenLock\app\build\intermediates\merged_res\debug\mergeDebugResources\values-ml_values-ml.arsc.flat
Compiling XML table C:\Sandbox\androidApp\Baeren\BaerenLock\app\build\intermediates\incremental\debug\mergeDebugResources\merged.dir\values-large-v4\values-large-v4.xml to C:\Sandbox\androidApp\Baeren\BaerenLock\app\build\intermediates\merged_res\debug\mergeDebugResources\values-large-v4_values-large-v4.arsc.flat
Compiling XML table C:\Sandbox\androidApp\Baeren\BaerenLock\app\build\intermediates\incremental\debug\mergeDebugResources\merged.dir\values-h720dp-v13\values-h720dp-v13.xml to C:\Sandbox\androidApp\Baeren\BaerenLock\app\build\intermediates\merged_res\debug\mergeDebugResources\values-h720dp-v13_values-h720dp-v13.arsc.flat
Compiling file C:\Sandbox\androidApp\Baeren\BaerenLock\app\src\main\res\mipmap-xhdpi\ic_launcher.webp to C:\Sandbox\androidApp\Baeren\BaerenLock\app\build\intermediates\merged_res\debug\mergeDebugResources\mipmap-xhdpi_ic_launcher.webp.flat
Compiling file C:\Sandbox\androidApp\Baeren\BaerenLock\app\src\main\res\drawable\bg_b_2_orig.jpg to C:\Sandbox\androidApp\Baeren\BaerenLock\app\build\intermediates\merged_res\debug\mergeDebugResources\drawable_bg_b_2_orig.jpg.flat
Compiling xml file C:\Sandbox\androidApp\Baeren\BaerenLock\app\src\main\res\xml\device_admin_policies.xml to C:\Sandbox\androidApp\Baeren\BaerenLock\app\build\intermediates\merged_res\debug\mergeDebugResources\xml_device_admin_policies.xml.flat
Compiling file C:\Sandbox\androidApp\Baeren\BaerenLock\app\src\main\res\mipmap-xhdpi\ic_launcher_foreground.webp to C:\Sandbox\androidApp\Baeren\BaerenLock\app\build\intermediates\merged_res\debug\mergeDebugResources\mipmap-xhdpi_ic_launcher_foreground.webp.flat
Compiling file C:\Sandbox\androidApp\Baeren\BaerenLock\app\src\main\res\drawable\bg_a_3_orig.jpg to C:\Sandbox\androidApp\Baeren\BaerenLock\app\build\intermediates\merged_res\debug\mergeDebugResources\drawable_bg_a_3_orig.jpg.flat
Compiling xml file C:\Sandbox\androidApp\Baeren\BaerenLock\app\src\main\res\drawable\bg_a_1.xml to C:\Sandbox\androidApp\Baeren\BaerenLock\app\build\intermediates\merged_res\debug\mergeDebugResources\drawable_bg_a_1.xml.flat
Compiling XML table C:\Sandbox\androidApp\Baeren\BaerenLock\app\build\intermediates\incremental\debug\mergeDebugResources\merged.dir\values-fi\values-fi.xml to C:\Sandbox\androidApp\Baeren\BaerenLock\app\build\intermediates\merged_res\debug\mergeDebugResources\values-fi_values-fi.arsc.flat
Compiling XML table C:\Sandbox\androidApp\Baeren\BaerenLock\app\build\intermediates\incremental\debug\mergeDebugResources\merged.dir\values-fr-rCA\values-fr-rCA.xml to C:\Sandbox\androidApp\Baeren\BaerenLock\app\build\intermediates\merged_res\debug\mergeDebugResources\values-fr-rCA_values-fr-rCA.arsc.flat
Compiling file C:\Sandbox\androidApp\Baeren\BaerenLock\app\src\main\res\mipmap-mdpi\ic_launcher_round.webp to C:\Sandbox\androidApp\Baeren\BaerenLock\app\build\intermediates\merged_res\debug\mergeDebugResources\mipmap-mdpi_ic_launcher_round.webp.flat
Compiling file C:\Sandbox\androidApp\Baeren\BaerenLock\app\src\main\res\drawable\bg_a_2_orig.jpg to C:\Sandbox\androidApp\Baeren\BaerenLock\app\build\intermediates\merged_res\debug\mergeDebugResources\drawable_bg_a_2_orig.jpg.flat
Compiling file C:\Sandbox\androidApp\Baeren\BaerenLock\app\src\main\res\mipmap-mdpi\ic_launcher.webp to C:\Sandbox\androidApp\Baeren\BaerenLock\app\build\intermediates\merged_res\debug\mergeDebugResources\mipmap-mdpi_ic_launcher.webp.flat
Compiling xml file C:\Sandbox\androidApp\Baeren\BaerenLock\app\src\main\res\drawable\bg_a_2.xml to C:\Sandbox\androidApp\Baeren\BaerenLock\app\build\intermediates\merged_res\debug\mergeDebugResources\drawable_bg_a_2.xml.flat
Compiling XML table C:\Sandbox\androidApp\Baeren\BaerenLock\app\build\intermediates\incremental\debug\mergeDebugResources\merged.dir\values-hdpi-v4\values-hdpi-v4.xml to C:\Sandbox\androidApp\Baeren\BaerenLock\app\build\intermediates\merged_res\debug\mergeDebugResources\values-hdpi-v4_values-hdpi-v4.arsc.flat
Compiling xml file C:\Sandbox\androidApp\Baeren\BaerenLock\app\src\main\res\drawable\ic_launcher_foreground.xml to C:\Sandbox\androidApp\Baeren\BaerenLock\app\build\intermediates\merged_res\debug\mergeDebugResources\drawable_ic_launcher_foreground.xml.flat
Compiling file C:\Sandbox\androidApp\Baeren\BaerenLock\app\src\main\res\mipmap-mdpi\ic_launcher_foreground.webp to C:\Sandbox\androidApp\Baeren\BaerenLock\app\build\intermediates\merged_res\debug\mergeDebugResources\mipmap-mdpi_ic_launcher_foreground.webp.flat

> Task :app:processDebugMainManifest
Caching disabled for task ':app:processDebugMainManifest' because:
  Build cache is disabled
Task ':app:processDebugMainManifest' is not up-to-date because:
  Output property 'mergeBlameFile' file C:\Sandbox\androidApp\Baeren\BaerenLock\app\build\intermediates\manifest_merge_blame_file\debug\processDebugMainManifest\manifest-merger-blame-debug-report.txt has been removed.
  Output property 'mergedManifest' file C:\Sandbox\androidApp\Baeren\BaerenLock\app\build\intermediates\merged_manifest\debug\processDebugMainManifest\AndroidManifest.xml has been removed.
  Output property 'reportFile' file C:\Sandbox\androidApp\Baeren\BaerenLock\app\build\outputs\logs\manifest-merger-debug-report.txt has been removed.
package="com.talq2me.baerenlock" found in source AndroidManifest.xml: C:\Sandbox\androidApp\Baeren\BaerenLock\app\src\main\AndroidManifest.xml.
Setting the namespace via the package attribute in the source AndroidManifest.xml is no longer supported, and the value is ignored.
Recommendation: remove package="com.talq2me.baerenlock" from the source AndroidManifest.xml: C:\Sandbox\androidApp\Baeren\BaerenLock\app\src\main\AndroidManifest.xml.
Loading library manifest C:\Users\talqu\.gradle\caches\8.13\transforms\0c55db39a79a265c4e8e214eabc3133f\transformed\appcompat-resources-1.7.1\AndroidManifest.xml
Loading library manifest C:\Users\talqu\.gradle\caches\8.13\transforms\f987564d32cead6a188a7d1e66aec8b9\transformed\appcompat-1.7.1\AndroidManifest.xml
Loading library manifest C:\Users\talqu\.gradle\caches\8.13\transforms\32777180a574ff49ab98fa45f7ffdd28\transformed\fragment-1.5.4\AndroidManifest.xml
Loading library manifest C:\Users\talqu\.gradle\caches\8.13\transforms\c8cc08d39f2a7ed4e2af597d6aed4000\transformed\material3-release\AndroidManifest.xml
Loading library manifest C:\Users\talqu\.gradle\caches\8.13\transforms\5fe9c781accd59baebad1c407eb09e8b\transformed\material-release\AndroidManifest.xml
Loading library manifest C:\Users\talqu\.gradle\caches\8.13\transforms\c64983e2898f4eef31a03cf5142c64e8\transformed\material-ripple-release\AndroidManifest.xml
Loading library manifest C:\Users\talqu\.gradle\caches\8.13\transforms\d9896373b633367cadc50e854a9c8b7c\transformed\foundation-release\AndroidManifest.xml
Loading library manifest C:\Users\talqu\.gradle\caches\8.13\transforms\7458c3999302e0d83ffdb15c20f9ad9f\transformed\animation-release\AndroidManifest.xml
Loading library manifest C:\Users\talqu\.gradle\caches\8.13\transforms\9927ad6fdbcbb8bf3c26afd30c38e92c\transformed\foundation-layout-release\AndroidManifest.xml
Loading library manifest C:\Users\talqu\.gradle\caches\8.13\transforms\d825f9abd1530e8c0616d53d35f8cc26\transformed\animation-core-release\AndroidManifest.xml
Loading library manifest C:\Users\talqu\.gradle\caches\8.13\transforms\04543f8f7e5a9bac7853bd4f1f851001\transformed\ui-tooling-data-release\AndroidManifest.xml
Loading library manifest C:\Users\talqu\.gradle\caches\8.13\transforms\72c859c84903297f31a4ef11a6f65b7d\transformed\ui-unit-release\AndroidManifest.xml
Loading library manifest C:\Users\talqu\.gradle\caches\8.13\transforms\0426111c09f3a64e86d49393ce7d8a86\transformed\ui-geometry-release\AndroidManifest.xml
Loading library manifest C:\Users\talqu\.gradle\caches\8.13\transforms\6129bf6a933bc3e542a753be8132e79f\transformed\ui-util-release\AndroidManifest.xml
Loading library manifest C:\Users\talqu\.gradle\caches\8.13\transforms\1ebf63ba014541033e3695d73932a8a8\transformed\ui-text-release\AndroidManifest.xml
Loading library manifest C:\Users\talqu\.gradle\caches\8.13\transforms\67e4ca62ea69fa18b78e0211e2d95fab\transformed\ui-tooling-preview-release\AndroidManifest.xml
Loading library manifest C:\Users\talqu\.gradle\caches\8.13\transforms\e5f0bfb20d7373f7877fb3931fc1f764\transformed\ui-tooling-release\AndroidManifest.xml
Loading library manifest C:\Users\talqu\.gradle\caches\8.13\transforms\ea69e9e07c0b5c2c62d930ec04af1cfd\transformed\ui-graphics-release\AndroidManifest.xml
Loading library manifest C:\Users\talqu\.gradle\caches\8.13\transforms\00de8fefc58e66f843eff7f07c526968\transformed\ui-test-manifest-1.7.0\AndroidManifest.xml
Loading library manifest C:\Users\talqu\.gradle\caches\8.13\transforms\c05827f4a788b1f9e06a234570a33ef5\transformed\activity-1.8.2\AndroidManifest.xml
Loading library manifest C:\Users\talqu\.gradle\caches\8.13\transforms\14da9baf6797708bb2e3610dd196afbb\transformed\activity-ktx-1.8.2\AndroidManifest.xml
Loading library manifest C:\Users\talqu\.gradle\caches\8.13\transforms\0e80c0d2b5b43388d44b55bb5e137f48\transformed\activity-compose-1.8.2\AndroidManifest.xml
Loading library manifest C:\Users\talqu\.gradle\caches\8.13\transforms\58e48e54a551bdfef19bfdb0c21b96ad\transformed\material-icons-core-release\AndroidManifest.xml
Loading library manifest C:\Users\talqu\.gradle\caches\8.13\transforms\990d6a524d960ae518df18476b85a858\transformed\ui-release\AndroidManifest.xml
Loading library manifest C:\Users\talqu\.gradle\caches\8.13\transforms\226bf6386960929b0bab6e43b830ec49\transformed\savedstate-ktx-1.2.1\AndroidManifest.xml
Loading library manifest C:\Users\talqu\.gradle\caches\8.13\transforms\44e51eca128648827323c344ee36d075\transformed\loader-1.0.0\AndroidManifest.xml
Loading library manifest C:\Users\talqu\.gradle\caches\8.13\transforms\c80459077099529ee54644d4a3e055a2\transformed\emoji2-views-helper-1.3.0\AndroidManifest.xml
Loading library manifest C:\Users\talqu\.gradle\caches\8.13\transforms\4642f5049670721953d5c38e009d8743\transformed\emoji2-1.3.0\AndroidManifest.xml
Loading library manifest C:\Users\talqu\.gradle\caches\8.13\transforms\afb432ab268bb5b610c9776e99c8b31a\transformed\recyclerview-1.3.2\AndroidManifest.xml
Loading library manifest C:\Users\talqu\.gradle\caches\8.13\transforms\03cdc8832581e40cb3102ca0cba6b6aa\transformed\drawerlayout-1.0.0\AndroidManifest.xml
Loading library manifest C:\Users\talqu\.gradle\caches\8.13\transforms\ade2c6bd4e5d89d739f08478c50c323a\transformed\viewpager-1.0.0\AndroidManifest.xml
Loading library manifest C:\Users\talqu\.gradle\caches\8.13\transforms\0ae2757ff042ddbfaa9f44d26126c537\transformed\customview-1.0.0\AndroidManifest.xml
Loading library manifest C:\Users\talqu\.gradle\caches\8.13\transforms\83e9262381005d771cf0370599c81252\transformed\vectordrawable-animated-1.1.0\AndroidManifest.xml
Loading library manifest C:\Users\talqu\.gradle\caches\8.13\transforms\5bd5e7ecfdd4fe3913eb17c6b2ceb5d4\transformed\vectordrawable-1.1.0\AndroidManifest.xml
Loading library manifest C:\Users\talqu\.gradle\caches\8.13\transforms\94dbd4d317d290677386a0abb387b0ea\transformed\autofill-1.0.0\AndroidManifest.xml
Loading library manifest C:\Users\talqu\.gradle\caches\8.13\transforms\b4effb8dd75b18cc2658a3c175674642\transformed\graphics-path-1.0.1\AndroidManifest.xml
Loading library manifest C:\Users\talqu\.gradle\caches\8.13\transforms\dddbefaa86ad6b659d1c0da790bc3fe8\transformed\customview-poolingcontainer-1.0.0\AndroidManifest.xml
Loading library manifest C:\Users\talqu\.gradle\caches\8.13\transforms\30bf77e1c1f9b37ac06eef37f89f9e6c\transformed\core-ktx-1.13.1\AndroidManifest.xml
Loading library manifest C:\Users\talqu\.gradle\caches\8.13\transforms\af4ea84f64a8197dda02ef6b7a08a250\transformed\core-1.13.1\AndroidManifest.xml
Loading library manifest C:\Users\talqu\.gradle\caches\8.13\transforms\664a065bbc9d06baadc97aad08552367\transformed\lifecycle-viewmodel-2.8.3\AndroidManifest.xml
Loading library manifest C:\Users\talqu\.gradle\caches\8.13\transforms\7455337bc66d60b35b51b034361c45f5\transformed\lifecycle-viewmodel-release\AndroidManifest.xml
Loading library manifest C:\Users\talqu\.gradle\caches\8.13\transforms\c8dda6884e0b043cd49cbc9a62f809bf\transformed\lifecycle-livedata-core-ktx-2.8.3\AndroidManifest.xml
Loading library manifest C:\Users\talqu\.gradle\caches\8.13\transforms\bbd42c49f4accd20beb8efa69d3302c4\transformed\lifecycle-runtime-ktx-release\AndroidManifest.xml
Loading library manifest C:\Users\talqu\.gradle\caches\8.13\transforms\a966ecdb6fe9e877234cfa236faa971c\transformed\lifecycle-runtime-release\AndroidManifest.xml
Loading library manifest C:\Users\talqu\.gradle\caches\8.13\transforms\ad6fb4b4157cb7efe12291a4f91468c2\transformed\lifecycle-viewmodel-ktx-2.8.3\AndroidManifest.xml
Loading library manifest C:\Users\talqu\.gradle\caches\8.13\transforms\972a80b0e0120917c897bee0babf5118\transformed\lifecycle-process-2.8.3\AndroidManifest.xml
Loading library manifest C:\Users\talqu\.gradle\caches\8.13\transforms\f1e3ee98ac0c3b5286b2e6740ff3feb2\transformed\lifecycle-livedata-core-2.8.3\AndroidManifest.xml
Loading library manifest C:\Users\talqu\.gradle\caches\8.13\transforms\4ac0de85eb4f6d8a492377708ac0185f\transformed\lifecycle-livedata-2.8.3\AndroidManifest.xml
Loading library manifest C:\Users\talqu\.gradle\caches\8.13\transforms\52c0003d68a616835d922e1e9831d195\transformed\lifecycle-runtime-compose-release\AndroidManifest.xml
Loading library manifest C:\Users\talqu\.gradle\caches\8.13\transforms\709e3fbdc9d73871cf3d3d49d3f0a6a3\transformed\lifecycle-viewmodel-savedstate-2.8.3\AndroidManifest.xml
Loading library manifest C:\Users\talqu\.gradle\caches\8.13\transforms\a25811b27630e13705cbdcde2fbe7211\transformed\savedstate-1.2.1\AndroidManifest.xml
Loading library manifest C:\Users\talqu\.gradle\caches\8.13\transforms\3a93079dd50f9893e7460bf3a1ffc340\transformed\runtime-saveable-release\AndroidManifest.xml
Loading library manifest C:\Users\talqu\.gradle\caches\8.13\transforms\0e324cf5e13bd3493aa173c26381a878\transformed\runtime-release\AndroidManifest.xml
Loading library manifest C:\Users\talqu\.gradle\caches\8.13\transforms\8da8c90b56b98f899373ba107eb9479c\transformed\annotation-experimental-1.4.0\AndroidManifest.xml
Loading library manifest C:\Users\talqu\.gradle\caches\8.13\transforms\1c71a22e16c52bf2f9da8833105edd24\transformed\versionedparcelable-1.1.1\AndroidManifest.xml
Loading library manifest C:\Users\talqu\.gradle\caches\8.13\transforms\eb11cc650b600eae4396a42e1ffc7b7a\transformed\cursoradapter-1.0.0\AndroidManifest.xml
Loading library manifest C:\Users\talqu\.gradle\caches\8.13\transforms\dcfcb517f12de82e0e6904648a614923\transformed\profileinstaller-1.3.1\AndroidManifest.xml
Loading library manifest C:\Users\talqu\.gradle\caches\8.13\transforms\78cb51f6ac24e41e037767340f22e5b2\transformed\interpolator-1.0.0\AndroidManifest.xml
Loading library manifest C:\Users\talqu\.gradle\caches\8.13\transforms\cb3c37ca779f877d47b38a6a8a45c5fb\transformed\startup-runtime-1.1.1\AndroidManifest.xml
Loading library manifest C:\Users\talqu\.gradle\caches\8.13\transforms\73c406c61e7db811c2a1c131f4be9bc9\transformed\tracing-1.0.0\AndroidManifest.xml
Loading library manifest C:\Users\talqu\.gradle\caches\8.13\transforms\cbd8be0ffec867538a1e91032ea8c59d\transformed\core-runtime-2.2.0\AndroidManifest.xml
Merging main manifest C:\Sandbox\androidApp\Baeren\BaerenLock\app\src\main\AndroidManifest.xml

Merging library manifest C:\Users\talqu\.gradle\caches\8.13\transforms\0c55db39a79a265c4e8e214eabc3133f\transformed\appcompat-resources-1.7.1\AndroidManifest.xml
Merging manifest with lower [androidx.appcompat:appcompat-resources:1.7.1] AndroidManifest.xml:2:1-7:12
uses-sdk defined in both files...
Merging uses-sdk with lower [androidx.appcompat:appcompat-resources:1.7.1] AndroidManifest.xml:5:5-44
Merging library manifest C:\Users\talqu\.gradle\caches\8.13\transforms\f987564d32cead6a188a7d1e66aec8b9\transformed\appcompat-1.7.1\AndroidManifest.xml
Merging manifest with lower [androidx.appcompat:appcompat:1.7.1] AndroidManifest.xml:2:1-7:12
uses-sdk defined in both files...
Merging uses-sdk with lower [androidx.appcompat:appcompat:1.7.1] AndroidManifest.xml:5:5-44
Merging library manifest C:\Users\talqu\.gradle\caches\8.13\transforms\32777180a574ff49ab98fa45f7ffdd28\transformed\fragment-1.5.4\AndroidManifest.xml
Merging manifest with lower [androidx.fragment:fragment:1.5.4] AndroidManifest.xml:17:1-24:12
uses-sdk defined in both files...
Merging uses-sdk with lower [androidx.fragment:fragment:1.5.4] AndroidManifest.xml:20:5-22:41
Merging library manifest C:\Users\talqu\.gradle\caches\8.13\transforms\c8cc08d39f2a7ed4e2af597d6aed4000\transformed\material3-release\AndroidManifest.xml
Merging manifest with lower [androidx.compose.material3:material3-android:1.3.0] AndroidManifest.xml:17:1-22:12
uses-sdk defined in both files...
Merging uses-sdk with lower [androidx.compose.material3:material3-android:1.3.0] AndroidManifest.xml:20:5-44
Merging library manifest C:\Users\talqu\.gradle\caches\8.13\transforms\5fe9c781accd59baebad1c407eb09e8b\transformed\material-release\AndroidManifest.xml
Merging manifest with lower [androidx.compose.material:material-android:1.7.0] AndroidManifest.xml:2:1-7:12
uses-sdk defined in both files...
Merging uses-sdk with lower [androidx.compose.material:material-android:1.7.0] AndroidManifest.xml:5:5-44
Merging library manifest C:\Users\talqu\.gradle\caches\8.13\transforms\c64983e2898f4eef31a03cf5142c64e8\transformed\material-ripple-release\AndroidManifest.xml
Merging manifest with lower [androidx.compose.material:material-ripple-android:1.7.0] AndroidManifest.xml:2:1-7:12
uses-sdk defined in both files...
Merging uses-sdk with lower [androidx.compose.material:material-ripple-android:1.7.0] AndroidManifest.xml:5:5-44
Merging library manifest C:\Users\talqu\.gradle\caches\8.13\transforms\d9896373b633367cadc50e854a9c8b7c\transformed\foundation-release\AndroidManifest.xml
Merging manifest with lower [androidx.compose.foundation:foundation-android:1.7.0] AndroidManifest.xml:2:1-7:12
uses-sdk defined in both files...
Merging uses-sdk with lower [androidx.compose.foundation:foundation-android:1.7.0] AndroidManifest.xml:5:5-44
Merging library manifest C:\Users\talqu\.gradle\caches\8.13\transforms\7458c3999302e0d83ffdb15c20f9ad9f\transformed\animation-release\AndroidManifest.xml
Merging manifest with lower [androidx.compose.animation:animation-android:1.7.0] AndroidManifest.xml:2:1-7:12
uses-sdk defined in both files...
Merging uses-sdk with lower [androidx.compose.animation:animation-android:1.7.0] AndroidManifest.xml:5:5-44
Merging library manifest C:\Users\talqu\.gradle\caches\8.13\transforms\9927ad6fdbcbb8bf3c26afd30c38e92c\transformed\foundation-layout-release\AndroidManifest.xml
Merging manifest with lower [androidx.compose.foundation:foundation-layout-android:1.7.0] AndroidManifest.xml:2:1-7:12
uses-sdk defined in both files...
Merging uses-sdk with lower [androidx.compose.foundation:foundation-layout-android:1.7.0] AndroidManifest.xml:5:5-44
Merging library manifest C:\Users\talqu\.gradle\caches\8.13\transforms\d825f9abd1530e8c0616d53d35f8cc26\transformed\animation-core-release\AndroidManifest.xml
Merging manifest with lower [androidx.compose.animation:animation-core-android:1.7.0] AndroidManifest.xml:2:1-7:12
uses-sdk defined in both files...
Merging uses-sdk with lower [androidx.compose.animation:animation-core-android:1.7.0] AndroidManifest.xml:5:5-44
Merging library manifest C:\Users\talqu\.gradle\caches\8.13\transforms\04543f8f7e5a9bac7853bd4f1f851001\transformed\ui-tooling-data-release\AndroidManifest.xml
Merging manifest with lower [androidx.compose.ui:ui-tooling-data-android:1.7.0] AndroidManifest.xml:2:1-7:12
uses-sdk defined in both files...
Merging uses-sdk with lower [androidx.compose.ui:ui-tooling-data-android:1.7.0] AndroidManifest.xml:5:5-44
Merging library manifest C:\Users\talqu\.gradle\caches\8.13\transforms\72c859c84903297f31a4ef11a6f65b7d\transformed\ui-unit-release\AndroidManifest.xml
Merging manifest with lower [androidx.compose.ui:ui-unit-android:1.7.0] AndroidManifest.xml:2:1-7:12
uses-sdk defined in both files...
Merging uses-sdk with lower [androidx.compose.ui:ui-unit-android:1.7.0] AndroidManifest.xml:5:5-44
Merging library manifest C:\Users\talqu\.gradle\caches\8.13\transforms\0426111c09f3a64e86d49393ce7d8a86\transformed\ui-geometry-release\AndroidManifest.xml
Merging manifest with lower [androidx.compose.ui:ui-geometry-android:1.7.0] AndroidManifest.xml:2:1-7:12
uses-sdk defined in both files...
Merging uses-sdk with lower [androidx.compose.ui:ui-geometry-android:1.7.0] AndroidManifest.xml:5:5-44
Merging library manifest C:\Users\talqu\.gradle\caches\8.13\transforms\6129bf6a933bc3e542a753be8132e79f\transformed\ui-util-release\AndroidManifest.xml
Merging manifest with lower [androidx.compose.ui:ui-util-android:1.7.0] AndroidManifest.xml:2:1-7:12
uses-sdk defined in both files...
Merging uses-sdk with lower [androidx.compose.ui:ui-util-android:1.7.0] AndroidManifest.xml:5:5-44
Merging library manifest C:\Users\talqu\.gradle\caches\8.13\transforms\1ebf63ba014541033e3695d73932a8a8\transformed\ui-text-release\AndroidManifest.xml
Merging manifest with lower [androidx.compose.ui:ui-text-android:1.7.0] AndroidManifest.xml:2:1-7:12
uses-sdk defined in both files...
Merging uses-sdk with lower [androidx.compose.ui:ui-text-android:1.7.0] AndroidManifest.xml:5:5-44
Merging library manifest C:\Users\talqu\.gradle\caches\8.13\transforms\67e4ca62ea69fa18b78e0211e2d95fab\transformed\ui-tooling-preview-release\AndroidManifest.xml
Merging manifest with lower [androidx.compose.ui:ui-tooling-preview-android:1.7.0] AndroidManifest.xml:17:1-22:12
uses-sdk defined in both files...
Merging uses-sdk with lower [androidx.compose.ui:ui-tooling-preview-android:1.7.0] AndroidManifest.xml:20:5-44
Merging library manifest C:\Users\talqu\.gradle\caches\8.13\transforms\e5f0bfb20d7373f7877fb3931fc1f764\transformed\ui-tooling-release\AndroidManifest.xml
Merging manifest with lower [androidx.compose.ui:ui-tooling-android:1.7.0] AndroidManifest.xml:17:1-28:12
uses-sdk defined in both files...
Merging uses-sdk with lower [androidx.compose.ui:ui-tooling-android:1.7.0] AndroidManifest.xml:20:5-44
application defined in both files...
Merging application with lower [androidx.compose.ui:ui-tooling-android:1.7.0] AndroidManifest.xml:22:5-26:19
Adopted [activity: null]
Merging library manifest C:\Users\talqu\.gradle\caches\8.13\transforms\ea69e9e07c0b5c2c62d930ec04af1cfd\transformed\ui-graphics-release\AndroidManifest.xml
Merging manifest with lower [androidx.compose.ui:ui-graphics-android:1.7.0] AndroidManifest.xml:2:1-7:12
uses-sdk defined in both files...
Merging uses-sdk with lower [androidx.compose.ui:ui-graphics-android:1.7.0] AndroidManifest.xml:5:5-44
Merging library manifest C:\Users\talqu\.gradle\caches\8.13\transforms\00de8fefc58e66f843eff7f07c526968\transformed\ui-test-manifest-1.7.0\AndroidManifest.xml
Merging manifest with lower [androidx.compose.ui:ui-test-manifest:1.7.0] AndroidManifest.xml:17:1-28:12
uses-sdk defined in both files...
Merging uses-sdk with lower [androidx.compose.ui:ui-test-manifest:1.7.0] AndroidManifest.xml:20:5-44
application defined in both files...
Merging application with lower [androidx.compose.ui:ui-test-manifest:1.7.0] AndroidManifest.xml:22:5-26:19
Adopted [activity: null]
Merging library manifest C:\Users\talqu\.gradle\caches\8.13\transforms\c05827f4a788b1f9e06a234570a33ef5\transformed\activity-1.8.2\AndroidManifest.xml
Merging manifest with lower [androidx.activity:activity:1.8.2] AndroidManifest.xml:17:1-22:12
uses-sdk defined in both files...
Merging uses-sdk with lower [androidx.activity:activity:1.8.2] AndroidManifest.xml:20:5-44
Merging library manifest C:\Users\talqu\.gradle\caches\8.13\transforms\14da9baf6797708bb2e3610dd196afbb\transformed\activity-ktx-1.8.2\AndroidManifest.xml
Merging manifest with lower [androidx.activity:activity-ktx:1.8.2] AndroidManifest.xml:2:1-7:12
uses-sdk defined in both files...
Merging uses-sdk with lower [androidx.activity:activity-ktx:1.8.2] AndroidManifest.xml:5:5-44
Merging library manifest C:\Users\talqu\.gradle\caches\8.13\transforms\0e80c0d2b5b43388d44b55bb5e137f48\transformed\activity-compose-1.8.2\AndroidManifest.xml
Merging manifest with lower [androidx.activity:activity-compose:1.8.2] AndroidManifest.xml:2:1-7:12
uses-sdk defined in both files...
Merging uses-sdk with lower [androidx.activity:activity-compose:1.8.2] AndroidManifest.xml:5:5-44
Merging library manifest C:\Users\talqu\.gradle\caches\8.13\transforms\58e48e54a551bdfef19bfdb0c21b96ad\transformed\material-icons-core-release\AndroidManifest.xml
Merging manifest with lower [androidx.compose.material:material-icons-core-android:1.7.0] AndroidManifest.xml:2:1-7:12
uses-sdk defined in both files...
Merging uses-sdk with lower [androidx.compose.material:material-icons-core-android:1.7.0] AndroidManifest.xml:5:5-44
Merging library manifest C:\Users\talqu\.gradle\caches\8.13\transforms\990d6a524d960ae518df18476b85a858\transformed\ui-release\AndroidManifest.xml
Merging manifest with lower [androidx.compose.ui:ui-android:1.7.0] AndroidManifest.xml:2:1-7:12
uses-sdk defined in both files...
Merging uses-sdk with lower [androidx.compose.ui:ui-android:1.7.0] AndroidManifest.xml:5:5-44
Merging library manifest C:\Users\talqu\.gradle\caches\8.13\transforms\226bf6386960929b0bab6e43b830ec49\transformed\savedstate-ktx-1.2.1\AndroidManifest.xml
Merging manifest with lower [androidx.savedstate:savedstate-ktx:1.2.1] AndroidManifest.xml:17:1-22:12
uses-sdk defined in both files...
Merging uses-sdk with lower [androidx.savedstate:savedstate-ktx:1.2.1] AndroidManifest.xml:20:5-44
Merging library manifest C:\Users\talqu\.gradle\caches\8.13\transforms\44e51eca128648827323c344ee36d075\transformed\loader-1.0.0\AndroidManifest.xml
Merging manifest with lower [androidx.loader:loader:1.0.0] AndroidManifest.xml:17:1-22:12
uses-sdk defined in both files...
Merging uses-sdk with lower [androidx.loader:loader:1.0.0] AndroidManifest.xml:20:5-44
Merging library manifest C:\Users\talqu\.gradle\caches\8.13\transforms\c80459077099529ee54644d4a3e055a2\transformed\emoji2-views-helper-1.3.0\AndroidManifest.xml
Merging manifest with lower [androidx.emoji2:emoji2-views-helper:1.3.0] AndroidManifest.xml:2:1-7:12
uses-sdk defined in both files...
Merging uses-sdk with lower [androidx.emoji2:emoji2-views-helper:1.3.0] AndroidManifest.xml:5:5-44
Merging library manifest C:\Users\talqu\.gradle\caches\8.13\transforms\4642f5049670721953d5c38e009d8743\transformed\emoji2-1.3.0\AndroidManifest.xml
Merging manifest with lower [androidx.emoji2:emoji2:1.3.0] AndroidManifest.xml:17:1-35:12
uses-sdk defined in both files...
Merging uses-sdk with lower [androidx.emoji2:emoji2:1.3.0] AndroidManifest.xml:21:5-44
application defined in both files...
Merging application with lower [androidx.emoji2:emoji2:1.3.0] AndroidManifest.xml:23:5-33:19
Adopted [provider: null]
Merging library manifest C:\Users\talqu\.gradle\caches\8.13\transforms\afb432ab268bb5b610c9776e99c8b31a\transformed\recyclerview-1.3.2\AndroidManifest.xml
Merging manifest with lower [androidx.recyclerview:recyclerview:1.3.2] AndroidManifest.xml:17:1-22:12
uses-sdk defined in both files...
Merging uses-sdk with lower [androidx.recyclerview:recyclerview:1.3.2] AndroidManifest.xml:20:5-44
Merging library manifest C:\Users\talqu\.gradle\caches\8.13\transforms\03cdc8832581e40cb3102ca0cba6b6aa\transformed\drawerlayout-1.0.0\AndroidManifest.xml
Merging manifest with lower [androidx.drawerlayout:drawerlayout:1.0.0] AndroidManifest.xml:17:1-22:12
uses-sdk defined in both files...
Merging uses-sdk with lower [androidx.drawerlayout:drawerlayout:1.0.0] AndroidManifest.xml:20:5-44
Merging library manifest C:\Users\talqu\.gradle\caches\8.13\transforms\ade2c6bd4e5d89d739f08478c50c323a\transformed\viewpager-1.0.0\AndroidManifest.xml
Merging manifest with lower [androidx.viewpager:viewpager:1.0.0] AndroidManifest.xml:17:1-22:12
uses-sdk defined in both files...
Merging uses-sdk with lower [androidx.viewpager:viewpager:1.0.0] AndroidManifest.xml:20:5-44
Merging library manifest C:\Users\talqu\.gradle\caches\8.13\transforms\0ae2757ff042ddbfaa9f44d26126c537\transformed\customview-1.0.0\AndroidManifest.xml
Merging manifest with lower [androidx.customview:customview:1.0.0] AndroidManifest.xml:17:1-22:12
uses-sdk defined in both files...
Merging uses-sdk with lower [androidx.customview:customview:1.0.0] AndroidManifest.xml:20:5-44
Merging library manifest C:\Users\talqu\.gradle\caches\8.13\transforms\83e9262381005d771cf0370599c81252\transformed\vectordrawable-animated-1.1.0\AndroidManifest.xml
Merging manifest with lower [androidx.vectordrawable:vectordrawable-animated:1.1.0] AndroidManifest.xml:17:1-24:12
uses-sdk defined in both files...
Merging uses-sdk with lower [androidx.vectordrawable:vectordrawable-animated:1.1.0] AndroidManifest.xml:20:5-22:41
Merging library manifest C:\Users\talqu\.gradle\caches\8.13\transforms\5bd5e7ecfdd4fe3913eb17c6b2ceb5d4\transformed\vectordrawable-1.1.0\AndroidManifest.xml
Merging manifest with lower [androidx.vectordrawable:vectordrawable:1.1.0] AndroidManifest.xml:17:1-24:12
uses-sdk defined in both files...
Merging uses-sdk with lower [androidx.vectordrawable:vectordrawable:1.1.0] AndroidManifest.xml:20:5-22:41
Merging library manifest C:\Users\talqu\.gradle\caches\8.13\transforms\94dbd4d317d290677386a0abb387b0ea\transformed\autofill-1.0.0\AndroidManifest.xml
Merging manifest with lower [androidx.autofill:autofill:1.0.0] AndroidManifest.xml:17:1-24:12
uses-sdk defined in both files...
Merging uses-sdk with lower [androidx.autofill:autofill:1.0.0] AndroidManifest.xml:20:5-22:41
Merging library manifest C:\Users\talqu\.gradle\caches\8.13\transforms\b4effb8dd75b18cc2658a3c175674642\transformed\graphics-path-1.0.1\AndroidManifest.xml
Merging manifest with lower [androidx.graphics:graphics-path:1.0.1] AndroidManifest.xml:2:1-7:12
uses-sdk defined in both files...
Merging uses-sdk with lower [androidx.graphics:graphics-path:1.0.1] AndroidManifest.xml:5:5-44
Merging library manifest C:\Users\talqu\.gradle\caches\8.13\transforms\dddbefaa86ad6b659d1c0da790bc3fe8\transformed\customview-poolingcontainer-1.0.0\AndroidManifest.xml
Merging manifest with lower [androidx.customview:customview-poolingcontainer:1.0.0] AndroidManifest.xml:17:1-23:12
uses-sdk defined in both files...
Merging uses-sdk with lower [androidx.customview:customview-poolingcontainer:1.0.0] AndroidManifest.xml:20:5-21:38
Merging library manifest C:\Users\talqu\.gradle\caches\8.13\transforms\30bf77e1c1f9b37ac06eef37f89f9e6c\transformed\core-ktx-1.13.1\AndroidManifest.xml
Merging manifest with lower [androidx.core:core-ktx:1.13.1] AndroidManifest.xml:2:1-7:12
uses-sdk defined in both files...
Merging uses-sdk with lower [androidx.core:core-ktx:1.13.1] AndroidManifest.xml:5:5-44
Merging library manifest C:\Users\talqu\.gradle\caches\8.13\transforms\af4ea84f64a8197dda02ef6b7a08a250\transformed\core-1.13.1\AndroidManifest.xml
Merging manifest with lower [androidx.core:core:1.13.1] AndroidManifest.xml:17:1-30:12
uses-sdk defined in both files...
Merging uses-sdk with lower [androidx.core:core:1.13.1] AndroidManifest.xml:20:5-44
Adopted [permission: null]
Adopted [uses-permission: null]
application defined in both files...
Merging application with lower [androidx.core:core:1.13.1] AndroidManifest.xml:28:5-89
Merging library manifest C:\Users\talqu\.gradle\caches\8.13\transforms\664a065bbc9d06baadc97aad08552367\transformed\lifecycle-viewmodel-2.8.3\AndroidManifest.xml
Merging manifest with lower [androidx.lifecycle:lifecycle-viewmodel:2.8.3] AndroidManifest.xml:2:1-5:12
uses-sdk defined in both files...
Merging uses-sdk with lower [androidx.lifecycle:lifecycle-viewmodel:2.8.3] AndroidManifest.xml:4:5-43
Merging library manifest C:\Users\talqu\.gradle\caches\8.13\transforms\7455337bc66d60b35b51b034361c45f5\transformed\lifecycle-viewmodel-release\AndroidManifest.xml
Merging manifest with lower [androidx.lifecycle:lifecycle-viewmodel-android:2.8.3] AndroidManifest.xml:17:1-22:12
uses-sdk defined in both files...
Merging uses-sdk with lower [androidx.lifecycle:lifecycle-viewmodel-android:2.8.3] AndroidManifest.xml:20:5-44
Merging library manifest C:\Users\talqu\.gradle\caches\8.13\transforms\c8dda6884e0b043cd49cbc9a62f809bf\transformed\lifecycle-livedata-core-ktx-2.8.3\AndroidManifest.xml
Merging manifest with lower [androidx.lifecycle:lifecycle-livedata-core-ktx:2.8.3] AndroidManifest.xml:2:1-7:12
uses-sdk defined in both files...
Merging uses-sdk with lower [androidx.lifecycle:lifecycle-livedata-core-ktx:2.8.3] AndroidManifest.xml:5:5-44
Merging library manifest C:\Users\talqu\.gradle\caches\8.13\transforms\bbd42c49f4accd20beb8efa69d3302c4\transformed\lifecycle-runtime-ktx-release\AndroidManifest.xml
Merging manifest with lower [androidx.lifecycle:lifecycle-runtime-ktx-android:2.8.3] AndroidManifest.xml:2:1-7:12
uses-sdk defined in both files...
Merging uses-sdk with lower [androidx.lifecycle:lifecycle-runtime-ktx-android:2.8.3] AndroidManifest.xml:5:5-44
Merging library manifest C:\Users\talqu\.gradle\caches\8.13\transforms\a966ecdb6fe9e877234cfa236faa971c\transformed\lifecycle-runtime-release\AndroidManifest.xml
Merging manifest with lower [androidx.lifecycle:lifecycle-runtime-android:2.8.3] AndroidManifest.xml:17:1-22:12
uses-sdk defined in both files...
Merging uses-sdk with lower [androidx.lifecycle:lifecycle-runtime-android:2.8.3] AndroidManifest.xml:20:5-44
Merging library manifest C:\Users\talqu\.gradle\caches\8.13\transforms\ad6fb4b4157cb7efe12291a4f91468c2\transformed\lifecycle-viewmodel-ktx-2.8.3\AndroidManifest.xml
Merging manifest with lower [androidx.lifecycle:lifecycle-viewmodel-ktx:2.8.3] AndroidManifest.xml:2:1-7:12
uses-sdk defined in both files...
Merging uses-sdk with lower [androidx.lifecycle:lifecycle-viewmodel-ktx:2.8.3] AndroidManifest.xml:5:5-44
Merging library manifest C:\Users\talqu\.gradle\caches\8.13\transforms\972a80b0e0120917c897bee0babf5118\transformed\lifecycle-process-2.8.3\AndroidManifest.xml
Merging manifest with lower [androidx.lifecycle:lifecycle-process:2.8.3] AndroidManifest.xml:17:1-35:12
uses-sdk defined in both files...
Merging uses-sdk with lower [androidx.lifecycle:lifecycle-process:2.8.3] AndroidManifest.xml:21:5-44
application defined in both files...
Merging application with lower [androidx.lifecycle:lifecycle-process:2.8.3] AndroidManifest.xml:23:5-33:19
provider#androidx.startup.InitializationProvider defined in both files...
Merging provider#androidx.startup.InitializationProvider with lower [androidx.lifecycle:lifecycle-process:2.8.3] AndroidManifest.xml:24:9-32:20
Adopted [meta-data: null]
Merging library manifest C:\Users\talqu\.gradle\caches\8.13\transforms\f1e3ee98ac0c3b5286b2e6740ff3feb2\transformed\lifecycle-livedata-core-2.8.3\AndroidManifest.xml
Merging manifest with lower [androidx.lifecycle:lifecycle-livedata-core:2.8.3] AndroidManifest.xml:17:1-22:12
uses-sdk defined in both files...
Merging uses-sdk with lower [androidx.lifecycle:lifecycle-livedata-core:2.8.3] AndroidManifest.xml:20:5-44
Merging library manifest C:\Users\talqu\.gradle\caches\8.13\transforms\4ac0de85eb4f6d8a492377708ac0185f\transformed\lifecycle-livedata-2.8.3\AndroidManifest.xml
Merging manifest with lower [androidx.lifecycle:lifecycle-livedata:2.8.3] AndroidManifest.xml:17:1-22:12
uses-sdk defined in both files...
Merging uses-sdk with lower [androidx.lifecycle:lifecycle-livedata:2.8.3] AndroidManifest.xml:20:5-44
Merging library manifest C:\Users\talqu\.gradle\caches\8.13\transforms\52c0003d68a616835d922e1e9831d195\transformed\lifecycle-runtime-compose-release\AndroidManifest.xml
Merging manifest with lower [androidx.lifecycle:lifecycle-runtime-compose-android:2.8.3] AndroidManifest.xml:2:1-7:12
uses-sdk defined in both files...
Merging uses-sdk with lower [androidx.lifecycle:lifecycle-runtime-compose-android:2.8.3] AndroidManifest.xml:5:5-44
Merging library manifest C:\Users\talqu\.gradle\caches\8.13\transforms\709e3fbdc9d73871cf3d3d49d3f0a6a3\transformed\lifecycle-viewmodel-savedstate-2.8.3\AndroidManifest.xml
Merging manifest with lower [androidx.lifecycle:lifecycle-viewmodel-savedstate:2.8.3] AndroidManifest.xml:17:1-22:12
uses-sdk defined in both files...
Merging uses-sdk with lower [androidx.lifecycle:lifecycle-viewmodel-savedstate:2.8.3] AndroidManifest.xml:20:5-44
Merging library manifest C:\Users\talqu\.gradle\caches\8.13\transforms\a25811b27630e13705cbdcde2fbe7211\transformed\savedstate-1.2.1\AndroidManifest.xml
Merging manifest with lower [androidx.savedstate:savedstate:1.2.1] AndroidManifest.xml:17:1-22:12
uses-sdk defined in both files...
Merging uses-sdk with lower [androidx.savedstate:savedstate:1.2.1] AndroidManifest.xml:20:5-44
Merging library manifest C:\Users\talqu\.gradle\caches\8.13\transforms\3a93079dd50f9893e7460bf3a1ffc340\transformed\runtime-saveable-release\AndroidManifest.xml
Merging manifest with lower [androidx.compose.runtime:runtime-saveable-android:1.7.0] AndroidManifest.xml:2:1-7:12
uses-sdk defined in both files...
Merging uses-sdk with lower [androidx.compose.runtime:runtime-saveable-android:1.7.0] AndroidManifest.xml:5:5-44
Merging library manifest C:\Users\talqu\.gradle\caches\8.13\transforms\0e324cf5e13bd3493aa173c26381a878\transformed\runtime-release\AndroidManifest.xml
Merging manifest with lower [androidx.compose.runtime:runtime-android:1.7.0] AndroidManifest.xml:2:1-7:12
uses-sdk defined in both files...
Merging uses-sdk with lower [androidx.compose.runtime:runtime-android:1.7.0] AndroidManifest.xml:5:5-44
Merging library manifest C:\Users\talqu\.gradle\caches\8.13\transforms\8da8c90b56b98f899373ba107eb9479c\transformed\annotation-experimental-1.4.0\AndroidManifest.xml
Merging manifest with lower [androidx.annotation:annotation-experimental:1.4.0] AndroidManifest.xml:2:1-7:12
uses-sdk defined in both files...
Merging uses-sdk with lower [androidx.annotation:annotation-experimental:1.4.0] AndroidManifest.xml:5:5-44
Merging library manifest C:\Users\talqu\.gradle\caches\8.13\transforms\1c71a22e16c52bf2f9da8833105edd24\transformed\versionedparcelable-1.1.1\AndroidManifest.xml
Merging manifest with lower [androidx.versionedparcelable:versionedparcelable:1.1.1] AndroidManifest.xml:17:1-27:12
uses-sdk defined in both files...
Merging uses-sdk with lower [androidx.versionedparcelable:versionedparcelable:1.1.1] AndroidManifest.xml:20:5-22:41
application defined in both files...
Merging application with lower [androidx.versionedparcelable:versionedparcelable:1.1.1] AndroidManifest.xml:24:5-25:19
Merging library manifest C:\Users\talqu\.gradle\caches\8.13\transforms\eb11cc650b600eae4396a42e1ffc7b7a\transformed\cursoradapter-1.0.0\AndroidManifest.xml
Merging manifest with lower [androidx.cursoradapter:cursoradapter:1.0.0] AndroidManifest.xml:17:1-22:12
uses-sdk defined in both files...
Merging uses-sdk with lower [androidx.cursoradapter:cursoradapter:1.0.0] AndroidManifest.xml:20:5-44
Merging library manifest C:\Users\talqu\.gradle\caches\8.13\transforms\dcfcb517f12de82e0e6904648a614923\transformed\profileinstaller-1.3.1\AndroidManifest.xml
Merging manifest with lower [androidx.profileinstaller:profileinstaller:1.3.1] AndroidManifest.xml:17:1-55:12
uses-sdk defined in both files...
Merging uses-sdk with lower [androidx.profileinstaller:profileinstaller:1.3.1] AndroidManifest.xml:21:5-44
application defined in both files...
Merging application with lower [androidx.profileinstaller:profileinstaller:1.3.1] AndroidManifest.xml:23:5-53:19
provider#androidx.startup.InitializationProvider defined in both files...
Merging provider#androidx.startup.InitializationProvider with lower [androidx.profileinstaller:profileinstaller:1.3.1] AndroidManifest.xml:24:9-32:20
Adopted [meta-data: null]
Adopted [receiver: null]
Merging library manifest C:\Users\talqu\.gradle\caches\8.13\transforms\78cb51f6ac24e41e037767340f22e5b2\transformed\interpolator-1.0.0\AndroidManifest.xml
Merging manifest with lower [androidx.interpolator:interpolator:1.0.0] AndroidManifest.xml:17:1-22:12
uses-sdk defined in both files...
Merging uses-sdk with lower [androidx.interpolator:interpolator:1.0.0] AndroidManifest.xml:20:5-44
Merging library manifest C:\Users\talqu\.gradle\caches\8.13\transforms\cb3c37ca779f877d47b38a6a8a45c5fb\transformed\startup-runtime-1.1.1\AndroidManifest.xml
Merging manifest with lower [androidx.startup:startup-runtime:1.1.1] AndroidManifest.xml:17:1-33:12
uses-sdk defined in both files...
Merging uses-sdk with lower [androidx.startup:startup-runtime:1.1.1] AndroidManifest.xml:21:5-23:41
application defined in both files...
Merging application with lower [androidx.startup:startup-runtime:1.1.1] AndroidManifest.xml:25:5-31:19
provider#androidx.startup.InitializationProvider defined in both files...
Merging provider#androidx.startup.InitializationProvider with lower [androidx.startup:startup-runtime:1.1.1] AndroidManifest.xml:26:9-30:34
Merging library manifest C:\Users\talqu\.gradle\caches\8.13\transforms\73c406c61e7db811c2a1c131f4be9bc9\transformed\tracing-1.0.0\AndroidManifest.xml
Merging manifest with lower [androidx.tracing:tracing:1.0.0] AndroidManifest.xml:17:1-24:12
uses-sdk defined in both files...
Merging uses-sdk with lower [androidx.tracing:tracing:1.0.0] AndroidManifest.xml:20:5-22:41
Merging library manifest C:\Users\talqu\.gradle\caches\8.13\transforms\cbd8be0ffec867538a1e91032ea8c59d\transformed\core-runtime-2.2.0\AndroidManifest.xml
Merging manifest with lower [androidx.arch.core:core-runtime:2.2.0] AndroidManifest.xml:17:1-22:12
uses-sdk defined in both files...
Merging uses-sdk with lower [androidx.arch.core:core-runtime:2.2.0] AndroidManifest.xml:20:5-44
Merging result: SUCCESS
1<?xml version="1.0" encoding="utf-8"?>
2<manifest xmlns:android="http://schemas.android.com/apk/res/android"
3    package="com.talq2me.baerenlock"
4    android:versionCode="1"
5    android:versionName="1.0" >
6
7    <uses-sdk
8        android:minSdkVersion="28"
9        android:targetSdkVersion="35" />
10
11    <uses-permission android:name="android.permission.INTERNET" />
11-->C:\Sandbox\androidApp\Baeren\BaerenLock\app\src\main\AndroidManifest.xml:5:5-66
11-->C:\Sandbox\androidApp\Baeren\BaerenLock\app\src\main\AndroidManifest.xml:5:22-64
12    <uses-permission android:name="android.permission.KILL_BACKGROUND_PROCESSES" />
12-->C:\Sandbox\androidApp\Baeren\BaerenLock\app\src\main\AndroidManifest.xml:6:5-84
12-->C:\Sandbox\androidApp\Baeren\BaerenLock\app\src\main\AndroidManifest.xml:6:22-81
13    <uses-permission android:name="android.permission.SYSTEM_ALERT_WINDOW" />
13-->C:\Sandbox\androidApp\Baeren\BaerenLock\app\src\main\AndroidManifest.xml:7:5-77
13-->C:\Sandbox\androidApp\Baeren\BaerenLock\app\src\main\AndroidManifest.xml:7:22-75
14    <uses-permission android:name="android.permission.REQUEST_IGNORE_BATTERY_OPTIMIZATIONS" />
14-->C:\Sandbox\androidApp\Baeren\BaerenLock\app\src\main\AndroidManifest.xml:8:5-95
14-->C:\Sandbox\androidApp\Baeren\BaerenLock\app\src\main\AndroidManifest.xml:8:22-92
15    <uses-permission android:name="android.permission.QUERY_ALL_PACKAGES" />
15-->C:\Sandbox\androidApp\Baeren\BaerenLock\app\src\main\AndroidManifest.xml:9:5-10:53
15-->C:\Sandbox\androidApp\Baeren\BaerenLock\app\src\main\AndroidManifest.xml:9:22-74
16    <uses-permission android:name="android.permission.PACKAGE_USAGE_STATS" />
16-->C:\Sandbox\androidApp\Baeren\BaerenLock\app\src\main\AndroidManifest.xml:11:5-12:47
16-->C:\Sandbox\androidApp\Baeren\BaerenLock\app\src\main\AndroidManifest.xml:11:22-75
17    <uses-permission android:name="android.permission.BIND_DEVICE_ADMIN" />
17-->C:\Sandbox\androidApp\Baeren\BaerenLock\app\src\main\AndroidManifest.xml:13:5-76
17-->C:\Sandbox\androidApp\Baeren\BaerenLock\app\src\main\AndroidManifest.xml:13:22-73
18    <uses-permission android:name="android.permission.MANAGE_DEVICE_ADMINS" />
18-->C:\Sandbox\androidApp\Baeren\BaerenLock\app\src\main\AndroidManifest.xml:14:5-79
18-->C:\Sandbox\androidApp\Baeren\BaerenLock\app\src\main\AndroidManifest.xml:14:22-76
19    <uses-permission android:name="android.permission.WRITE_SECURE_SETTINGS" />
19-->C:\Sandbox\androidApp\Baeren\BaerenLock\app\src\main\AndroidManifest.xml:15:5-80
19-->C:\Sandbox\androidApp\Baeren\BaerenLock\app\src\main\AndroidManifest.xml:15:22-77
20    <uses-permission android:name="android.permission.READ_PHONE_STATE" />
20-->C:\Sandbox\androidApp\Baeren\BaerenLock\app\src\main\AndroidManifest.xml:16:5-75
20-->C:\Sandbox\androidApp\Baeren\BaerenLock\app\src\main\AndroidManifest.xml:16:22-72
21    <uses-permission android:name="android.permission.CAMERA" />
21-->C:\Sandbox\androidApp\Baeren\BaerenLock\app\src\main\AndroidManifest.xml:17:5-65
21-->C:\Sandbox\androidApp\Baeren\BaerenLock\app\src\main\AndroidManifest.xml:17:22-62
22    <uses-permission android:name="android.permission.RECORD_AUDIO" />
22-->C:\Sandbox\androidApp\Baeren\BaerenLock\app\src\main\AndroidManifest.xml:18:5-71
22-->C:\Sandbox\androidApp\Baeren\BaerenLock\app\src\main\AndroidManifest.xml:18:22-68
23    <uses-permission android:name="android.permission.ACCESS_FINE_LOCATION" />
23-->C:\Sandbox\androidApp\Baeren\BaerenLock\app\src\main\AndroidManifest.xml:19:5-79
23-->C:\Sandbox\androidApp\Baeren\BaerenLock\app\src\main\AndroidManifest.xml:19:22-76
24    <uses-permission android:name="android.permission.BLUETOOTH_ADMIN" />
24-->C:\Sandbox\androidApp\Baeren\BaerenLock\app\src\main\AndroidManifest.xml:20:5-74
24-->C:\Sandbox\androidApp\Baeren\BaerenLock\app\src\main\AndroidManifest.xml:20:22-71
25    <uses-permission android:name="android.permission.NFC" />
25-->C:\Sandbox\androidApp\Baeren\BaerenLock\app\src\main\AndroidManifest.xml:21:5-62
25-->C:\Sandbox\androidApp\Baeren\BaerenLock\app\src\main\AndroidManifest.xml:21:22-59
26    <uses-permission android:name="android.permission.USB_PERMISSION" />
26-->C:\Sandbox\androidApp\Baeren\BaerenLock\app\src\main\AndroidManifest.xml:22:5-73
26-->C:\Sandbox\androidApp\Baeren\BaerenLock\app\src\main\AndroidManifest.xml:22:22-70
27    <uses-permission android:name="android.permission.CHANGE_WIFI_STATE" />
27-->C:\Sandbox\androidApp\Baeren\BaerenLock\app\src\main\AndroidManifest.xml:23:5-76
27-->C:\Sandbox\androidApp\Baeren\BaerenLock\app\src\main\AndroidManifest.xml:23:22-73
28    <uses-permission android:name="android.permission.ACCESS_WIFI_STATE" />
28-->C:\Sandbox\androidApp\Baeren\BaerenLock\app\src\main\AndroidManifest.xml:24:5-76
28-->C:\Sandbox\androidApp\Baeren\BaerenLock\app\src\main\AndroidManifest.xml:24:22-73
29    <uses-permission android:name="android.permission.CHANGE_NETWORK_STATE" />
29-->C:\Sandbox\androidApp\Baeren\BaerenLock\app\src\main\AndroidManifest.xml:25:5-79
29-->C:\Sandbox\androidApp\Baeren\BaerenLock\app\src\main\AndroidManifest.xml:25:22-76
30    <uses-permission android:name="android.permission.MANAGE_USB" />
30-->C:\Sandbox\androidApp\Baeren\BaerenLock\app\src\main\AndroidManifest.xml:26:5-69
30-->C:\Sandbox\androidApp\Baeren\BaerenLock\app\src\main\AndroidManifest.xml:26:22-66
31
32    <queries>
32-->C:\Sandbox\androidApp\Baeren\BaerenLock\app\src\main\AndroidManifest.xml:28:5-32:15
33        <package android:name="com.netflix.mediaclient" />
33-->C:\Sandbox\androidApp\Baeren\BaerenLock\app\src\main\AndroidManifest.xml:29:9-59
33-->C:\Sandbox\androidApp\Baeren\BaerenLock\app\src\main\AndroidManifest.xml:29:18-56
34        <package android:name="com.google.android.youtube" />
34-->C:\Sandbox\androidApp\Baeren\BaerenLock\app\src\main\AndroidManifest.xml:30:9-62
34-->C:\Sandbox\androidApp\Baeren\BaerenLock\app\src\main\AndroidManifest.xml:30:18-59
35        <!-- Add others you want to check or launch -->
36    </queries>
37
38    <permission
38-->[androidx.core:core:1.13.1] C:\Users\talqu\.gradle\caches\8.13\transforms\af4ea84f64a8197dda02ef6b7a08a250\transformed\core-1.13.1\AndroidManifest.xml:22:5-24:47
39        android:name="com.talq2me.baerenlock.DYNAMIC_RECEIVER_NOT_EXPORTED_PERMISSION"
39-->[androidx.core:core:1.13.1] C:\Users\talqu\.gradle\caches\8.13\transforms\af4ea84f64a8197dda02ef6b7a08a250\transformed\core-1.13.1\AndroidManifest.xml:23:9-81
40        android:protectionLevel="signature" />
40-->[androidx.core:core:1.13.1] C:\Users\talqu\.gradle\caches\8.13\transforms\af4ea84f64a8197dda02ef6b7a08a250\transformed\core-1.13.1\AndroidManifest.xml:24:9-44
41
42    <uses-permission android:name="com.talq2me.baerenlock.DYNAMIC_RECEIVER_NOT_EXPORTED_PERMISSION" />
42-->[androidx.core:core:1.13.1] C:\Users\talqu\.gradle\caches\8.13\transforms\af4ea84f64a8197dda02ef6b7a08a250\transformed\core-1.13.1\AndroidManifest.xml:26:5-97
42-->[androidx.core:core:1.13.1] C:\Users\talqu\.gradle\caches\8.13\transforms\af4ea84f64a8197dda02ef6b7a08a250\transformed\core-1.13.1\AndroidManifest.xml:26:22-94
43
44    <application
44-->C:\Sandbox\androidApp\Baeren\BaerenLock\app\src\main\AndroidManifest.xml:33:5-120:19
45        android:allowBackup="true"
45-->C:\Sandbox\androidApp\Baeren\BaerenLock\app\src\main\AndroidManifest.xml:34:9-35
46        android:appComponentFactory="androidx.core.app.CoreComponentFactory"
46-->[androidx.core:core:1.13.1] C:\Users\talqu\.gradle\caches\8.13\transforms\af4ea84f64a8197dda02ef6b7a08a250\transformed\core-1.13.1\AndroidManifest.xml:28:18-86
47        android:dataExtractionRules="@xml/data_extraction_rules"
47-->C:\Sandbox\androidApp\Baeren\BaerenLock\app\src\main\AndroidManifest.xml:35:9-65
48        android:debuggable="true"
49        android:extractNativeLibs="false"
50        android:fullBackupContent="@xml/backup_rules"
50-->C:\Sandbox\androidApp\Baeren\BaerenLock\app\src\main\AndroidManifest.xml:36:9-54
51        android:hardwareAccelerated="true"
51-->C:\Sandbox\androidApp\Baeren\BaerenLock\app\src\main\AndroidManifest.xml:42:9-43
52        android:icon="@mipmap/ic_launcher"
52-->C:\Sandbox\androidApp\Baeren\BaerenLock\app\src\main\AndroidManifest.xml:37:9-43
53        android:label="BaerenLock"
53-->C:\Sandbox\androidApp\Baeren\BaerenLock\app\src\main\AndroidManifest.xml:38:9-35
54        android:roundIcon="@mipmap/ic_launcher_round"
54-->C:\Sandbox\androidApp\Baeren\BaerenLock\app\src\main\AndroidManifest.xml:39:9-54
55        android:supportsRtl="true"
55-->C:\Sandbox\androidApp\Baeren\BaerenLock\app\src\main\AndroidManifest.xml:40:9-35
56        android:theme="@style/Theme.AppCompat.Light.NoActionBar" >
56-->C:\Sandbox\androidApp\Baeren\BaerenLock\app\src\main\AndroidManifest.xml:41:9-65
57        <activity
57-->C:\Sandbox\androidApp\Baeren\BaerenLock\app\src\main\AndroidManifest.xml:44:9-63:20
58            android:name="com.talq2me.baerenlock.LauncherActivity"
58-->C:\Sandbox\androidApp\Baeren\BaerenLock\app\src\main\AndroidManifest.xml:45:13-45
59            android:exported="true"
59-->C:\Sandbox\androidApp\Baeren\BaerenLock\app\src\main\AndroidManifest.xml:46:13-36
60            android:theme="@style/Theme.AppCompat.Light.NoActionBar" >
60-->C:\Sandbox\androidApp\Baeren\BaerenLock\app\src\main\AndroidManifest.xml:47:13-69
61
62            <!-- This is what makes it the default launcher -->
63            <intent-filter>
63-->C:\Sandbox\androidApp\Baeren\BaerenLock\app\src\main\AndroidManifest.xml:50:13-54:29
64                <action android:name="android.intent.action.MAIN" />
64-->C:\Sandbox\androidApp\Baeren\BaerenLock\app\src\main\AndroidManifest.xml:51:17-69
64-->C:\Sandbox\androidApp\Baeren\BaerenLock\app\src\main\AndroidManifest.xml:51:25-66
65
66                <category android:name="android.intent.category.HOME" />
66-->C:\Sandbox\androidApp\Baeren\BaerenLock\app\src\main\AndroidManifest.xml:52:17-73
66-->C:\Sandbox\androidApp\Baeren\BaerenLock\app\src\main\AndroidManifest.xml:52:27-70
67                <category android:name="android.intent.category.DEFAULT" />
67-->C:\Sandbox\androidApp\Baeren\BaerenLock\app\src\main\AndroidManifest.xml:53:17-76
67-->C:\Sandbox\androidApp\Baeren\BaerenLock\app\src\main\AndroidManifest.xml:53:27-73
68            </intent-filter>
69
70            <!-- This is what Android Studio needs to install/debug -->
71            <intent-filter>
71-->C:\Sandbox\androidApp\Baeren\BaerenLock\app\src\main\AndroidManifest.xml:58:13-61:29
72                <action android:name="android.intent.action.MAIN" />
72-->C:\Sandbox\androidApp\Baeren\BaerenLock\app\src\main\AndroidManifest.xml:51:17-69
72-->C:\Sandbox\androidApp\Baeren\BaerenLock\app\src\main\AndroidManifest.xml:51:25-66
73
74                <category android:name="android.intent.category.LAUNCHER" />
74-->C:\Sandbox\androidApp\Baeren\BaerenLock\app\src\main\AndroidManifest.xml:60:17-77
74-->C:\Sandbox\androidApp\Baeren\BaerenLock\app\src\main\AndroidManifest.xml:60:27-74
75            </intent-filter>
76        </activity>
77        <activity
77-->C:\Sandbox\androidApp\Baeren\BaerenLock\app\src\main\AndroidManifest.xml:64:9-73:20
78            android:name="com.talq2me.baerenlock.MainActivity"
78-->C:\Sandbox\androidApp\Baeren\BaerenLock\app\src\main\AndroidManifest.xml:65:13-41
79            android:configChanges="orientation|screenSize"
79-->C:\Sandbox\androidApp\Baeren\BaerenLock\app\src\main\AndroidManifest.xml:66:13-59
80            android:excludeFromRecents="true"
80-->C:\Sandbox\androidApp\Baeren\BaerenLock\app\src\main\AndroidManifest.xml:72:13-46
81            android:exported="true"
81-->C:\Sandbox\androidApp\Baeren\BaerenLock\app\src\main\AndroidManifest.xml:68:13-36
82            android:hardwareAccelerated="true"
82-->C:\Sandbox\androidApp\Baeren\BaerenLock\app\src\main\AndroidManifest.xml:71:13-47
83            android:launchMode="singleTask"
83-->C:\Sandbox\androidApp\Baeren\BaerenLock\app\src\main\AndroidManifest.xml:67:13-44
84            android:taskAffinity=""
84-->C:\Sandbox\androidApp\Baeren\BaerenLock\app\src\main\AndroidManifest.xml:70:13-36
85            android:theme="@style/Theme.AppCompat.Light.NoActionBar" >
85-->C:\Sandbox\androidApp\Baeren\BaerenLock\app\src\main\AndroidManifest.xml:69:13-69
86        </activity>
87        <activity
87-->C:\Sandbox\androidApp\Baeren\BaerenLock\app\src\main\AndroidManifest.xml:74:9-77:72
88            android:name="com.talq2me.baerenlock.WhitelistSettingsActivity"
88-->C:\Sandbox\androidApp\Baeren\BaerenLock\app\src\main\AndroidManifest.xml:75:13-54
89            android:exported="true"
89-->C:\Sandbox\androidApp\Baeren\BaerenLock\app\src\main\AndroidManifest.xml:76:13-36
90            android:theme="@style/Theme.AppCompat.Light.NoActionBar" />
90-->C:\Sandbox\androidApp\Baeren\BaerenLock\app\src\main\AndroidManifest.xml:77:13-69
91        <activity
91-->C:\Sandbox\androidApp\Baeren\BaerenLock\app\src\main\AndroidManifest.xml:78:9-81:72
92            android:name="com.talq2me.baerenlock.SettingsActivity"
92-->C:\Sandbox\androidApp\Baeren\BaerenLock\app\src\main\AndroidManifest.xml:79:13-45
93            android:exported="true"
93-->C:\Sandbox\androidApp\Baeren\BaerenLock\app\src\main\AndroidManifest.xml:80:13-36
94            android:theme="@style/Theme.AppCompat.Light.NoActionBar" />
94-->C:\Sandbox\androidApp\Baeren\BaerenLock\app\src\main\AndroidManifest.xml:81:13-69
95        <activity
95-->C:\Sandbox\androidApp\Baeren\BaerenLock\app\src\main\AndroidManifest.xml:82:9-85:72
96            android:name="com.talq2me.baerenlock.RewardAppsSettingsActivity"
96-->C:\Sandbox\androidApp\Baeren\BaerenLock\app\src\main\AndroidManifest.xml:83:13-55
97            android:exported="true"
97-->C:\Sandbox\androidApp\Baeren\BaerenLock\app\src\main\AndroidManifest.xml:84:13-36
98            android:theme="@style/Theme.AppCompat.Light.NoActionBar" />
98-->C:\Sandbox\androidApp\Baeren\BaerenLock\app\src\main\AndroidManifest.xml:85:13-69
99        <activity
99-->C:\Sandbox\androidApp\Baeren\BaerenLock\app\src\main\AndroidManifest.xml:86:9-89:72
100            android:name="com.talq2me.baerenlock.ChangePinActivity"
100-->C:\Sandbox\androidApp\Baeren\BaerenLock\app\src\main\AndroidManifest.xml:87:13-46
101            android:exported="true"
101-->C:\Sandbox\androidApp\Baeren\BaerenLock\app\src\main\AndroidManifest.xml:88:13-36
102            android:theme="@style/Theme.AppCompat.Light.NoActionBar" />
102-->C:\Sandbox\androidApp\Baeren\BaerenLock\app\src\main\AndroidManifest.xml:89:13-69
103
104        <service
104-->C:\Sandbox\androidApp\Baeren\BaerenLock\app\src\main\AndroidManifest.xml:91:9-102:19
105            android:name="com.talq2me.baerenlock.AppBlockerService"
105-->C:\Sandbox\androidApp\Baeren\BaerenLock\app\src\main\AndroidManifest.xml:92:13-46
106            android:exported="true"
106-->C:\Sandbox\androidApp\Baeren\BaerenLock\app\src\main\AndroidManifest.xml:94:13-36
107            android:permission="android.permission.BIND_ACCESSIBILITY_SERVICE" >
107-->C:\Sandbox\androidApp\Baeren\BaerenLock\app\src\main\AndroidManifest.xml:93:13-79
108            <intent-filter>
108-->C:\Sandbox\androidApp\Baeren\BaerenLock\app\src\main\AndroidManifest.xml:95:13-97:29
109                <action android:name="android.accessibilityservice.AccessibilityService" />
109-->C:\Sandbox\androidApp\Baeren\BaerenLock\app\src\main\AndroidManifest.xml:96:17-92
109-->C:\Sandbox\androidApp\Baeren\BaerenLock\app\src\main\AndroidManifest.xml:96:25-89
110            </intent-filter>
111
112            <meta-data
112-->C:\Sandbox\androidApp\Baeren\BaerenLock\app\src\main\AndroidManifest.xml:99:13-101:72
113                android:name="android.accessibilityservice"
113-->C:\Sandbox\androidApp\Baeren\BaerenLock\app\src\main\AndroidManifest.xml:100:17-60
114                android:resource="@xml/accessibility_service_config" />
114-->C:\Sandbox\androidApp\Baeren\BaerenLock\app\src\main\AndroidManifest.xml:101:17-69
115        </service>
116
117        <!-- Device Owner / Device Admin Receiver -->
118        <receiver
118-->C:\Sandbox\androidApp\Baeren\BaerenLock\app\src\main\AndroidManifest.xml:105:9-119:20
119            android:name="com.talq2me.baerenlock.DeviceAdminReceiver"
119-->C:\Sandbox\androidApp\Baeren\BaerenLock\app\src\main\AndroidManifest.xml:106:13-48
120            android:description="@string/device_admin_description"
120-->C:\Sandbox\androidApp\Baeren\BaerenLock\app\src\main\AndroidManifest.xml:108:13-67
121            android:exported="true"
121-->C:\Sandbox\androidApp\Baeren\BaerenLock\app\src\main\AndroidManifest.xml:110:13-36
122            android:label="BaerenEd Device Admin"
122-->C:\Sandbox\androidApp\Baeren\BaerenLock\app\src\main\AndroidManifest.xml:107:13-50
123            android:permission="android.permission.BIND_DEVICE_ADMIN" >
123-->C:\Sandbox\androidApp\Baeren\BaerenLock\app\src\main\AndroidManifest.xml:109:13-70
124            <meta-data
124-->C:\Sandbox\androidApp\Baeren\BaerenLock\app\src\main\AndroidManifest.xml:111:13-113:65
125                android:name="android.app.device_admin"
125-->C:\Sandbox\androidApp\Baeren\BaerenLock\app\src\main\AndroidManifest.xml:112:17-56
126                android:resource="@xml/device_admin_policies" />
126-->C:\Sandbox\androidApp\Baeren\BaerenLock\app\src\main\AndroidManifest.xml:113:17-62
127
128            <intent-filter>
128-->C:\Sandbox\androidApp\Baeren\BaerenLock\app\src\main\AndroidManifest.xml:114:13-118:29
129                <action android:name="android.app.action.DEVICE_ADMIN_ENABLED" />
129-->C:\Sandbox\androidApp\Baeren\BaerenLock\app\src\main\AndroidManifest.xml:115:17-82
129-->C:\Sandbox\androidApp\Baeren\BaerenLock\app\src\main\AndroidManifest.xml:115:25-79
130                <action android:name="android.app.action.DEVICE_ADMIN_DISABLED" />
130-->C:\Sandbox\androidApp\Baeren\BaerenLock\app\src\main\AndroidManifest.xml:116:17-83
130-->C:\Sandbox\androidApp\Baeren\BaerenLock\app\src\main\AndroidManifest.xml:116:25-80
131                <action android:name="android.app.action.DEVICE_ADMIN_DISABLE_REQUESTED" />
131-->C:\Sandbox\androidApp\Baeren\BaerenLock\app\src\main\AndroidManifest.xml:117:17-92
131-->C:\Sandbox\androidApp\Baeren\BaerenLock\app\src\main\AndroidManifest.xml:117:25-89
132            </intent-filter>
133        </receiver>
134
135        <activity
135-->[androidx.compose.ui:ui-tooling-android:1.7.0] C:\Users\talqu\.gradle\caches\8.13\transforms\e5f0bfb20d7373f7877fb3931fc1f764\transformed\ui-tooling-release\AndroidManifest.xml:23:9-25:39
136            android:name="androidx.compose.ui.tooling.PreviewActivity"
136-->[androidx.compose.ui:ui-tooling-android:1.7.0] C:\Users\talqu\.gradle\caches\8.13\transforms\e5f0bfb20d7373f7877fb3931fc1f764\transformed\ui-tooling-release\AndroidManifest.xml:24:13-71
137            android:exported="true" />
137-->[androidx.compose.ui:ui-tooling-android:1.7.0] C:\Users\talqu\.gradle\caches\8.13\transforms\e5f0bfb20d7373f7877fb3931fc1f764\transformed\ui-tooling-release\AndroidManifest.xml:25:13-36
138        <activity
138-->[androidx.compose.ui:ui-test-manifest:1.7.0] C:\Users\talqu\.gradle\caches\8.13\transforms\00de8fefc58e66f843eff7f07c526968\transformed\ui-test-manifest-1.7.0\AndroidManifest.xml:23:9-25:39
139            android:name="androidx.activity.ComponentActivity"
139-->[androidx.compose.ui:ui-test-manifest:1.7.0] C:\Users\talqu\.gradle\caches\8.13\transforms\00de8fefc58e66f843eff7f07c526968\transformed\ui-test-manifest-1.7.0\AndroidManifest.xml:24:13-63
140            android:exported="true" />
140-->[androidx.compose.ui:ui-test-manifest:1.7.0] C:\Users\talqu\.gradle\caches\8.13\transforms\00de8fefc58e66f843eff7f07c526968\transformed\ui-test-manifest-1.7.0\AndroidManifest.xml:25:13-36
141
142        <provider
142-->[androidx.emoji2:emoji2:1.3.0] C:\Users\talqu\.gradle\caches\8.13\transforms\4642f5049670721953d5c38e009d8743\transformed\emoji2-1.3.0\AndroidManifest.xml:24:9-32:20
143            android:name="androidx.startup.InitializationProvider"
143-->[androidx.emoji2:emoji2:1.3.0] C:\Users\talqu\.gradle\caches\8.13\transforms\4642f5049670721953d5c38e009d8743\transformed\emoji2-1.3.0\AndroidManifest.xml:25:13-67
144            android:authorities="com.talq2me.baerenlock.androidx-startup"
144-->[androidx.emoji2:emoji2:1.3.0] C:\Users\talqu\.gradle\caches\8.13\transforms\4642f5049670721953d5c38e009d8743\transformed\emoji2-1.3.0\AndroidManifest.xml:26:13-68
145            android:exported="false" >
145-->[androidx.emoji2:emoji2:1.3.0] C:\Users\talqu\.gradle\caches\8.13\transforms\4642f5049670721953d5c38e009d8743\transformed\emoji2-1.3.0\AndroidManifest.xml:27:13-37
146            <meta-data
146-->[androidx.emoji2:emoji2:1.3.0] C:\Users\talqu\.gradle\caches\8.13\transforms\4642f5049670721953d5c38e009d8743\transformed\emoji2-1.3.0\AndroidManifest.xml:29:13-31:52
147                android:name="androidx.emoji2.text.EmojiCompatInitializer"
147-->[androidx.emoji2:emoji2:1.3.0] C:\Users\talqu\.gradle\caches\8.13\transforms\4642f5049670721953d5c38e009d8743\transformed\emoji2-1.3.0\AndroidManifest.xml:30:17-75
148                android:value="androidx.startup" />
148-->[androidx.emoji2:emoji2:1.3.0] C:\Users\talqu\.gradle\caches\8.13\transforms\4642f5049670721953d5c38e009d8743\transformed\emoji2-1.3.0\AndroidManifest.xml:31:17-49
149            <meta-data
149-->[androidx.lifecycle:lifecycle-process:2.8.3] C:\Users\talqu\.gradle\caches\8.13\transforms\972a80b0e0120917c897bee0babf5118\transformed\lifecycle-process-2.8.3\AndroidManifest.xml:29:13-31:52
150                android:name="androidx.lifecycle.ProcessLifecycleInitializer"
150-->[androidx.lifecycle:lifecycle-process:2.8.3] C:\Users\talqu\.gradle\caches\8.13\transforms\972a80b0e0120917c897bee0babf5118\transformed\lifecycle-process-2.8.3\AndroidManifest.xml:30:17-78
151                android:value="androidx.startup" />
151-->[androidx.lifecycle:lifecycle-process:2.8.3] C:\Users\talqu\.gradle\caches\8.13\transforms\972a80b0e0120917c897bee0babf5118\transformed\lifecycle-process-2.8.3\AndroidManifest.xml:31:17-49
152            <meta-data
152-->[androidx.profileinstaller:profileinstaller:1.3.1] C:\Users\talqu\.gradle\caches\8.13\transforms\dcfcb517f12de82e0e6904648a614923\transformed\profileinstaller-1.3.1\AndroidManifest.xml:29:13-31:52
153                android:name="androidx.profileinstaller.ProfileInstallerInitializer"
153-->[androidx.profileinstaller:profileinstaller:1.3.1] C:\Users\talqu\.gradle\caches\8.13\transforms\dcfcb517f12de82e0e6904648a614923\transformed\profileinstaller-1.3.1\AndroidManifest.xml:30:17-85
154                android:value="androidx.startup" />
154-->[androidx.profileinstaller:profileinstaller:1.3.1] C:\Users\talqu\.gradle\caches\8.13\transforms\dcfcb517f12de82e0e6904648a614923\transformed\profileinstaller-1.3.1\AndroidManifest.xml:31:17-49
155        </provider>
156
157        <receiver
157-->[androidx.profileinstaller:profileinstaller:1.3.1] C:\Users\talqu\.gradle\caches\8.13\transforms\dcfcb517f12de82e0e6904648a614923\transformed\profileinstaller-1.3.1\AndroidManifest.xml:34:9-52:20
158            android:name="androidx.profileinstaller.ProfileInstallReceiver"
158-->[androidx.profileinstaller:profileinstaller:1.3.1] C:\Users\talqu\.gradle\caches\8.13\transforms\dcfcb517f12de82e0e6904648a614923\transformed\profileinstaller-1.3.1\AndroidManifest.xml:35:13-76
159            android:directBootAware="false"
159-->[androidx.profileinstaller:profileinstaller:1.3.1] C:\Users\talqu\.gradle\caches\8.13\transforms\dcfcb517f12de82e0e6904648a614923\transformed\profileinstaller-1.3.1\AndroidManifest.xml:36:13-44
160            android:enabled="true"
160-->[androidx.profileinstaller:profileinstaller:1.3.1] C:\Users\talqu\.gradle\caches\8.13\transforms\dcfcb517f12de82e0e6904648a614923\transformed\profileinstaller-1.3.1\AndroidManifest.xml:37:13-35
161            android:exported="true"
161-->[androidx.profileinstaller:profileinstaller:1.3.1] C:\Users\talqu\.gradle\caches\8.13\transforms\dcfcb517f12de82e0e6904648a614923\transformed\profileinstaller-1.3.1\AndroidManifest.xml:38:13-36
162            android:permission="android.permission.DUMP" >
162-->[androidx.profileinstaller:profileinstaller:1.3.1] C:\Users\talqu\.gradle\caches\8.13\transforms\dcfcb517f12de82e0e6904648a614923\transformed\profileinstaller-1.3.1\AndroidManifest.xml:39:13-57
163            <intent-filter>
163-->[androidx.profileinstaller:profileinstaller:1.3.1] C:\Users\talqu\.gradle\caches\8.13\transforms\dcfcb517f12de82e0e6904648a614923\transformed\profileinstaller-1.3.1\AndroidManifest.xml:40:13-42:29
164                <action android:name="androidx.profileinstaller.action.INSTALL_PROFILE" />
164-->[androidx.profileinstaller:profileinstaller:1.3.1] C:\Users\talqu\.gradle\caches\8.13\transforms\dcfcb517f12de82e0e6904648a614923\transformed\profileinstaller-1.3.1\AndroidManifest.xml:41:17-91
164-->[androidx.profileinstaller:profileinstaller:1.3.1] C:\Users\talqu\.gradle\caches\8.13\transforms\dcfcb517f12de82e0e6904648a614923\transformed\profileinstaller-1.3.1\AndroidManifest.xml:41:25-88
165            </intent-filter>
166            <intent-filter>
166-->[androidx.profileinstaller:profileinstaller:1.3.1] C:\Users\talqu\.gradle\caches\8.13\transforms\dcfcb517f12de82e0e6904648a614923\transformed\profileinstaller-1.3.1\AndroidManifest.xml:43:13-45:29
167                <action android:name="androidx.profileinstaller.action.SKIP_FILE" />
167-->[androidx.profileinstaller:profileinstaller:1.3.1] C:\Users\talqu\.gradle\caches\8.13\transforms\dcfcb517f12de82e0e6904648a614923\transformed\profileinstaller-1.3.1\AndroidManifest.xml:44:17-85
167-->[androidx.profileinstaller:profileinstaller:1.3.1] C:\Users\talqu\.gradle\caches\8.13\transforms\dcfcb517f12de82e0e6904648a614923\transformed\profileinstaller-1.3.1\AndroidManifest.xml:44:25-82
168            </intent-filter>
169            <intent-filter>
169-->[androidx.profileinstaller:profileinstaller:1.3.1] C:\Users\talqu\.gradle\caches\8.13\transforms\dcfcb517f12de82e0e6904648a614923\transformed\profileinstaller-1.3.1\AndroidManifest.xml:46:13-48:29
170                <action android:name="androidx.profileinstaller.action.SAVE_PROFILE" />
170-->[androidx.profileinstaller:profileinstaller:1.3.1] C:\Users\talqu\.gradle\caches\8.13\transforms\dcfcb517f12de82e0e6904648a614923\transformed\profileinstaller-1.3.1\AndroidManifest.xml:47:17-88
170-->[androidx.profileinstaller:profileinstaller:1.3.1] C:\Users\talqu\.gradle\caches\8.13\transforms\dcfcb517f12de82e0e6904648a614923\transformed\profileinstaller-1.3.1\AndroidManifest.xml:47:25-85
171            </intent-filter>
172            <intent-filter>
172-->[androidx.profileinstaller:profileinstaller:1.3.1] C:\Users\talqu\.gradle\caches\8.13\transforms\dcfcb517f12de82e0e6904648a614923\transformed\profileinstaller-1.3.1\AndroidManifest.xml:49:13-51:29
173                <action android:name="androidx.profileinstaller.action.BENCHMARK_OPERATION" />
173-->[androidx.profileinstaller:profileinstaller:1.3.1] C:\Users\talqu\.gradle\caches\8.13\transforms\dcfcb517f12de82e0e6904648a614923\transformed\profileinstaller-1.3.1\AndroidManifest.xml:50:17-95
173-->[androidx.profileinstaller:profileinstaller:1.3.1] C:\Users\talqu\.gradle\caches\8.13\transforms\dcfcb517f12de82e0e6904648a614923\transformed\profileinstaller-1.3.1\AndroidManifest.xml:50:25-92
174            </intent-filter>
175        </receiver>
176    </application>
177
178</manifest>

Merged manifest saved to C:\Sandbox\androidApp\Baeren\BaerenLock\app\build\intermediates\merged_manifest\debug\processDebugMainManifest\AndroidManifest.xml
Resolve mutations for :app:processDebugManifest (Thread[#2676,Execution worker Thread 2,5,main]) started.
:app:processDebugManifest (Thread[#2676,Execution worker Thread 2,5,main]) started.

> Task :app:processDebugManifest
Caching disabled for task ':app:processDebugManifest' because:
  Build cache is disabled
Task ':app:processDebugManifest' is not up-to-date because:
  Output property 'multiApkManifestOutputDirectory' file C:\Sandbox\androidApp\Baeren\BaerenLock\app\build\intermediates\merged_manifests\debug\processDebugManifest has been removed.
  Output property 'multiApkManifestOutputDirectory' file C:\Sandbox\androidApp\Baeren\BaerenLock\app\build\intermediates\merged_manifests\debug\processDebugManifest\AndroidManifest.xml has been removed.
  Output property 'multiApkManifestOutputDirectory' file C:\Sandbox\androidApp\Baeren\BaerenLock\app\build\intermediates\merged_manifests\debug\processDebugManifest\output-metadata.json has been removed.
Resolve mutations for :app:processDebugManifestForPackage (Thread[#2676,Execution worker Thread 2,5,main]) started.
:app:processDebugManifestForPackage (Thread[#2676,Execution worker Thread 2,5,main]) started.
Resolve mutations for :app:javaPreCompileDebug (Thread[#2684,Execution worker Thread 10,5,main]) started.
:app:javaPreCompileDebug (Thread[#2684,Execution worker Thread 10,5,main]) started.
Resolve mutations for :app:mergeDebugShaders (Thread[#2694,Execution worker Thread 19,5,main]) started.
:app:mergeDebugShaders (Thread[#2694,Execution worker Thread 19,5,main]) started.

> Task :app:javaPreCompileDebug
Caching disabled for task ':app:javaPreCompileDebug' because:
  Build cache is disabled
Task ':app:javaPreCompileDebug' is not up-to-date because:
  Output property 'annotationProcessorListFile' file C:\Sandbox\androidApp\Baeren\BaerenLock\app\build\intermediates\annotation_processor_list\debug\javaPreCompileDebug\annotationProcessors.json has been removed.

> Task :app:mergeDebugShaders
Caching disabled for task ':app:mergeDebugShaders' because:
  Build cache is disabled
  Simple merging task
Task ':app:mergeDebugShaders' is not up-to-date because:
  Output property 'outputDir' file C:\Sandbox\androidApp\Baeren\BaerenLock\app\build\intermediates\merged_shaders\debug\mergeDebugShaders\out has been removed.
The input changes require a full rebuild for incremental task ':app:mergeDebugShaders'.
Resolve mutations for :app:compileDebugShaders (Thread[#2694,Execution worker Thread 19,5,main]) started.
:app:compileDebugShaders (Thread[#2694,Execution worker Thread 19,5,main]) started.

> Task :app:compileDebugShaders NO-SOURCE
Skipping task ':app:compileDebugShaders' as it has no source files and no previous output files.
Resolve mutations for :app:generateDebugAssets (Thread[#2694,Execution worker Thread 19,5,main]) started.
:app:generateDebugAssets (Thread[#2694,Execution worker Thread 19,5,main]) started.

> Task :app:generateDebugAssets UP-TO-DATE
Skipping task ':app:generateDebugAssets' as it has no actions.
Resolve mutations for :app:mergeDebugAssets (Thread[#2694,Execution worker Thread 19,5,main]) started.
:app:mergeDebugAssets (Thread[#2694,Execution worker Thread 19,5,main]) started.

> Task :app:mergeDebugAssets
Caching disabled for task ':app:mergeDebugAssets' because:
  Build cache is disabled
  Simple merging task
Task ':app:mergeDebugAssets' is not up-to-date because:
  Output property 'outputDir' file C:\Sandbox\androidApp\Baeren\BaerenLock\app\build\intermediates\assets\debug\mergeDebugAssets has been removed.
The input changes require a full rebuild for incremental task ':app:mergeDebugAssets'.
Resolve mutations for :app:compressDebugAssets (Thread[#2694,Execution worker Thread 19,5,main]) started.
:app:compressDebugAssets (Thread[#2694,Execution worker Thread 19,5,main]) started.

> Task :app:compressDebugAssets
Caching disabled for task ':app:compressDebugAssets' because:
  Build cache is disabled
Task ':app:compressDebugAssets' is not up-to-date because:
  Output property 'outputDir' file C:\Sandbox\androidApp\Baeren\BaerenLock\app\build\intermediates\compressed_assets\debug\compressDebugAssets\out has been removed.
The input changes require a full rebuild for incremental task ':app:compressDebugAssets'.
Resolve mutations for :app:desugarDebugFileDependencies (Thread[#2694,Execution worker Thread 19,5,main]) started.
:app:desugarDebugFileDependencies (Thread[#2694,Execution worker Thread 19,5,main]) started.

> Task :app:desugarDebugFileDependencies
Caching disabled for task ':app:desugarDebugFileDependencies' because:
  Build cache is disabled
Task ':app:desugarDebugFileDependencies' is not up-to-date because:
  Output property 'outputDirectory' file C:\Sandbox\androidApp\Baeren\BaerenLock\app\build\intermediates\external_file_lib_dex_archives\debug\desugarDebugFileDependencies has been removed.
  Output property 'outputGlobalSynthetics' file C:\Sandbox\androidApp\Baeren\BaerenLock\app\build\intermediates\global_synthetics_file_lib\debug\desugarDebugFileDependencies has been removed.
Resolve mutations for :app:checkDebugDuplicateClasses (Thread[#2694,Execution worker Thread 19,5,main]) started.
:app:checkDebugDuplicateClasses (Thread[#2694,Execution worker Thread 19,5,main]) started.
Resolve mutations for :app:mergeDebugJniLibFolders (Thread[#2691,Execution worker Thread 17,5,main]) started.
:app:mergeDebugJniLibFolders (Thread[#2691,Execution worker Thread 17,5,main]) started.

> Task :app:mergeDebugJniLibFolders
Caching disabled for task ':app:mergeDebugJniLibFolders' because:
  Build cache is disabled
  Simple merging task
Task ':app:mergeDebugJniLibFolders' is not up-to-date because:
  Output property 'outputDir' file C:\Sandbox\androidApp\Baeren\BaerenLock\app\build\intermediates\merged_jni_libs\debug\mergeDebugJniLibFolders\out has been removed.
The input changes require a full rebuild for incremental task ':app:mergeDebugJniLibFolders'.
Resolve mutations for :app:mergeDebugNativeLibs (Thread[#2691,Execution worker Thread 17,5,main]) started.
:app:mergeDebugNativeLibs (Thread[#2691,Execution worker Thread 17,5,main]) started.
Resolve mutations for :app:validateSigningDebug (Thread[#2690,Execution worker Thread 16,5,main]) started.
:app:validateSigningDebug (Thread[#2690,Execution worker Thread 16,5,main]) started.

> Task :app:checkDebugDuplicateClasses
Caching disabled for task ':app:checkDebugDuplicateClasses' because:
  Build cache is disabled
  Caching has been disabled for the task
Task ':app:checkDebugDuplicateClasses' is not up-to-date because:
  Output property 'dummyOutputDirectory' file C:\Sandbox\androidApp\Baeren\BaerenLock\app\build\intermediates\duplicate_classes_check\debug\checkDebugDuplicateClasses has been removed.

> Task :app:validateSigningDebug
Caching disabled for task ':app:validateSigningDebug' because:
  Build cache is disabled
  Caching has been disabled for the task
Task ':app:validateSigningDebug' is not up-to-date because:
  Output property 'dummyOutputDirectory' file C:\Sandbox\androidApp\Baeren\BaerenLock\app\build\intermediates\validate_signing_config\debug\validateSigningDebug has been removed.
Resolve mutations for :app:mergeExtDexDebug (Thread[#2690,Execution worker Thread 16,5,main]) started.
:app:mergeExtDexDebug (Thread[#2690,Execution worker Thread 16,5,main]) started.

> Task :app:mergeDebugNativeLibs
Caching disabled for task ':app:mergeDebugNativeLibs' because:
  Build cache is disabled
  Caching has been disabled for the task
Task ':app:mergeDebugNativeLibs' is not up-to-date because:
  Output property 'outputDir' file C:\Sandbox\androidApp\Baeren\BaerenLock\app\build\intermediates\merged_native_libs\debug\mergeDebugNativeLibs\out has been removed.
  Output property 'outputDir' file C:\Sandbox\androidApp\Baeren\BaerenLock\app\build\intermediates\merged_native_libs\debug\mergeDebugNativeLibs\out\lib has been removed.
  Output property 'outputDir' file C:\Sandbox\androidApp\Baeren\BaerenLock\app\build\intermediates\merged_native_libs\debug\mergeDebugNativeLibs\out\lib\arm64-v8a has been removed.
  and more...
Resolve mutations for :app:mergeLibDexDebug (Thread[#2691,Execution worker Thread 17,5,main]) started.
:app:mergeLibDexDebug (Thread[#2691,Execution worker Thread 17,5,main]) started.
Resolve mutations for :app:stripDebugDebugSymbols (Thread[#2693,Execution worker Thread 18,5,main]) started.
:app:stripDebugDebugSymbols (Thread[#2693,Execution worker Thread 18,5,main]) started.
Resolve mutations for :app:writeDebugAppMetadata (Thread[#2683,Execution worker Thread 9,5,main]) started.
:app:writeDebugAppMetadata (Thread[#2683,Execution worker Thread 9,5,main]) started.

> Task :app:writeDebugAppMetadata
Caching disabled for task ':app:writeDebugAppMetadata' because:
  Build cache is disabled
  Caching has been disabled for the task
Task ':app:writeDebugAppMetadata' is not up-to-date because:
  Output property 'outputFile' file C:\Sandbox\androidApp\Baeren\BaerenLock\app\build\intermediates\app_metadata\debug\writeDebugAppMetadata\app-metadata.properties has been removed.
Resolve mutations for :app:writeDebugSigningConfigVersions (Thread[#2683,Execution worker Thread 9,5,main]) started.
:app:writeDebugSigningConfigVersions (Thread[#2683,Execution worker Thread 9,5,main]) started.

> Task :app:stripDebugDebugSymbols
Caching disabled for task ':app:stripDebugDebugSymbols' because:
  Build cache is disabled
  Caching has been disabled for the task
Task ':app:stripDebugDebugSymbols' is not up-to-date because:
  Output property 'outputDir' file C:\Sandbox\androidApp\Baeren\BaerenLock\app\build\intermediates\stripped_native_libs\debug\stripDebugDebugSymbols\out has been removed.
  Output property 'outputDir' file C:\Sandbox\androidApp\Baeren\BaerenLock\app\build\intermediates\stripped_native_libs\debug\stripDebugDebugSymbols\out\lib has been removed.
  Output property 'outputDir' file C:\Sandbox\androidApp\Baeren\BaerenLock\app\build\intermediates\stripped_native_libs\debug\stripDebugDebugSymbols\out\lib\arm64-v8a has been removed.
  and more...
The input changes require a full rebuild for incremental task ':app:stripDebugDebugSymbols'.
C/C++: android.ndkVersion from module build.gradle is [27.0.12077973]
C/C++: android.ndkPath from module build.gradle is not set
C/C++: ndk.dir in local.properties is not set
C/C++: Not considering ANDROID_NDK_HOME because support was removed after deprecation period.
C/C++: sdkFolder is C:\Users\talqu\AppData\Local\Android\Sdk
C/C++: NDK side-by-side folder from sdkFolder C:\Users\talqu\AppData\Local\Android\Sdk\ndk does not exist
C/C++: Folder C:\Users\talqu\AppData\Local\Android\Sdk\ndk\27.0.12077973 does not exist. Ignoring.
C/C++: android.ndkVersion from module build.gradle is [27.0.12077973]
C/C++: android.ndkPath from module build.gradle is not set
C/C++: ndk.dir in local.properties is not set
C/C++: Not considering ANDROID_NDK_HOME because support was removed after deprecation period.
C/C++: android.ndkVersion from module build.gradle is [27.0.12077973]
C/C++: android.ndkPath from module build.gradle is not set
C/C++: ndk.dir in local.properties is not set
C/C++: Not considering ANDROID_NDK_HOME because support was removed after deprecation period.
C/C++: sdkFolder is C:\Users\talqu\AppData\Local\Android\Sdk
C/C++: android.ndkVersion from module build.gradle is [27.0.12077973]
C/C++: android.ndkPath from module build.gradle is not set
C/C++: ndk.dir in local.properties is not set
C/C++: Not considering ANDROID_NDK_HOME because support was removed after deprecation period.
C/C++: sdkFolder is C:\Users\talqu\AppData\Local\Android\Sdk
C/C++: NDK side-by-side folder from sdkFolder C:\Users\talqu\AppData\Local\Android\Sdk\ndk does not exist
C/C++: sdkFolder is C:\Users\talqu\AppData\Local\Android\Sdk
C/C++: NDK side-by-side folder from sdkFolder C:\Users\talqu\AppData\Local\Android\Sdk\ndk does not exist
C/C++: Folder C:\Users\talqu\AppData\Local\Android\Sdk\ndk\27.0.12077973 does not exist. Ignoring.
C/C++: Folder C:\Users\talqu\AppData\Local\Android\Sdk\ndk-bundle does not exist. Ignoring.
C/C++: Folder C:\Users\talqu\AppData\Local\Android\Sdk\ndk\27.0.12077973 does not exist. Ignoring.
Unable to strip library 'C:\Sandbox\androidApp\Baeren\BaerenLock\app\build\intermediates\merged_native_libs\debug\mergeDebugNativeLibs\out\lib\armeabi-v7a\libandroidx.graphics.path.so' due to missing strip tool for ABI 'armeabi-v7a'. Packaging it as is.
C/C++: Folder C:\Users\talqu\AppData\Local\Android\Sdk\ndk-bundle does not exist. Ignoring.
Unable to strip library 'C:\Sandbox\androidApp\Baeren\BaerenLock\app\build\intermediates\merged_native_libs\debug\mergeDebugNativeLibs\out\lib\arm64-v8a\libandroidx.graphics.path.so' due to missing strip tool for ABI 'arm64-v8a'. Packaging it as is.
C/C++: Folder C:\Users\talqu\AppData\Local\Android\Sdk\ndk-bundle does not exist. Ignoring.
Unable to strip library 'C:\Sandbox\androidApp\Baeren\BaerenLock\app\build\intermediates\merged_native_libs\debug\mergeDebugNativeLibs\out\lib\x86_64\libandroidx.graphics.path.so' due to missing strip tool for ABI 'x86_64'. Packaging it as is.
C/C++: NDK side-by-side folder from sdkFolder C:\Users\talqu\AppData\Local\Android\Sdk\ndk does not exist
C/C++: Folder C:\Users\talqu\AppData\Local\Android\Sdk\ndk\27.0.12077973 does not exist. Ignoring.
C/C++: Folder C:\Users\talqu\AppData\Local\Android\Sdk\ndk-bundle does not exist. Ignoring.
Unable to strip library 'C:\Sandbox\androidApp\Baeren\BaerenLock\app\build\intermediates\merged_native_libs\debug\mergeDebugNativeLibs\out\lib\x86\libandroidx.graphics.path.so' due to missing strip tool for ABI 'x86'. Packaging it as is.
Unable to strip the following libraries, packaging them as they are: libandroidx.graphics.path.so. Run with --info option to learn more.

> Task :app:writeDebugSigningConfigVersions
Caching disabled for task ':app:writeDebugSigningConfigVersions' because:
  Build cache is disabled
  Caching has been disabled for the task
Task ':app:writeDebugSigningConfigVersions' is not up-to-date because:
  Output property 'outputFile' file C:\Sandbox\androidApp\Baeren\BaerenLock\app\build\intermediates\signing_config_versions\debug\writeDebugSigningConfigVersions\signing-config-versions.json has been removed.
Resolve mutations for :app:preReleaseBuild (Thread[#2683,Execution worker Thread 9,5,main]) started.
:app:preReleaseBuild (Thread[#2683,Execution worker Thread 9,5,main]) started.

> Task :app:preReleaseBuild UP-TO-DATE
Skipping task ':app:preReleaseBuild' as it has no actions.
Resolve mutations for :app:mergeReleaseJniLibFolders (Thread[#2683,Execution worker Thread 9,5,main]) started.
:app:mergeReleaseJniLibFolders (Thread[#2683,Execution worker Thread 9,5,main]) started.

> Task :app:mergeLibDexDebug
Caching disabled for task ':app:mergeLibDexDebug' because:
  Build cache is disabled
Task ':app:mergeLibDexDebug' is not up-to-date because:
  Output property 'outputDir' file C:\Sandbox\androidApp\Baeren\BaerenLock\app\build\intermediates\dex\debug\mergeLibDexDebug has been removed.
  Output property 'outputDir' file C:\Sandbox\androidApp\Baeren\BaerenLock\app\build\intermediates\dex\debug\mergeLibDexDebug\0 has been removed.
  Output property 'outputDir' file C:\Sandbox\androidApp\Baeren\BaerenLock\app\build\intermediates\dex\debug\mergeLibDexDebug\1 has been removed.
  and more...
The input changes require a full rebuild for incremental task ':app:mergeLibDexDebug'.

> Task :app:mergeReleaseJniLibFolders
Caching disabled for task ':app:mergeReleaseJniLibFolders' because:
  Build cache is disabled
  Simple merging task
Task ':app:mergeReleaseJniLibFolders' is not up-to-date because:
  Output property 'outputDir' file C:\Sandbox\androidApp\Baeren\BaerenLock\app\build\intermediates\merged_jni_libs\release\mergeReleaseJniLibFolders\out has been removed.
The input changes require a full rebuild for incremental task ':app:mergeReleaseJniLibFolders'.
Resolve mutations for :app:mergeReleaseNativeLibs (Thread[#2683,Execution worker Thread 9,5,main]) started.
:app:mergeReleaseNativeLibs (Thread[#2683,Execution worker Thread 9,5,main]) started.
Resolve mutations for :app:checkReleaseDuplicateClasses (Thread[#2688,Execution worker Thread 14,5,main]) started.
:app:checkReleaseDuplicateClasses (Thread[#2688,Execution worker Thread 14,5,main]) started.
Resolve mutations for :app:buildKotlinToolingMetadata (Thread[#2684,Execution worker Thread 10,5,main]) started.
:app:buildKotlinToolingMetadata (Thread[#2684,Execution worker Thread 10,5,main]) started.

> Task :app:buildKotlinToolingMetadata
Caching disabled for task ':app:buildKotlinToolingMetadata' because:
  Build cache is disabled
  Caching has been disabled for the task
Task ':app:buildKotlinToolingMetadata' is not up-to-date because:
  Output property 'outputDirectory' file C:\Sandbox\androidApp\Baeren\BaerenLock\app\build\kotlinToolingMetadata has been removed.
  Output property 'outputDirectory' file C:\Sandbox\androidApp\Baeren\BaerenLock\app\build\kotlinToolingMetadata\kotlin-tooling-metadata.json has been removed.
Resolve mutations for :app:checkReleaseAarMetadata (Thread[#2684,Execution worker Thread 10,5,main]) started.

> Task :app:mergeReleaseNativeLibs
Caching disabled for task ':app:mergeReleaseNativeLibs' because:
  Build cache is disabled
  Caching has been disabled for the task
Task ':app:mergeReleaseNativeLibs' is not up-to-date because:
  Output property 'outputDir' file C:\Sandbox\androidApp\Baeren\BaerenLock\app\build\intermediates\merged_native_libs\release\mergeReleaseNativeLibs\out has been removed.
  Output property 'outputDir' file C:\Sandbox\androidApp\Baeren\BaerenLock\app\build\intermediates\merged_native_libs\release\mergeReleaseNativeLibs\out\lib has been removed.
  Output property 'outputDir' file C:\Sandbox\androidApp\Baeren\BaerenLock\app\build\intermediates\merged_native_libs\release\mergeReleaseNativeLibs\out\lib\arm64-v8a has been removed.
  and more...
Resolve mutations for :app:stripReleaseDebugSymbols (Thread[#2684,Execution worker Thread 10,5,main]) started.
:app:stripReleaseDebugSymbols (Thread[#2684,Execution worker Thread 10,5,main]) started.
:app:checkReleaseAarMetadata (Thread[#2675,Execution worker,5,main]) started.
Resolve mutations for :app:generateReleaseResValues (Thread[#2683,Execution worker Thread 9,5,main]) started.
:app:generateReleaseResValues (Thread[#2683,Execution worker Thread 9,5,main]) started.

> Task :app:stripReleaseDebugSymbols
Caching disabled for task ':app:stripReleaseDebugSymbols' because:
  Build cache is disabled
  Caching has been disabled for the task
Task ':app:stripReleaseDebugSymbols' is not up-to-date because:
  Output property 'outputDir' file C:\Sandbox\androidApp\Baeren\BaerenLock\app\build\intermediates\stripped_native_libs\release\stripReleaseDebugSymbols\out has been removed.
  Output property 'outputDir' file C:\Sandbox\androidApp\Baeren\BaerenLock\app\build\intermediates\stripped_native_libs\release\stripReleaseDebugSymbols\out\lib has been removed.
  Output property 'outputDir' file C:\Sandbox\androidApp\Baeren\BaerenLock\app\build\intermediates\stripped_native_libs\release\stripReleaseDebugSymbols\out\lib\arm64-v8a has been removed.
  and more...
The input changes require a full rebuild for incremental task ':app:stripReleaseDebugSymbols'.
C/C++: android.ndkVersion from module build.gradle is [27.0.12077973]
C/C++: android.ndkPath from module build.gradle is not set
C/C++: ndk.dir in local.properties is not set
C/C++: Not considering ANDROID_NDK_HOME because support was removed after deprecation period.
C/C++: sdkFolder is C:\Users\talqu\AppData\Local\Android\Sdk
C/C++: NDK side-by-side folder from sdkFolder C:\Users\talqu\AppData\Local\Android\Sdk\ndk does not exist
C/C++: Folder C:\Users\talqu\AppData\Local\Android\Sdk\ndk\27.0.12077973 does not exist. Ignoring.
C/C++: Folder C:\Users\talqu\AppData\Local\Android\Sdk\ndk-bundle does not exist. Ignoring.
Unable to strip library 'C:\Sandbox\androidApp\Baeren\BaerenLock\app\build\intermediates\merged_native_libs\release\mergeReleaseNativeLibs\out\lib\armeabi-v7a\libandroidx.graphics.path.so' due to missing strip tool for ABI 'armeabi-v7a'. Packaging it as is.
C/C++: android.ndkVersion from module build.gradle is [27.0.12077973]
C/C++: android.ndkPath from module build.gradle is not set
C/C++: ndk.dir in local.properties is not set
C/C++: Not considering ANDROID_NDK_HOME because support was removed after deprecation period.
C/C++: sdkFolder is C:\Users\talqu\AppData\Local\Android\Sdk
C/C++: NDK side-by-side folder from sdkFolder C:\Users\talqu\AppData\Local\Android\Sdk\ndk does not exist
C/C++: android.ndkVersion from module build.gradle is [27.0.12077973]
C/C++: android.ndkPath from module build.gradle is not set
C/C++: ndk.dir in local.properties is not set
C/C++: Not considering ANDROID_NDK_HOME because support was removed after deprecation period.
C/C++: sdkFolder is C:\Users\talqu\AppData\Local\Android\Sdk
C/C++: Folder C:\Users\talqu\AppData\Local\Android\Sdk\ndk\27.0.12077973 does not exist. Ignoring.
C/C++: NDK side-by-side folder from sdkFolder C:\Users\talqu\AppData\Local\Android\Sdk\ndk does not exist
C/C++: android.ndkVersion from module build.gradle is [27.0.12077973]
C/C++: android.ndkPath from module build.gradle is not set
C/C++: Folder C:\Users\talqu\AppData\Local\Android\Sdk\ndk\27.0.12077973 does not exist. Ignoring.
C/C++: Folder C:\Users\talqu\AppData\Local\Android\Sdk\ndk-bundle does not exist. Ignoring.
Unable to strip library 'C:\Sandbox\androidApp\Baeren\BaerenLock\app\build\intermediates\merged_native_libs\release\mergeReleaseNativeLibs\out\lib\x86\libandroidx.graphics.path.so' due to missing strip tool for ABI 'x86'. Packaging it as is.
C/C++: Folder C:\Users\talqu\AppData\Local\Android\Sdk\ndk-bundle does not exist. Ignoring.
C/C++: ndk.dir in local.properties is not set
Unable to strip library 'C:\Sandbox\androidApp\Baeren\BaerenLock\app\build\intermediates\merged_native_libs\release\mergeReleaseNativeLibs\out\lib\x86_64\libandroidx.graphics.path.so' due to missing strip tool for ABI 'x86_64'. Packaging it as is.
C/C++: Not considering ANDROID_NDK_HOME because support was removed after deprecation period.
C/C++: sdkFolder is C:\Users\talqu\AppData\Local\Android\Sdk
C/C++: NDK side-by-side folder from sdkFolder C:\Users\talqu\AppData\Local\Android\Sdk\ndk does not exist
C/C++: Folder C:\Users\talqu\AppData\Local\Android\Sdk\ndk\27.0.12077973 does not exist. Ignoring.
C/C++: Folder C:\Users\talqu\AppData\Local\Android\Sdk\ndk-bundle does not exist. Ignoring.
Unable to strip library 'C:\Sandbox\androidApp\Baeren\BaerenLock\app\build\intermediates\merged_native_libs\release\mergeReleaseNativeLibs\out\lib\arm64-v8a\libandroidx.graphics.path.so' due to missing strip tool for ABI 'arm64-v8a'. Packaging it as is.
Unable to strip the following libraries, packaging them as they are: libandroidx.graphics.path.so. Run with --info option to learn more.

> Task :app:generateReleaseResValues
Caching disabled for task ':app:generateReleaseResValues' because:
  Build cache is disabled
Task ':app:generateReleaseResValues' is not up-to-date because:
  Output property 'outputDirectory' file C:\Sandbox\androidApp\Baeren\BaerenLock\app\build\generated\res\resValues\release has been removed.
Resolve mutations for :app:extractReleaseNativeSymbolTables (Thread[#2683,Execution worker Thread 9,5,main]) started.
:app:extractReleaseNativeSymbolTables (Thread[#2683,Execution worker Thread 9,5,main]) started.

> Task :app:checkReleaseDuplicateClasses
Caching disabled for task ':app:checkReleaseDuplicateClasses' because:
  Build cache is disabled
  Caching has been disabled for the task
Task ':app:checkReleaseDuplicateClasses' is not up-to-date because:
  Output property 'dummyOutputDirectory' file C:\Sandbox\androidApp\Baeren\BaerenLock\app\build\intermediates\duplicate_classes_check\release\checkReleaseDuplicateClasses has been removed.
Resolve mutations for :app:mapReleaseSourceSetPaths (Thread[#2688,Execution worker Thread 14,5,main]) started.
:app:mapReleaseSourceSetPaths (Thread[#2688,Execution worker Thread 14,5,main]) started.

> Task :app:checkReleaseAarMetadata
Caching disabled for task ':app:checkReleaseAarMetadata' because:
  Build cache is disabled
  Caching has been disabled for the task
Task ':app:checkReleaseAarMetadata' is not up-to-date because:
  Output property 'dummyOutputDirectory' file C:\Sandbox\androidApp\Baeren\BaerenLock\app\build\intermediates\aar_metadata_check\release\checkReleaseAarMetadata has been removed.

> Task :app:extractReleaseNativeSymbolTables
Caching disabled for task ':app:extractReleaseNativeSymbolTables' because:
  Build cache is disabled
Task ':app:extractReleaseNativeSymbolTables' is not up-to-date because:
  Output property 'outputDir' file C:\Sandbox\androidApp\Baeren\BaerenLock\app\build\intermediates\native_symbol_tables\release\extractReleaseNativeSymbolTables\out has been removed.
C/C++: android.ndkVersion from module build.gradle is [27.0.12077973]
C/C++: android.ndkPath from module build.gradle is not set
C/C++: ndk.dir in local.properties is not set
C/C++: Not considering ANDROID_NDK_HOME because support was removed after deprecation period.
C/C++: sdkFolder is C:\Users\talqu\AppData\Local\Android\Sdk
C/C++: NDK side-by-side folder from sdkFolder C:\Users\talqu\AppData\Local\Android\Sdk\ndk does not exist
C/C++: Folder C:\Users\talqu\AppData\Local\Android\Sdk\ndk\27.0.12077973 does not exist. Ignoring.
C/C++: Folder C:\Users\talqu\AppData\Local\Android\Sdk\ndk-bundle does not exist. Ignoring.
Unable to extract native debug metadata from C:\Sandbox\androidApp\Baeren\BaerenLock\app\build\intermediates\merged_native_libs\release\mergeReleaseNativeLibs\out\lib\arm64-v8a\libandroidx.graphics.path.so because the native debug metadata has already been stripped.
Unable to extract native debug metadata from C:\Sandbox\androidApp\Baeren\BaerenLock\app\build\intermediates\merged_native_libs\release\mergeReleaseNativeLibs\out\lib\armeabi-v7a\libandroidx.graphics.path.so because the native debug metadata has already been stripped.
Unable to extract native debug metadata from C:\Sandbox\androidApp\Baeren\BaerenLock\app\build\intermediates\merged_native_libs\release\mergeReleaseNativeLibs\out\lib\x86\libandroidx.graphics.path.so because the native debug metadata has already been stripped.
Unable to extract native debug metadata from C:\Sandbox\androidApp\Baeren\BaerenLock\app\build\intermediates\merged_native_libs\release\mergeReleaseNativeLibs\out\lib\x86_64\libandroidx.graphics.path.so because the native debug metadata has already been stripped.

> Task :app:mapReleaseSourceSetPaths
Caching disabled for task ':app:mapReleaseSourceSetPaths' because:
  Build cache is disabled
  Caching has been disabled for the task
Task ':app:mapReleaseSourceSetPaths' is not up-to-date because:
  Output property 'filepathMappingFile' file C:\Sandbox\androidApp\Baeren\BaerenLock\app\build\intermediates\source_set_path_map\release\mapReleaseSourceSetPaths\file-map.txt has been removed.
Resolve mutations for :app:mergeReleaseNativeDebugMetadata (Thread[#2688,Execution worker Thread 14,5,main]) started.
:app:mergeReleaseNativeDebugMetadata (Thread[#2688,Execution worker Thread 14,5,main]) started.

> Task :app:mergeReleaseNativeDebugMetadata NO-SOURCE
Skipping task ':app:mergeReleaseNativeDebugMetadata' as it has no source files and no previous output files.
Resolve mutations for :app:generateReleaseResources (Thread[#2688,Execution worker Thread 14,5,main]) started.
:app:generateReleaseResources (Thread[#2688,Execution worker Thread 14,5,main]) started.

> Task :app:generateReleaseResources
Caching disabled for task ':app:generateReleaseResources' because:
  Build cache is disabled
Task ':app:generateReleaseResources' is not up-to-date because:
  Output property 'validationReportFile' file C:\Sandbox\androidApp\Baeren\BaerenLock\app\build\intermediates\nested_resources_validation_report\release\generateReleaseResources\nestedResourcesValidationReport.txt has been removed.
Resolve mutations for :app:mergeReleaseResources (Thread[#2688,Execution worker Thread 14,5,main]) started.
:app:mergeReleaseResources (Thread[#2688,Execution worker Thread 14,5,main]) started.

> Task :app:processDebugManifestForPackage
Custom actions are attached to task ':app:processDebugManifestForPackage'.
Caching disabled for task ':app:processDebugManifestForPackage' because:
  Build cache is disabled
Task ':app:processDebugManifestForPackage' is not up-to-date because:
  Output property 'packageManifests' file C:\Sandbox\androidApp\Baeren\BaerenLock\app\build\intermediates\packaged_manifests\debug\processDebugManifestForPackage has been removed.
  Output property 'packageManifests' file C:\Sandbox\androidApp\Baeren\BaerenLock\app\build\intermediates\packaged_manifests\debug\processDebugManifestForPackage\AndroidManifest.xml has been removed.
  Output property 'packageManifests' file C:\Sandbox\androidApp\Baeren\BaerenLock\app\build\intermediates\packaged_manifests\debug\processDebugManifestForPackage\output-metadata.json has been removed.

Resolve mutations for :app:packageReleaseResources (Thread[#2677,Execution worker Thread 3,5,main]) started.
:app:packageReleaseResources (Thread[#2677,Execution worker Thread 3,5,main]) started.

> Task :app:mergeExtDexDebug
Caching disabled for task ':app:mergeExtDexDebug' because:
  Build cache is disabled
Task ':app:mergeExtDexDebug' is not up-to-date because:
  Output property 'outputDir' file C:\Sandbox\androidApp\Baeren\BaerenLock\app\build\intermediates\dex\debug\mergeExtDexDebug has been removed.
  Output property 'outputDir' file C:\Sandbox\androidApp\Baeren\BaerenLock\app\build\intermediates\dex\debug\mergeExtDexDebug\classes.dex has been removed.
  Output property 'outputDir' file C:\Sandbox\androidApp\Baeren\BaerenLock\app\build\intermediates\dex\debug\mergeExtDexDebug\classes2.dex has been removed.
The input changes require a full rebuild for incremental task ':app:mergeExtDexDebug'.
Merging to 'C:\Sandbox\androidApp\Baeren\BaerenLock\app\build\intermediates\dex\debug\mergeExtDexDebug' with D8 from all or a subset of dex files in C:\Users\talqu\.gradle\caches\8.13\transforms\7ee7cb3111ccc927de8d91c7df4a7a77\transformed\appcompat-resources-1.7.1-runtime\appcompat-resources-1.7.1-runtime_dex, C:\Users\talqu\.gradle\caches\8.13\transforms\5df24bbb028ddbd19bf9886916a020bd\transformed\appcompat-1.7.1-runtime\appcompat-1.7.1-runtime_dex, C:\Users\talqu\.gradle\caches\8.13\transforms\b041cef435076ce22323e4c035294dd3\transformed\fragment-1.5.4-runtime\fragment-1.5.4-runtime_dex, C:\Users\talqu\.gradle\caches\8.13\transforms\f6fecc2cdc071010c5dbac68e8ceed04\transformed\material3-release-runtime\material3-release-runtime_dex, C:\Users\talqu\.gradle\caches\8.13\transforms\aae24217aae1a01d6c55b716c031a74c\transformed\material-release-runtime\material-release-runtime_dex, C:\Users\talqu\.gradle\caches\8.13\transforms\c773011a3745f653b013a63573c2c375\transformed\material-ripple-release-runtime\material-ripple-release-runtime_dex, C:\Users\talqu\.gradle\caches\8.13\transforms\45e5aa0267b0422ccc619928d485636a\transformed\foundation-release-runtime\foundation-release-runtime_dex, C:\Users\talqu\.gradle\caches\8.13\transforms\afbe2f28c144dc95e01781d71cab94f3\transformed\animation-release-runtime\animation-release-runtime_dex, C:\Users\talqu\.gradle\caches\8.13\transforms\f3aa19608e229d8d8ff52ebdc3fa53e3\transformed\foundation-layout-release-runtime\foundation-layout-release-runtime_dex, C:\Users\talqu\.gradle\caches\8.13\transforms\5c9627794aa10d3ba5ca81a90cc78d2e\transformed\animation-core-release-runtime\animation-core-release-runtime_dex, C:\Users\talqu\.gradle\caches\8.13\transforms\7584227219ef403f8496e8e063bccb10\transformed\ui-tooling-data-release-runtime\ui-tooling-data-release-runtime_dex, C:\Users\talqu\.gradle\caches\8.13\transforms\0fb414346fb2c054c85043158f759dd7\transformed\ui-unit-release-runtime\ui-unit-release-runtime_dex, C:\Users\talqu\.gradle\caches\8.13\transforms\a369583795e558ed945e31ca4995f551\transformed\ui-geometry-release-runtime\ui-geometry-release-runtime_dex, C:\Users\talqu\.gradle\caches\8.13\transforms\9ef72158f4dba226d0ccd6b2b82b3d1e\transformed\ui-util-release-runtime\ui-util-release-runtime_dex, C:\Users\talqu\.gradle\caches\8.13\transforms\4f7c2122d33df1c8abf5d5f6bbbc7049\transformed\ui-text-release-runtime\ui-text-release-runtime_dex, C:\Users\talqu\.gradle\caches\8.13\transforms\dab2ff25c36f59279421c1366f2d766c\transformed\ui-tooling-preview-release-runtime\ui-tooling-preview-release-runtime_dex, C:\Users\talqu\.gradle\caches\8.13\transforms\5524db9457998c448808f2b5c5c8d6e4\transformed\ui-tooling-release-runtime\ui-tooling-release-runtime_dex, C:\Users\talqu\.gradle\caches\8.13\transforms\6a7a44f952c5c7f1a50c100413f9adfb\transformed\ui-graphics-release-runtime\ui-graphics-release-runtime_dex, C:\Users\talqu\.gradle\caches\8.13\transforms\caf0219011643e4ca81622a01188ace0\transformed\activity-1.8.2-runtime\activity-1.8.2-runtime_dex, C:\Users\talqu\.gradle\caches\8.13\transforms\ab780e7f3caa0b077050c0633f31fe90\transformed\activity-ktx-1.8.2-runtime\activity-ktx-1.8.2-runtime_dex, C:\Users\talqu\.gradle\caches\8.13\transforms\02c32b5f5d54bef4ba33fac95572fc5d\transformed\activity-compose-1.8.2-runtime\activity-compose-1.8.2-runtime_dex, C:\Users\talqu\.gradle\caches\8.13\transforms\88c9a8ebb4d2c3e2c7b7cfd0ac34ffbc\transformed\material-icons-core-release-runtime\material-icons-core-release-runtime_dex, C:\Users\talqu\.gradle\caches\8.13\transforms\441de959a7ec7fb2a9461ed9dfb643d7\transformed\ui-release-runtime\ui-release-runtime_dex, C:\Users\talqu\.gradle\caches\8.13\transforms\aa8f18fa1597b43db76b6dfd97b964d7\transformed\savedstate-ktx-1.2.1-runtime\savedstate-ktx-1.2.1-runtime_dex, C:\Users\talqu\.gradle\caches\8.13\transforms\6c104b2c4b69356329aee3da89fad971\transformed\loader-1.0.0-runtime\loader-1.0.0-runtime_dex, C:\Users\talqu\.gradle\caches\8.13\transforms\db35573027815074a29f4610d0225008\transformed\emoji2-views-helper-1.3.0-runtime\emoji2-views-helper-1.3.0-runtime_dex, C:\Users\talqu\.gradle\caches\8.13\transforms\b26af8f3479030c941514d2f13d1063a\transformed\emoji2-1.3.0-runtime\emoji2-1.3.0-runtime_dex, C:\Users\talqu\.gradle\caches\8.13\transforms\956a40230be96a1352ba0aeb6cfd68fd\transformed\recyclerview-1.3.2-runtime\recyclerview-1.3.2-runtime_dex, C:\Users\talqu\.gradle\caches\8.13\transforms\7d03ee2d2dffe7da012e2def72eb3e51\transformed\drawerlayout-1.0.0-runtime\drawerlayout-1.0.0-runtime_dex, C:\Users\talqu\.gradle\caches\8.13\transforms\3b2f9903a1491d68b5a6d560233c7232\transformed\viewpager-1.0.0-runtime\viewpager-1.0.0-runtime_dex, C:\Users\talqu\.gradle\caches\8.13\transforms\bf4caae92f3393d0bdf7493ce73bbff6\transformed\customview-1.0.0-runtime\customview-1.0.0-runtime_dex, C:\Users\talqu\.gradle\caches\8.13\transforms\a2612b5b2ddf38c8388da07988a71919\transformed\vectordrawable-animated-1.1.0-runtime\vectordrawable-animated-1.1.0-runtime_dex, C:\Users\talqu\.gradle\caches\8.13\transforms\f45dbb55110acf9d2c329e4236e0ae1f\transformed\vectordrawable-1.1.0-runtime\vectordrawable-1.1.0-runtime_dex, C:\Users\talqu\.gradle\caches\8.13\transforms\029628cb65ba3bfc31d514dfa9b9ee7a\transformed\autofill-1.0.0-runtime\autofill-1.0.0-runtime_dex, C:\Users\talqu\.gradle\caches\8.13\transforms\828d3390f4c2bd72d2be09a3ffbda8ea\transformed\graphics-path-1.0.1-runtime\graphics-path-1.0.1-runtime_dex, C:\Users\talqu\.gradle\caches\8.13\transforms\6cd78d47ac00cc4484e8b9a74df40dbf\transformed\customview-poolingcontainer-1.0.0-runtime\customview-poolingcontainer-1.0.0-runtime_dex, C:\Users\talqu\.gradle\caches\8.13\transforms\5356b5f57fb20c4ea8e735ebd781602e\transformed\core-ktx-1.13.1-runtime\core-ktx-1.13.1-runtime_dex, C:\Users\talqu\.gradle\caches\8.13\transforms\2b8b869d46ee1d2d8ddf305505cf5a9c\transformed\core-1.13.1-runtime\core-1.13.1-runtime_dex, C:\Users\talqu\.gradle\caches\8.13\transforms\cef03a410b3ab17b5ebda96c369dcd33\transformed\lifecycle-viewmodel-release-runtime\lifecycle-viewmodel-release-runtime_dex, C:\Users\talqu\.gradle\caches\8.13\transforms\a2ce200c86e8d1e8acdf13a8ab0091e5\transformed\lifecycle-common-jvm-2.8.3\lifecycle-common-jvm-2.8.3_dex, C:\Users\talqu\.gradle\caches\8.13\transforms\c1efcf87bfd0be075e6710123a5ac7fc\transformed\lifecycle-runtime-release-runtime\lifecycle-runtime-release-runtime_dex, C:\Users\talqu\.gradle\caches\8.13\transforms\9ebb40f33da36ab7dfec029ac06345cf\transformed\lifecycle-process-2.8.3-runtime\lifecycle-process-2.8.3-runtime_dex, C:\Users\talqu\.gradle\caches\8.13\transforms\5b706338e1c5ee9dc5e2416cdefdc7ac\transformed\lifecycle-livedata-core-2.8.3-runtime\lifecycle-livedata-core-2.8.3-runtime_dex, C:\Users\talqu\.gradle\caches\8.13\transforms\d88e07e75a428be4e1e84fb454aa8f8c\transformed\lifecycle-livedata-2.8.3-runtime\lifecycle-livedata-2.8.3-runtime_dex, C:\Users\talqu\.gradle\caches\8.13\transforms\fd5890938acef56e1f582574890f1625\transformed\lifecycle-runtime-compose-release-runtime\lifecycle-runtime-compose-release-runtime_dex, C:\Users\talqu\.gradle\caches\8.13\transforms\c5dfa88c483934167890f4121f53ddef\transformed\lifecycle-viewmodel-savedstate-2.8.3-runtime\lifecycle-viewmodel-savedstate-2.8.3-runtime_dex, C:\Users\talqu\.gradle\caches\8.13\transforms\99871f6ec060ad5981457488aee11491\transformed\savedstate-1.2.1-runtime\savedstate-1.2.1-runtime_dex, C:\Users\talqu\.gradle\caches\8.13\transforms\d434213e81002712e53609d021af48d8\transformed\runtime-saveable-release-runtime\runtime-saveable-release-runtime_dex, C:\Users\talqu\.gradle\caches\8.13\transforms\171ccb7f171622b51a94050ebb58424e\transformed\runtime-release-runtime\runtime-release-runtime_dex, C:\Users\talqu\.gradle\caches\8.13\transforms\613fffb39f4857d683dcd508b307e0eb\transformed\annotation-experimental-1.4.0-runtime\annotation-experimental-1.4.0-runtime_dex, C:\Users\talqu\.gradle\caches\8.13\transforms\62cb38d01dfd93fa2882bb12b5812bec\transformed\versionedparcelable-1.1.1-runtime\versionedparcelable-1.1.1-runtime_dex, C:\Users\talqu\.gradle\caches\8.13\transforms\88deafaa607e27d87822d60148f1fb00\transformed\collection-jvm-1.4.0\collection-jvm-1.4.0_dex, C:\Users\talqu\.gradle\caches\8.13\transforms\3daf3c26f09a3af2f61b7a3bafc56302\transformed\kotlinx-coroutines-core-jvm-1.7.3\kotlinx-coroutines-core-jvm-1.7.3_dex, C:\Users\talqu\.gradle\caches\8.13\transforms\8a3395584c189fce195bd12741c32c37\transformed\kotlinx-coroutines-android-1.7.3\kotlinx-coroutines-android-1.7.3_dex, C:\Users\talqu\.gradle\caches\8.13\transforms\b4ae053d0c6d38e437b5322d26f9cdc2\transformed\cursoradapter-1.0.0-runtime\cursoradapter-1.0.0-runtime_dex, C:\Users\talqu\.gradle\caches\8.13\transforms\43df0b9ea733c9c34a3aa52b0287f907\transformed\profileinstaller-1.3.1-runtime\profileinstaller-1.3.1-runtime_dex, C:\Users\talqu\.gradle\caches\8.13\transforms\3a83523ab60fc3618eb71de91c52a26d\transformed\resourceinspection-annotation-1.0.1\resourceinspection-annotation-1.0.1_dex, C:\Users\talqu\.gradle\caches\8.13\transforms\60a30de68b0786c0252c0a8e31037bdc\transformed\interpolator-1.0.0-runtime\interpolator-1.0.0-runtime_dex, C:\Users\talqu\.gradle\caches\8.13\transforms\e3a9dd8b741422538f904a8cbc227c27\transformed\concurrent-futures-1.1.0\concurrent-futures-1.1.0_dex, C:\Users\talqu\.gradle\caches\8.13\transforms\57279f7bcfc5ac4dc814ec55c953650d\transformed\startup-runtime-1.1.1-runtime\startup-runtime-1.1.1-runtime_dex, C:\Users\talqu\.gradle\caches\8.13\transforms\4d36a6056c5d5d439caa786f15e6db09\transformed\tracing-1.0.0-runtime\tracing-1.0.0-runtime_dex, C:\Users\talqu\.gradle\caches\8.13\transforms\fd8299e17eda59dcf2fe65ea092e97ce\transformed\core-runtime-2.2.0-runtime\core-runtime-2.2.0-runtime_dex, C:\Users\talqu\.gradle\caches\8.13\transforms\5cec67f44412cfcde562b5d9dd56e877\transformed\core-common-2.2.0\core-common-2.2.0_dex, C:\Users\talqu\.gradle\caches\8.13\transforms\49dc1a5c26d6d8a758adca7a10fb5f9f\transformed\annotation-jvm-1.8.0\annotation-jvm-1.8.0_dex, C:\Users\talqu\.gradle\caches\8.13\transforms\bef308f9d241954756de44492f199564\transformed\kotlin-stdlib-2.0.21\kotlin-stdlib-2.0.21_dex, C:\Users\talqu\.gradle\caches\8.13\transforms\bfdb691653150d5d2b6fef51d731d6de\transformed\annotations-23.0.0\annotations-23.0.0_dex, C:\Users\talqu\.gradle\caches\8.13\transforms\14fc43fc370e2ed13aac050565b1af5a\transformed\listenablefuture-1.0\listenablefuture-1.0_dex, and from all global synthetics files in 

> Task :app:packageReleaseResources
Caching disabled for task ':app:packageReleaseResources' because:
  Build cache is disabled
Task ':app:packageReleaseResources' is not up-to-date because:
  Output property 'dataBindingLayoutInfoOutFolder' file C:\Sandbox\androidApp\Baeren\BaerenLock\app\build\intermediates\data_binding_layout_info_type_package\release\packageReleaseResources\out has been removed.
  Output property 'incrementalFolder' file C:\Sandbox\androidApp\Baeren\BaerenLock\app\build\intermediates\incremental\release\packageReleaseResources has been removed.
  Output property 'incrementalFolder' file C:\Sandbox\androidApp\Baeren\BaerenLock\app\build\intermediates\incremental\release\packageReleaseResources\compile-file-map.properties has been removed.
  and more...
The input changes require a full rebuild for incremental task ':app:packageReleaseResources'.
[MergeResources] Inputs are non-incremental full task action.
Resolve mutations for :app:parseReleaseLocalResources (Thread[#2677,Execution worker Thread 3,5,main]) started.
:app:parseReleaseLocalResources (Thread[#2677,Execution worker Thread 3,5,main]) started.
Resolve mutations for :app:createReleaseCompatibleScreenManifests (Thread[#2683,Execution worker Thread 9,5,main]) started.

> Task :app:mergeReleaseResources
Caching disabled for task ':app:mergeReleaseResources' because:
  Build cache is disabled
Task ':app:mergeReleaseResources' is not up-to-date because:
  Output property 'blameLogOutputFolder' file C:\Sandbox\androidApp\Baeren\BaerenLock\app\build\intermediates\merged_res_blame_folder\release\mergeReleaseResources\out has been removed.
  Output property 'blameLogOutputFolder' file C:\Sandbox\androidApp\Baeren\BaerenLock\app\build\intermediates\merged_res_blame_folder\release\mergeReleaseResources\out\multi-v2 has been removed.
  Output property 'blameLogOutputFolder' file C:\Sandbox\androidApp\Baeren\BaerenLock\app\build\intermediates\merged_res_blame_folder\release\mergeReleaseResources\out\multi-v2\mergeReleaseResources.json has been removed.
  and more...
The input changes require a full rebuild for incremental task ':app:mergeReleaseResources'.
[MergeResources] Inputs are non-incremental full task action.
Compiling XML table C:\Sandbox\androidApp\Baeren\BaerenLock\app\build\intermediates\incremental\release\mergeReleaseResources\merged.dir\values\values.xml to C:\Sandbox\androidApp\Baeren\BaerenLock\app\build\intermediates\merged_res\release\mergeReleaseResources\values_values.arsc.flat
Compiling XML table C:\Sandbox\androidApp\Baeren\BaerenLock\app\build\intermediates\incremental\release\mergeReleaseResources\merged.dir\values-hi\values-hi.xml to C:\Sandbox\androidApp\Baeren\BaerenLock\app\build\intermediates\merged_res\release\mergeReleaseResources\values-hi_values-hi.arsc.flat
Compiling XML table C:\Sandbox\androidApp\Baeren\BaerenLock\app\build\intermediates\incremental\release\mergeReleaseResources\merged.dir\values-pt\values-pt.xml to C:\Sandbox\androidApp\Baeren\BaerenLock\app\build\intermediates\merged_res\release\mergeReleaseResources\values-pt_values-pt.arsc.flat
Compiling XML table C:\Sandbox\androidApp\Baeren\BaerenLock\app\build\intermediates\incremental\release\mergeReleaseResources\merged.dir\values-watch-v21\values-watch-v21.xml to C:\Sandbox\androidApp\Baeren\BaerenLock\app\build\intermediates\merged_res\release\mergeReleaseResources\values-watch-v21_values-watch-v21.arsc.flat
Compiling XML table C:\Sandbox\androidApp\Baeren\BaerenLock\app\build\intermediates\incremental\release\mergeReleaseResources\merged.dir\values-watch-v20\values-watch-v20.xml to C:\Sandbox\androidApp\Baeren\BaerenLock\app\build\intermediates\merged_res\release\mergeReleaseResources\values-watch-v20_values-watch-v20.arsc.flat
Compiling XML table C:\Sandbox\androidApp\Baeren\BaerenLock\app\build\intermediates\incremental\release\mergeReleaseResources\merged.dir\values-v21\values-v21.xml to C:\Sandbox\androidApp\Baeren\BaerenLock\app\build\intermediates\merged_res\release\mergeReleaseResources\values-v21_values-v21.arsc.flat
Compiling XML table C:\Sandbox\androidApp\Baeren\BaerenLock\app\build\intermediates\incremental\release\mergeReleaseResources\merged.dir\values-as\values-as.xml to C:\Sandbox\androidApp\Baeren\BaerenLock\app\build\intermediates\merged_res\release\mergeReleaseResources\values-as_values-as.arsc.flat
Compiling XML table C:\Sandbox\androidApp\Baeren\BaerenLock\app\build\intermediates\incremental\release\mergeReleaseResources\merged.dir\values-hr\values-hr.xml to C:\Sandbox\androidApp\Baeren\BaerenLock\app\build\intermediates\merged_res\release\mergeReleaseResources\values-hr_values-hr.arsc.flat
Compiling XML table C:\Sandbox\androidApp\Baeren\BaerenLock\app\build\intermediates\incremental\release\mergeReleaseResources\merged.dir\values-es-rUS\values-es-rUS.xml to C:\Sandbox\androidApp\Baeren\BaerenLock\app\build\intermediates\merged_res\release\mergeReleaseResources\values-es-rUS_values-es-rUS.arsc.flat
Compiling XML table C:\Sandbox\androidApp\Baeren\BaerenLock\app\build\intermediates\incremental\release\mergeReleaseResources\merged.dir\values-hu\values-hu.xml to C:\Sandbox\androidApp\Baeren\BaerenLock\app\build\intermediates\merged_res\release\mergeReleaseResources\values-hu_values-hu.arsc.flat
Compiling XML table C:\Sandbox\androidApp\Baeren\BaerenLock\app\build\intermediates\incremental\release\mergeReleaseResources\merged.dir\values-v23\values-v23.xml to C:\Sandbox\androidApp\Baeren\BaerenLock\app\build\intermediates\merged_res\release\mergeReleaseResources\values-v23_values-v23.arsc.flat
Compiling XML table C:\Sandbox\androidApp\Baeren\BaerenLock\app\build\intermediates\incremental\release\mergeReleaseResources\merged.dir\values-hy\values-hy.xml to C:\Sandbox\androidApp\Baeren\BaerenLock\app\build\intermediates\merged_res\release\mergeReleaseResources\values-hy_values-hy.arsc.flat
Compiling XML table C:\Sandbox\androidApp\Baeren\BaerenLock\app\build\intermediates\incremental\release\mergeReleaseResources\merged.dir\values-v16\values-v16.xml to C:\Sandbox\androidApp\Baeren\BaerenLock\app\build\intermediates\merged_res\release\mergeReleaseResources\values-v16_values-v16.arsc.flat
Compiling XML table C:\Sandbox\androidApp\Baeren\BaerenLock\app\build\intermediates\incremental\release\mergeReleaseResources\merged.dir\values-v18\values-v18.xml to C:\Sandbox\androidApp\Baeren\BaerenLock\app\build\intermediates\merged_res\release\mergeReleaseResources\values-v18_values-v18.arsc.flat
Compiling XML table C:\Sandbox\androidApp\Baeren\BaerenLock\app\build\intermediates\incremental\release\mergeReleaseResources\merged.dir\values-az\values-az.xml to C:\Sandbox\androidApp\Baeren\BaerenLock\app\build\intermediates\merged_res\release\mergeReleaseResources\values-az_values-az.arsc.flat
Compiling XML table C:\Sandbox\androidApp\Baeren\BaerenLock\app\build\intermediates\incremental\release\mergeReleaseResources\merged.dir\values-bs\values-bs.xml to C:\Sandbox\androidApp\Baeren\BaerenLock\app\build\intermediates\merged_res\release\mergeReleaseResources\values-bs_values-bs.arsc.flat
Compiling XML table C:\Sandbox\androidApp\Baeren\BaerenLock\app\build\intermediates\incremental\release\mergeReleaseResources\merged.dir\values-v22\values-v22.xml to C:\Sandbox\androidApp\Baeren\BaerenLock\app\build\intermediates\merged_res\release\mergeReleaseResources\values-v22_values-v22.arsc.flat
Compiling XML table C:\Sandbox\androidApp\Baeren\BaerenLock\app\build\intermediates\incremental\release\mergeReleaseResources\merged.dir\values-ja\values-ja.xml to C:\Sandbox\androidApp\Baeren\BaerenLock\app\build\intermediates\merged_res\release\mergeReleaseResources\values-ja_values-ja.arsc.flat
Compiling XML table C:\Sandbox\androidApp\Baeren\BaerenLock\app\build\intermediates\incremental\release\mergeReleaseResources\merged.dir\values-si\values-si.xml to C:\Sandbox\androidApp\Baeren\BaerenLock\app\build\intermediates\merged_res\release\mergeReleaseResources\values-si_values-si.arsc.flat
Compiling XML table C:\Sandbox\androidApp\Baeren\BaerenLock\app\build\intermediates\incremental\release\mergeReleaseResources\merged.dir\values-ka\values-ka.xml to C:\Sandbox\androidApp\Baeren\BaerenLock\app\build\intermediates\merged_res\release\mergeReleaseResources\values-ka_values-ka.arsc.flat
Compiling XML table C:\Sandbox\androidApp\Baeren\BaerenLock\app\build\intermediates\incremental\release\mergeReleaseResources\merged.dir\values-v17\values-v17.xml to C:\Sandbox\androidApp\Baeren\BaerenLock\app\build\intermediates\merged_res\release\mergeReleaseResources\values-v17_values-v17.arsc.flat
Compiling XML table C:\Sandbox\androidApp\Baeren\BaerenLock\app\build\intermediates\incremental\release\mergeReleaseResources\merged.dir\values-v25\values-v25.xml to C:\Sandbox\androidApp\Baeren\BaerenLock\app\build\intermediates\merged_res\release\mergeReleaseResources\values-v25_values-v25.arsc.flat
Compiling XML table C:\Sandbox\androidApp\Baeren\BaerenLock\app\build\intermediates\incremental\release\mergeReleaseResources\merged.dir\values-ldltr-v21\values-ldltr-v21.xml to C:\Sandbox\androidApp\Baeren\BaerenLock\app\build\intermediates\merged_res\release\mergeReleaseResources\values-ldltr-v21_values-ldltr-v21.arsc.flat
Compiling XML table C:\Sandbox\androidApp\Baeren\BaerenLock\app\build\intermediates\incremental\release\mergeReleaseResources\merged.dir\values-sl\values-sl.xml to C:\Sandbox\androidApp\Baeren\BaerenLock\app\build\intermediates\merged_res\release\mergeReleaseResources\values-sl_values-sl.arsc.flat
Compiling XML table C:\Sandbox\androidApp\Baeren\BaerenLock\app\build\intermediates\incremental\release\mergeReleaseResources\merged.dir\values-zu\values-zu.xml to C:\Sandbox\androidApp\Baeren\BaerenLock\app\build\intermediates\merged_res\release\mergeReleaseResources\values-zu_values-zu.arsc.flat
Compiling XML table C:\Sandbox\androidApp\Baeren\BaerenLock\app\build\intermediates\incremental\release\mergeReleaseResources\merged.dir\values-te\values-te.xml to C:\Sandbox\androidApp\Baeren\BaerenLock\app\build\intermediates\merged_res\release\mergeReleaseResources\values-te_values-te.arsc.flat
Compiling XML table C:\Sandbox\androidApp\Baeren\BaerenLock\app\build\intermediates\incremental\release\mergeReleaseResources\merged.dir\values-af\values-af.xml to C:\Sandbox\androidApp\Baeren\BaerenLock\app\build\intermediates\merged_res\release\mergeReleaseResources\values-af_values-af.arsc.flat
Compiling XML table C:\Sandbox\androidApp\Baeren\BaerenLock\app\build\intermediates\incremental\release\mergeReleaseResources\merged.dir\values-ca\values-ca.xml to C:\Sandbox\androidApp\Baeren\BaerenLock\app\build\intermediates\merged_res\release\mergeReleaseResources\values-ca_values-ca.arsc.flat
Compiling XML table C:\Sandbox\androidApp\Baeren\BaerenLock\app\build\intermediates\incremental\release\mergeReleaseResources\merged.dir\values-sk\values-sk.xml to C:\Sandbox\androidApp\Baeren\BaerenLock\app\build\intermediates\merged_res\release\mergeReleaseResources\values-sk_values-sk.arsc.flat
Compiling XML table C:\Sandbox\androidApp\Baeren\BaerenLock\app\build\intermediates\incremental\release\mergeReleaseResources\merged.dir\values-in\values-in.xml to C:\Sandbox\androidApp\Baeren\BaerenLock\app\build\intermediates\merged_res\release\mergeReleaseResources\values-in_values-in.arsc.flat
Compiling XML table C:\Sandbox\androidApp\Baeren\BaerenLock\app\build\intermediates\incremental\release\mergeReleaseResources\merged.dir\values-v30\values-v30.xml to C:\Sandbox\androidApp\Baeren\BaerenLock\app\build\intermediates\merged_res\release\mergeReleaseResources\values-v30_values-v30.arsc.flat
Compiling XML table C:\Sandbox\androidApp\Baeren\BaerenLock\app\build\intermediates\incremental\release\mergeReleaseResources\merged.dir\values-sq\values-sq.xml to C:\Sandbox\androidApp\Baeren\BaerenLock\app\build\intermediates\merged_res\release\mergeReleaseResources\values-sq_values-sq.arsc.flat
Compiling XML table C:\Sandbox\androidApp\Baeren\BaerenLock\app\build\intermediates\incremental\release\mergeReleaseResources\merged.dir\values-pt-rPT\values-pt-rPT.xml to C:\Sandbox\androidApp\Baeren\BaerenLock\app\build\intermediates\merged_res\release\mergeReleaseResources\values-pt-rPT_values-pt-rPT.arsc.flat
Compiling XML table C:\Sandbox\androidApp\Baeren\BaerenLock\app\build\intermediates\incremental\release\mergeReleaseResources\merged.dir\values-th\values-th.xml to C:\Sandbox\androidApp\Baeren\BaerenLock\app\build\intermediates\merged_res\release\mergeReleaseResources\values-th_values-th.arsc.flat
Compiling XML table C:\Sandbox\androidApp\Baeren\BaerenLock\app\build\intermediates\incremental\release\mergeReleaseResources\merged.dir\values-tr\values-tr.xml to C:\Sandbox\androidApp\Baeren\BaerenLock\app\build\intermediates\merged_res\release\mergeReleaseResources\values-tr_values-tr.arsc.flat
Compiling XML table C:\Sandbox\androidApp\Baeren\BaerenLock\app\build\intermediates\incremental\release\mergeReleaseResources\merged.dir\values-xlarge-v4\values-xlarge-v4.xml to C:\Sandbox\androidApp\Baeren\BaerenLock\app\build\intermediates\merged_res\release\mergeReleaseResources\values-xlarge-v4_values-xlarge-v4.arsc.flat
Compiling XML table C:\Sandbox\androidApp\Baeren\BaerenLock\app\build\intermediates\incremental\release\mergeReleaseResources\merged.dir\values-de\values-de.xml to C:\Sandbox\androidApp\Baeren\BaerenLock\app\build\intermediates\merged_res\release\mergeReleaseResources\values-de_values-de.arsc.flat
Compiling XML table C:\Sandbox\androidApp\Baeren\BaerenLock\app\build\intermediates\incremental\release\mergeReleaseResources\merged.dir\values-v24\values-v24.xml to C:\Sandbox\androidApp\Baeren\BaerenLock\app\build\intermediates\merged_res\release\mergeReleaseResources\values-v24_values-v24.arsc.flat
Compiling XML table C:\Sandbox\androidApp\Baeren\BaerenLock\app\build\intermediates\incremental\release\mergeReleaseResources\merged.dir\values-tl\values-tl.xml to C:\Sandbox\androidApp\Baeren\BaerenLock\app\build\intermediates\merged_res\release\mergeReleaseResources\values-tl_values-tl.arsc.flat
Compiling XML table C:\Sandbox\androidApp\Baeren\BaerenLock\app\build\intermediates\incremental\release\mergeReleaseResources\merged.dir\values-zh-rHK\values-zh-rHK.xml to C:\Sandbox\androidApp\Baeren\BaerenLock\app\build\intermediates\merged_res\release\mergeReleaseResources\values-zh-rHK_values-zh-rHK.arsc.flat
Compiling XML table C:\Sandbox\androidApp\Baeren\BaerenLock\app\build\intermediates\incremental\release\mergeReleaseResources\merged.dir\values-km\values-km.xml to C:\Sandbox\androidApp\Baeren\BaerenLock\app\build\intermediates\merged_res\release\mergeReleaseResources\values-km_values-km.arsc.flat
Compiling XML table C:\Sandbox\androidApp\Baeren\BaerenLock\app\build\intermediates\incremental\release\mergeReleaseResources\merged.dir\values-ms\values-ms.xml to C:\Sandbox\androidApp\Baeren\BaerenLock\app\build\intermediates\merged_res\release\mergeReleaseResources\values-ms_values-ms.arsc.flat
Compiling XML table C:\Sandbox\androidApp\Baeren\BaerenLock\app\build\intermediates\incremental\release\mergeReleaseResources\merged.dir\values-is\values-is.xml to C:\Sandbox\androidApp\Baeren\BaerenLock\app\build\intermediates\merged_res\release\mergeReleaseResources\values-is_values-is.arsc.flat
Compiling XML table C:\Sandbox\androidApp\Baeren\BaerenLock\app\build\intermediates\incremental\release\mergeReleaseResources\merged.dir\values-sr\values-sr.xml to C:\Sandbox\androidApp\Baeren\BaerenLock\app\build\intermediates\merged_res\release\mergeReleaseResources\values-sr_values-sr.arsc.flat
Compiling XML table C:\Sandbox\androidApp\Baeren\BaerenLock\app\build\intermediates\incremental\release\mergeReleaseResources\merged.dir\values-el\values-el.xml to C:\Sandbox\androidApp\Baeren\BaerenLock\app\build\intermediates\merged_res\release\mergeReleaseResources\values-el_values-el.arsc.flat
Compiling XML table C:\Sandbox\androidApp\Baeren\BaerenLock\app\build\intermediates\incremental\release\mergeReleaseResources\merged.dir\values-it\values-it.xml to C:\Sandbox\androidApp\Baeren\BaerenLock\app\build\intermediates\merged_res\release\mergeReleaseResources\values-it_values-it.arsc.flat
Compiling XML table C:\Sandbox\androidApp\Baeren\BaerenLock\app\build\intermediates\incremental\release\mergeReleaseResources\merged.dir\values-v26\values-v26.xml to C:\Sandbox\androidApp\Baeren\BaerenLock\app\build\intermediates\merged_res\release\mergeReleaseResources\values-v26_values-v26.arsc.flat
Compiling XML table C:\Sandbox\androidApp\Baeren\BaerenLock\app\build\intermediates\incremental\release\mergeReleaseResources\merged.dir\values-kk\values-kk.xml to C:\Sandbox\androidApp\Baeren\BaerenLock\app\build\intermediates\merged_res\release\mergeReleaseResources\values-kk_values-kk.arsc.flat
Compiling XML table C:\Sandbox\androidApp\Baeren\BaerenLock\app\build\intermediates\incremental\release\mergeReleaseResources\merged.dir\values-da\values-da.xml to C:\Sandbox\androidApp\Baeren\BaerenLock\app\build\intermediates\merged_res\release\mergeReleaseResources\values-da_values-da.arsc.flat
Compiling XML table C:\Sandbox\androidApp\Baeren\BaerenLock\app\build\intermediates\incremental\release\mergeReleaseResources\merged.dir\values-lo\values-lo.xml to C:\Sandbox\androidApp\Baeren\BaerenLock\app\build\intermediates\merged_res\release\mergeReleaseResources\values-lo_values-lo.arsc.flat
Compiling XML table C:\Sandbox\androidApp\Baeren\BaerenLock\app\build\intermediates\incremental\release\mergeReleaseResources\merged.dir\values-my\values-my.xml to C:\Sandbox\androidApp\Baeren\BaerenLock\app\build\intermediates\merged_res\release\mergeReleaseResources\values-my_values-my.arsc.flat
Compiling XML table C:\Sandbox\androidApp\Baeren\BaerenLock\app\build\intermediates\incremental\release\mergeReleaseResources\merged.dir\values-en-rGB\values-en-rGB.xml to C:\Sandbox\androidApp\Baeren\BaerenLock\app\build\intermediates\merged_res\release\mergeReleaseResources\values-en-rGB_values-en-rGB.arsc.flat
Compiling XML table C:\Sandbox\androidApp\Baeren\BaerenLock\app\build\intermediates\incremental\release\mergeReleaseResources\merged.dir\values-am\values-am.xml to C:\Sandbox\androidApp\Baeren\BaerenLock\app\build\intermediates\merged_res\release\mergeReleaseResources\values-am_values-am.arsc.flat
Compiling XML table C:\Sandbox\androidApp\Baeren\BaerenLock\app\build\intermediates\incremental\release\mergeReleaseResources\merged.dir\values-sv\values-sv.xml to C:\Sandbox\androidApp\Baeren\BaerenLock\app\build\intermediates\merged_res\release\mergeReleaseResources\values-sv_values-sv.arsc.flat
Compiling XML table C:\Sandbox\androidApp\Baeren\BaerenLock\app\build\intermediates\incremental\release\mergeReleaseResources\merged.dir\values-v28\values-v28.xml to C:\Sandbox\androidApp\Baeren\BaerenLock\app\build\intermediates\merged_res\release\mergeReleaseResources\values-v28_values-v28.arsc.flat
Compiling XML table C:\Sandbox\androidApp\Baeren\BaerenLock\app\build\intermediates\incremental\release\mergeReleaseResources\merged.dir\values-vi\values-vi.xml to C:\Sandbox\androidApp\Baeren\BaerenLock\app\build\intermediates\merged_res\release\mergeReleaseResources\values-vi_values-vi.arsc.flat
Compiling XML table C:\Sandbox\androidApp\Baeren\BaerenLock\app\build\intermediates\incremental\release\mergeReleaseResources\merged.dir\values-lv\values-lv.xml to C:\Sandbox\androidApp\Baeren\BaerenLock\app\build\intermediates\merged_res\release\mergeReleaseResources\values-lv_values-lv.arsc.flat
Compiling XML table C:\Sandbox\androidApp\Baeren\BaerenLock\app\build\intermediates\incremental\release\mergeReleaseResources\merged.dir\values-et\values-et.xml to C:\Sandbox\androidApp\Baeren\BaerenLock\app\build\intermediates\merged_res\release\mergeReleaseResources\values-et_values-et.arsc.flat
Compiling XML table C:\Sandbox\androidApp\Baeren\BaerenLock\app\build\intermediates\incremental\release\mergeReleaseResources\merged.dir\values-en-rAU\values-en-rAU.xml to C:\Sandbox\androidApp\Baeren\BaerenLock\app\build\intermediates\merged_res\release\mergeReleaseResources\values-en-rAU_values-en-rAU.arsc.flat
Compiling XML table C:\Sandbox\androidApp\Baeren\BaerenLock\app\build\intermediates\incremental\release\mergeReleaseResources\merged.dir\values-gl\values-gl.xml to C:\Sandbox\androidApp\Baeren\BaerenLock\app\build\intermediates\merged_res\release\mergeReleaseResources\values-gl_values-gl.arsc.flat
Compiling XML table C:\Sandbox\androidApp\Baeren\BaerenLock\app\build\intermediates\incremental\release\mergeReleaseResources\merged.dir\values-ko\values-ko.xml to C:\Sandbox\androidApp\Baeren\BaerenLock\app\build\intermediates\merged_res\release\mergeReleaseResources\values-ko_values-ko.arsc.flat
Compiling XML table C:\Sandbox\androidApp\Baeren\BaerenLock\app\build\intermediates\incremental\release\mergeReleaseResources\merged.dir\values-nb\values-nb.xml to C:\Sandbox\androidApp\Baeren\BaerenLock\app\build\intermediates\merged_res\release\mergeReleaseResources\values-nb_values-nb.arsc.flat
Compiling XML table C:\Sandbox\androidApp\Baeren\BaerenLock\app\build\intermediates\incremental\release\mergeReleaseResources\merged.dir\values-ro\values-ro.xml to C:\Sandbox\androidApp\Baeren\BaerenLock\app\build\intermediates\merged_res\release\mergeReleaseResources\values-ro_values-ro.arsc.flat
Compiling XML table C:\Sandbox\androidApp\Baeren\BaerenLock\app\build\intermediates\incremental\release\mergeReleaseResources\merged.dir\values-land\values-land.xml to C:\Sandbox\androidApp\Baeren\BaerenLock\app\build\intermediates\merged_res\release\mergeReleaseResources\values-land_values-land.arsc.flat
Compiling XML table C:\Sandbox\androidApp\Baeren\BaerenLock\app\build\intermediates\incremental\release\mergeReleaseResources\merged.dir\values-zh-rTW\values-zh-rTW.xml to C:\Sandbox\androidApp\Baeren\BaerenLock\app\build\intermediates\merged_res\release\mergeReleaseResources\values-zh-rTW_values-zh-rTW.arsc.flat
Compiling XML table C:\Sandbox\androidApp\Baeren\BaerenLock\app\build\intermediates\incremental\release\mergeReleaseResources\merged.dir\values-sw600dp-v13\values-sw600dp-v13.xml to C:\Sandbox\androidApp\Baeren\BaerenLock\app\build\intermediates\merged_res\release\mergeReleaseResources\values-sw600dp-v13_values-sw600dp-v13.arsc.flat
Compiling file C:\Sandbox\androidApp\Baeren\BaerenLock\app\src\main\res\mipmap-hdpi\ic_launcher_foreground.webp to C:\Sandbox\androidApp\Baeren\BaerenLock\app\build\intermediates\merged_res\release\mergeReleaseResources\mipmap-hdpi_ic_launcher_foreground.webp.flat
Compiling XML table C:\Sandbox\androidApp\Baeren\BaerenLock\app\build\intermediates\incremental\release\mergeReleaseResources\merged.dir\values-lt\values-lt.xml to C:\Sandbox\androidApp\Baeren\BaerenLock\app\build\intermediates\merged_res\release\mergeReleaseResources\values-lt_values-lt.arsc.flat
Compiling XML table C:\Sandbox\androidApp\Baeren\BaerenLock\app\build\intermediates\incremental\release\mergeReleaseResources\merged.dir\values-be\values-be.xml to C:\Sandbox\androidApp\Baeren\BaerenLock\app\build\intermediates\merged_res\release\mergeReleaseResources\values-be_values-be.arsc.flat
Compiling file C:\Sandbox\androidApp\Baeren\BaerenLock\app\src\main\res\mipmap-xxhdpi\ic_launcher_round.webp to C:\Sandbox\androidApp\Baeren\BaerenLock\app\build\intermediates\merged_res\release\mergeReleaseResources\mipmap-xxhdpi_ic_launcher_round.webp.flat
Compiling XML table C:\Sandbox\androidApp\Baeren\BaerenLock\app\build\intermediates\incremental\release\mergeReleaseResources\merged.dir\values-ru\values-ru.xml to C:\Sandbox\androidApp\Baeren\BaerenLock\app\build\intermediates\merged_res\release\mergeReleaseResources\values-ru_values-ru.arsc.flat
Compiling XML table C:\Sandbox\androidApp\Baeren\BaerenLock\app\build\intermediates\incremental\release\mergeReleaseResources\merged.dir\values-sw\values-sw.xml to C:\Sandbox\androidApp\Baeren\BaerenLock\app\build\intermediates\merged_res\release\mergeReleaseResources\values-sw_values-sw.arsc.flat
Compiling xml file C:\Sandbox\androidApp\Baeren\BaerenLock\app\src\main\res\drawable\ic_settings.xml to C:\Sandbox\androidApp\Baeren\BaerenLock\app\build\intermediates\merged_res\release\mergeReleaseResources\drawable_ic_settings.xml.flat
Compiling XML table C:\Sandbox\androidApp\Baeren\BaerenLock\app\build\intermediates\incremental\release\mergeReleaseResources\merged.dir\values-es\values-es.xml to C:\Sandbox\androidApp\Baeren\BaerenLock\app\build\intermediates\merged_res\release\mergeReleaseResources\values-es_values-es.arsc.flat
Compiling XML table C:\Sandbox\androidApp\Baeren\BaerenLock\app\build\intermediates\incremental\release\mergeReleaseResources\merged.dir\values-pa\values-pa.xml to C:\Sandbox\androidApp\Baeren\BaerenLock\app\build\intermediates\merged_res\release\mergeReleaseResources\values-pa_values-pa.arsc.flat
Compiling XML table C:\Sandbox\androidApp\Baeren\BaerenLock\app\build\intermediates\incremental\release\mergeReleaseResources\merged.dir\values-eu\values-eu.xml to C:\Sandbox\androidApp\Baeren\BaerenLock\app\build\intermediates\merged_res\release\mergeReleaseResources\values-eu_values-eu.arsc.flat
Compiling XML table C:\Sandbox\androidApp\Baeren\BaerenLock\app\build\intermediates\incremental\release\mergeReleaseResources\merged.dir\values-kn\values-kn.xml to C:\Sandbox\androidApp\Baeren\BaerenLock\app\build\intermediates\merged_res\release\mergeReleaseResources\values-kn_values-kn.arsc.flat
Compiling file C:\Sandbox\androidApp\Baeren\BaerenLock\app\src\main\res\mipmap-xxhdpi\ic_launcher_foreground.webp to C:\Sandbox\androidApp\Baeren\BaerenLock\app\build\intermediates\merged_res\release\mergeReleaseResources\mipmap-xxhdpi_ic_launcher_foreground.webp.flat
Compiling xml file C:\Sandbox\androidApp\Baeren\BaerenLock\app\src\main\res\xml\accessibility_service_config.xml to C:\Sandbox\androidApp\Baeren\BaerenLock\app\build\intermediates\merged_res\release\mergeReleaseResources\xml_accessibility_service_config.xml.flat
Compiling XML table C:\Sandbox\androidApp\Baeren\BaerenLock\app\build\intermediates\incremental\release\mergeReleaseResources\merged.dir\values-night-v8\values-night-v8.xml to C:\Sandbox\androidApp\Baeren\BaerenLock\app\build\intermediates\merged_res\release\mergeReleaseResources\values-night-v8_values-night-v8.arsc.flat
Compiling XML table C:\Sandbox\androidApp\Baeren\BaerenLock\app\build\intermediates\incremental\release\mergeReleaseResources\merged.dir\values-or\values-or.xml to C:\Sandbox\androidApp\Baeren\BaerenLock\app\build\intermediates\merged_res\release\mergeReleaseResources\values-or_values-or.arsc.flat
Compiling XML table C:\Sandbox\androidApp\Baeren\BaerenLock\app\build\intermediates\incremental\release\mergeReleaseResources\merged.dir\values-en-rIN\values-en-rIN.xml to C:\Sandbox\androidApp\Baeren\BaerenLock\app\build\intermediates\merged_res\release\mergeReleaseResources\values-en-rIN_values-en-rIN.arsc.flat
Compiling file C:\Sandbox\androidApp\Baeren\BaerenLock\app\src\main\res\drawable\bg_a_1_orig.jpg to C:\Sandbox\androidApp\Baeren\BaerenLock\app\build\intermediates\merged_res\release\mergeReleaseResources\drawable_bg_a_1_orig.jpg.flat
Compiling XML table C:\Sandbox\androidApp\Baeren\BaerenLock\app\build\intermediates\incremental\release\mergeReleaseResources\merged.dir\values-mk\values-mk.xml to C:\Sandbox\androidApp\Baeren\BaerenLock\app\build\intermediates\merged_res\release\mergeReleaseResources\values-mk_values-mk.arsc.flat
Compiling XML table C:\Sandbox\androidApp\Baeren\BaerenLock\app\build\intermediates\incremental\release\mergeReleaseResources\merged.dir\values-iw\values-iw.xml to C:\Sandbox\androidApp\Baeren\BaerenLock\app\build\intermediates\merged_res\release\mergeReleaseResources\values-iw_values-iw.arsc.flat
Compiling file C:\Sandbox\androidApp\Baeren\BaerenLock\app\src\main\res\mipmap-xxxhdpi\ic_launcher.webp to C:\Sandbox\androidApp\Baeren\BaerenLock\app\build\intermediates\merged_res\release\mergeReleaseResources\mipmap-xxxhdpi_ic_launcher.webp.flat
Compiling XML table C:\Sandbox\androidApp\Baeren\BaerenLock\app\build\intermediates\incremental\release\mergeReleaseResources\merged.dir\values-ur\values-ur.xml to C:\Sandbox\androidApp\Baeren\BaerenLock\app\build\intermediates\merged_res\release\mergeReleaseResources\values-ur_values-ur.arsc.flat
Compiling XML table C:\Sandbox\androidApp\Baeren\BaerenLock\app\build\intermediates\incremental\release\mergeReleaseResources\merged.dir\values-ky\values-ky.xml to C:\Sandbox\androidApp\Baeren\BaerenLock\app\build\intermediates\merged_res\release\mergeReleaseResources\values-ky_values-ky.arsc.flat
Compiling XML table C:\Sandbox\androidApp\Baeren\BaerenLock\app\build\intermediates\incremental\release\mergeReleaseResources\merged.dir\values-port\values-port.xml to C:\Sandbox\androidApp\Baeren\BaerenLock\app\build\intermediates\merged_res\release\mergeReleaseResources\values-port_values-port.arsc.flat
Compiling XML table C:\Sandbox\androidApp\Baeren\BaerenLock\app\build\intermediates\incremental\release\mergeReleaseResources\merged.dir\values-gu\values-gu.xml to C:\Sandbox\androidApp\Baeren\BaerenLock\app\build\intermediates\merged_res\release\mergeReleaseResources\values-gu_values-gu.arsc.flat
Compiling XML table C:\Sandbox\androidApp\Baeren\BaerenLock\app\build\intermediates\incremental\release\mergeReleaseResources\merged.dir\values-ne\values-ne.xml to C:\Sandbox\androidApp\Baeren\BaerenLock\app\build\intermediates\merged_res\release\mergeReleaseResources\values-ne_values-ne.arsc.flat
Compiling file C:\Sandbox\androidApp\Baeren\BaerenLock\app\src\main\res\drawable\bg_a_5_orig.jpg to C:\Sandbox\androidApp\Baeren\BaerenLock\app\build\intermediates\merged_res\release\mergeReleaseResources\drawable_bg_a_5_orig.jpg.flat
Compiling XML table C:\Sandbox\androidApp\Baeren\BaerenLock\app\build\intermediates\incremental\release\mergeReleaseResources\merged.dir\values-ta\values-ta.xml to C:\Sandbox\androidApp\Baeren\BaerenLock\app\build\intermediates\merged_res\release\mergeReleaseResources\values-ta_values-ta.arsc.flat
Compiling file C:\Sandbox\androidApp\Baeren\BaerenLock\app\src\main\res\drawable\bg_a_4_orig.jpg to C:\Sandbox\androidApp\Baeren\BaerenLock\app\build\intermediates\merged_res\release\mergeReleaseResources\drawable_bg_a_4_orig.jpg.flat
Compiling xml file C:\Sandbox\androidApp\Baeren\BaerenLock\app\src\main\res\mipmap-anydpi-v26\ic_launcher_round.xml to C:\Sandbox\androidApp\Baeren\BaerenLock\app\build\intermediates\merged_res\release\mergeReleaseResources\mipmap-anydpi-v26_ic_launcher_round.xml.flat
Compiling xml file C:\Sandbox\androidApp\Baeren\BaerenLock\app\src\main\res\drawable\ic_launcher_background.xml to C:\Sandbox\androidApp\Baeren\BaerenLock\app\build\intermediates\merged_res\release\mergeReleaseResources\drawable_ic_launcher_background.xml.flat
Compiling XML table C:\Sandbox\androidApp\Baeren\BaerenLock\app\build\intermediates\incremental\release\mergeReleaseResources\merged.dir\values-b+sr+Latn\values-b+sr+Latn.xml to C:\Sandbox\androidApp\Baeren\BaerenLock\app\build\intermediates\merged_res\release\mergeReleaseResources\values-b+sr+Latn_values-b+sr+Latn.arsc.flat
Compiling XML table C:\Sandbox\androidApp\Baeren\BaerenLock\app\build\intermediates\incremental\release\mergeReleaseResources\merged.dir\values-uk\values-uk.xml to C:\Sandbox\androidApp\Baeren\BaerenLock\app\build\intermediates\merged_res\release\mergeReleaseResources\values-uk_values-uk.arsc.flat
Compiling file C:\Sandbox\androidApp\Baeren\BaerenLock\app\src\main\res\drawable\bg_b_4_orig.jpg to C:\Sandbox\androidApp\Baeren\BaerenLock\app\build\intermediates\merged_res\release\mergeReleaseResources\drawable_bg_b_4_orig.jpg.flat
Compiling file C:\Sandbox\androidApp\Baeren\BaerenLock\app\src\main\res\mipmap-hdpi\ic_launcher_round.webp to C:\Sandbox\androidApp\Baeren\BaerenLock\app\build\intermediates\merged_res\release\mergeReleaseResources\mipmap-hdpi_ic_launcher_round.webp.flat
Compiling file C:\Sandbox\androidApp\Baeren\BaerenLock\app\src\main\res\mipmap-hdpi\ic_launcher.webp to C:\Sandbox\androidApp\Baeren\BaerenLock\app\build\intermediates\merged_res\release\mergeReleaseResources\mipmap-hdpi_ic_launcher.webp.flat
Compiling XML table C:\Sandbox\androidApp\Baeren\BaerenLock\app\build\intermediates\incremental\release\mergeReleaseResources\merged.dir\values-zh-rCN\values-zh-rCN.xml to C:\Sandbox\androidApp\Baeren\BaerenLock\app\build\intermediates\merged_res\release\mergeReleaseResources\values-zh-rCN_values-zh-rCN.arsc.flat
Compiling file C:\Sandbox\androidApp\Baeren\BaerenLock\app\src\main\res\drawable\bg_b_3_orig.jpg to C:\Sandbox\androidApp\Baeren\BaerenLock\app\build\intermediates\merged_res\release\mergeReleaseResources\drawable_bg_b_3_orig.jpg.flat
Compiling XML table C:\Sandbox\androidApp\Baeren\BaerenLock\app\build\intermediates\incremental\release\mergeReleaseResources\merged.dir\values-bg\values-bg.xml to C:\Sandbox\androidApp\Baeren\BaerenLock\app\build\intermediates\merged_res\release\mergeReleaseResources\values-bg_values-bg.arsc.flat
Compiling XML table C:\Sandbox\androidApp\Baeren\BaerenLock\app\build\intermediates\incremental\release\mergeReleaseResources\merged.dir\values-mn\values-mn.xml to C:\Sandbox\androidApp\Baeren\BaerenLock\app\build\intermediates\merged_res\release\mergeReleaseResources\values-mn_values-mn.arsc.flat
Compiling xml file C:\Sandbox\androidApp\Baeren\BaerenLock\app\src\main\res\xml\data_extraction_rules.xml to C:\Sandbox\androidApp\Baeren\BaerenLock\app\build\intermediates\merged_res\release\mergeReleaseResources\xml_data_extraction_rules.xml.flat
Compiling file C:\Sandbox\androidApp\Baeren\BaerenLock\app\src\main\res\drawable\bg_a_6_orig.jpg to C:\Sandbox\androidApp\Baeren\BaerenLock\app\build\intermediates\merged_res\release\mergeReleaseResources\drawable_bg_a_6_orig.jpg.flat
Compiling file C:\Sandbox\androidApp\Baeren\BaerenLock\app\src\main\res\mipmap-xxhdpi\ic_launcher.webp to C:\Sandbox\androidApp\Baeren\BaerenLock\app\build\intermediates\merged_res\release\mergeReleaseResources\mipmap-xxhdpi_ic_launcher.webp.flat
Compiling XML table C:\Sandbox\androidApp\Baeren\BaerenLock\app\build\intermediates\incremental\release\mergeReleaseResources\merged.dir\values-pl\values-pl.xml to C:\Sandbox\androidApp\Baeren\BaerenLock\app\build\intermediates\merged_res\release\mergeReleaseResources\values-pl_values-pl.arsc.flat
Compiling XML table C:\Sandbox\androidApp\Baeren\BaerenLock\app\build\intermediates\incremental\release\mergeReleaseResources\merged.dir\values-nl\values-nl.xml to C:\Sandbox\androidApp\Baeren\BaerenLock\app\build\intermediates\merged_res\release\mergeReleaseResources\values-nl_values-nl.arsc.flat
Compiling xml file C:\Sandbox\androidApp\Baeren\BaerenLock\app\src\main\res\drawable\exit_launcher.xml to C:\Sandbox\androidApp\Baeren\BaerenLock\app\build\intermediates\merged_res\release\mergeReleaseResources\drawable_exit_launcher.xml.flat
Compiling XML table C:\Sandbox\androidApp\Baeren\BaerenLock\app\build\intermediates\incremental\release\mergeReleaseResources\merged.dir\values-ml\values-ml.xml to C:\Sandbox\androidApp\Baeren\BaerenLock\app\build\intermediates\merged_res\release\mergeReleaseResources\values-ml_values-ml.arsc.flat
Compiling file C:\Sandbox\androidApp\Baeren\BaerenLock\app\src\main\res\mipmap-xxxhdpi\ic_launcher_foreground.webp to C:\Sandbox\androidApp\Baeren\BaerenLock\app\build\intermediates\merged_res\release\mergeReleaseResources\mipmap-xxxhdpi_ic_launcher_foreground.webp.flat
Compiling file C:\Sandbox\androidApp\Baeren\BaerenLock\app\src\main\res\mipmap-xhdpi\ic_launcher_round.webp to C:\Sandbox\androidApp\Baeren\BaerenLock\app\build\intermediates\merged_res\release\mergeReleaseResources\mipmap-xhdpi_ic_launcher_round.webp.flat
Compiling XML table C:\Sandbox\androidApp\Baeren\BaerenLock\app\build\intermediates\incremental\release\mergeReleaseResources\merged.dir\values-bn\values-bn.xml to C:\Sandbox\androidApp\Baeren\BaerenLock\app\build\intermediates\merged_res\release\mergeReleaseResources\values-bn_values-bn.arsc.flat
Compiling file C:\Sandbox\androidApp\Baeren\BaerenLock\app\src\main\res\mipmap-xxxhdpi\ic_launcher_round.webp to C:\Sandbox\androidApp\Baeren\BaerenLock\app\build\intermediates\merged_res\release\mergeReleaseResources\mipmap-xxxhdpi_ic_launcher_round.webp.flat
Compiling XML table C:\Sandbox\androidApp\Baeren\BaerenLock\app\build\intermediates\incremental\release\mergeReleaseResources\merged.dir\values-fa\values-fa.xml to C:\Sandbox\androidApp\Baeren\BaerenLock\app\build\intermediates\merged_res\release\mergeReleaseResources\values-fa_values-fa.arsc.flat
Compiling XML table C:\Sandbox\androidApp\Baeren\BaerenLock\app\build\intermediates\incremental\release\mergeReleaseResources\merged.dir\values-en-rXC\values-en-rXC.xml to C:\Sandbox\androidApp\Baeren\BaerenLock\app\build\intermediates\merged_res\release\mergeReleaseResources\values-en-rXC_values-en-rXC.arsc.flat
Compiling xml file C:\Sandbox\androidApp\Baeren\BaerenLock\app\src\main\res\drawable\bg_a_3.xml to C:\Sandbox\androidApp\Baeren\BaerenLock\app\build\intermediates\merged_res\release\mergeReleaseResources\drawable_bg_a_3.xml.flat
Compiling XML table C:\Sandbox\androidApp\Baeren\BaerenLock\app\build\intermediates\incremental\release\mergeReleaseResources\merged.dir\values-pt-rBR\values-pt-rBR.xml to C:\Sandbox\androidApp\Baeren\BaerenLock\app\build\intermediates\merged_res\release\mergeReleaseResources\values-pt-rBR_values-pt-rBR.arsc.flat
Compiling xml file C:\Sandbox\androidApp\Baeren\BaerenLock\app\src\main\res\layout\activity_settings.xml to C:\Sandbox\androidApp\Baeren\BaerenLock\app\build\intermediates\merged_res\release\mergeReleaseResources\layout_activity_settings.xml.flat
Compiling xml file C:\Sandbox\androidApp\Baeren\BaerenLock\app\src\main\res\mipmap-anydpi-v26\ic_launcher.xml to C:\Sandbox\androidApp\Baeren\BaerenLock\app\build\intermediates\merged_res\release\mergeReleaseResources\mipmap-anydpi-v26_ic_launcher.xml.flat
Compiling XML table C:\Sandbox\androidApp\Baeren\BaerenLock\app\build\intermediates\incremental\release\mergeReleaseResources\merged.dir\values-fi\values-fi.xml to C:\Sandbox\androidApp\Baeren\BaerenLock\app\build\intermediates\merged_res\release\mergeReleaseResources\values-fi_values-fi.arsc.flat
Compiling file C:\Sandbox\androidApp\Baeren\BaerenLock\app\src\main\res\drawable\bg_b_2_orig.jpg to C:\Sandbox\androidApp\Baeren\BaerenLock\app\build\intermediates\merged_res\release\mergeReleaseResources\drawable_bg_b_2_orig.jpg.flat
Compiling xml file C:\Sandbox\androidApp\Baeren\BaerenLock\app\src\main\res\xml\backup_rules.xml to C:\Sandbox\androidApp\Baeren\BaerenLock\app\build\intermediates\merged_res\release\mergeReleaseResources\xml_backup_rules.xml.flat
Compiling file C:\Sandbox\androidApp\Baeren\BaerenLock\app\src\main\res\drawable\bg_b_1_orig.jpg to C:\Sandbox\androidApp\Baeren\BaerenLock\app\build\intermediates\merged_res\release\mergeReleaseResources\drawable_bg_b_1_orig.jpg.flat
Compiling XML table C:\Sandbox\androidApp\Baeren\BaerenLock\app\build\intermediates\incremental\release\mergeReleaseResources\merged.dir\values-uz\values-uz.xml to C:\Sandbox\androidApp\Baeren\BaerenLock\app\build\intermediates\merged_res\release\mergeReleaseResources\values-uz_values-uz.arsc.flat
Compiling XML table C:\Sandbox\androidApp\Baeren\BaerenLock\app\build\intermediates\incremental\release\mergeReleaseResources\merged.dir\values-cs\values-cs.xml to C:\Sandbox\androidApp\Baeren\BaerenLock\app\build\intermediates\merged_res\release\mergeReleaseResources\values-cs_values-cs.arsc.flat
Compiling file C:\Sandbox\androidApp\Baeren\BaerenLock\app\src\main\res\mipmap-mdpi\ic_launcher.webp to C:\Sandbox\androidApp\Baeren\BaerenLock\app\build\intermediates\merged_res\release\mergeReleaseResources\mipmap-mdpi_ic_launcher.webp.flat
Compiling xml file C:\Sandbox\androidApp\Baeren\BaerenLock\app\src\main\res\drawable\bg_a_2.xml to C:\Sandbox\androidApp\Baeren\BaerenLock\app\build\intermediates\merged_res\release\mergeReleaseResources\drawable_bg_a_2.xml.flat
Compiling file C:\Sandbox\androidApp\Baeren\BaerenLock\app\src\main\res\mipmap-xhdpi\ic_launcher_foreground.webp to C:\Sandbox\androidApp\Baeren\BaerenLock\app\build\intermediates\merged_res\release\mergeReleaseResources\mipmap-xhdpi_ic_launcher_foreground.webp.flat
Compiling XML table C:\Sandbox\androidApp\Baeren\BaerenLock\app\build\intermediates\incremental\release\mergeReleaseResources\merged.dir\values-ar\values-ar.xml to C:\Sandbox\androidApp\Baeren\BaerenLock\app\build\intermediates\merged_res\release\mergeReleaseResources\values-ar_values-ar.arsc.flat
Compiling xml file C:\Sandbox\androidApp\Baeren\BaerenLock\app\src\main\res\xml\device_admin_policies.xml to C:\Sandbox\androidApp\Baeren\BaerenLock\app\build\intermediates\merged_res\release\mergeReleaseResources\xml_device_admin_policies.xml.flat
Compiling XML table C:\Sandbox\androidApp\Baeren\BaerenLock\app\build\intermediates\incremental\release\mergeReleaseResources\merged.dir\values-fr\values-fr.xml to C:\Sandbox\androidApp\Baeren\BaerenLock\app\build\intermediates\merged_res\release\mergeReleaseResources\values-fr_values-fr.arsc.flat
Compiling XML table C:\Sandbox\androidApp\Baeren\BaerenLock\app\build\intermediates\incremental\release\mergeReleaseResources\merged.dir\values-mr\values-mr.xml to C:\Sandbox\androidApp\Baeren\BaerenLock\app\build\intermediates\merged_res\release\mergeReleaseResources\values-mr_values-mr.arsc.flat
Compiling xml file C:\Sandbox\androidApp\Baeren\BaerenLock\app\src\main\res\drawable\bg_a_1.xml to C:\Sandbox\androidApp\Baeren\BaerenLock\app\build\intermediates\merged_res\release\mergeReleaseResources\drawable_bg_a_1.xml.flat
Compiling XML table C:\Sandbox\androidApp\Baeren\BaerenLock\app\build\intermediates\incremental\release\mergeReleaseResources\merged.dir\values-en-rCA\values-en-rCA.xml to C:\Sandbox\androidApp\Baeren\BaerenLock\app\build\intermediates\merged_res\release\mergeReleaseResources\values-en-rCA_values-en-rCA.arsc.flat
Compiling file C:\Sandbox\androidApp\Baeren\BaerenLock\app\src\main\res\mipmap-xhdpi\ic_launcher.webp to C:\Sandbox\androidApp\Baeren\BaerenLock\app\build\intermediates\merged_res\release\mergeReleaseResources\mipmap-xhdpi_ic_launcher.webp.flat
Compiling XML table C:\Sandbox\androidApp\Baeren\BaerenLock\app\build\intermediates\incremental\release\mergeReleaseResources\merged.dir\values-large-v4\values-large-v4.xml to C:\Sandbox\androidApp\Baeren\BaerenLock\app\build\intermediates\merged_res\release\mergeReleaseResources\values-large-v4_values-large-v4.arsc.flat
Compiling file C:\Sandbox\androidApp\Baeren\BaerenLock\app\src\main\res\mipmap-mdpi\ic_launcher_round.webp to C:\Sandbox\androidApp\Baeren\BaerenLock\app\build\intermediates\merged_res\release\mergeReleaseResources\mipmap-mdpi_ic_launcher_round.webp.flat
Compiling file C:\Sandbox\androidApp\Baeren\BaerenLock\app\src\main\res\drawable\bg_a_3_orig.jpg to C:\Sandbox\androidApp\Baeren\BaerenLock\app\build\intermediates\merged_res\release\mergeReleaseResources\drawable_bg_a_3_orig.jpg.flat
Compiling XML table C:\Sandbox\androidApp\Baeren\BaerenLock\app\build\intermediates\incremental\release\mergeReleaseResources\merged.dir\values-h720dp-v13\values-h720dp-v13.xml to C:\Sandbox\androidApp\Baeren\BaerenLock\app\build\intermediates\merged_res\release\mergeReleaseResources\values-h720dp-v13_values-h720dp-v13.arsc.flat
Compiling XML table C:\Sandbox\androidApp\Baeren\BaerenLock\app\build\intermediates\incremental\release\mergeReleaseResources\merged.dir\values-fr-rCA\values-fr-rCA.xml to C:\Sandbox\androidApp\Baeren\BaerenLock\app\build\intermediates\merged_res\release\mergeReleaseResources\values-fr-rCA_values-fr-rCA.arsc.flat
Compiling file C:\Sandbox\androidApp\Baeren\BaerenLock\app\src\main\res\drawable\bg_a_2_orig.jpg to C:\Sandbox\androidApp\Baeren\BaerenLock\app\build\intermediates\merged_res\release\mergeReleaseResources\drawable_bg_a_2_orig.jpg.flat
Compiling XML table C:\Sandbox\androidApp\Baeren\BaerenLock\app\build\intermediates\incremental\release\mergeReleaseResources\merged.dir\values-hdpi-v4\values-hdpi-v4.xml to C:\Sandbox\androidApp\Baeren\BaerenLock\app\build\intermediates\merged_res\release\mergeReleaseResources\values-hdpi-v4_values-hdpi-v4.arsc.flat
Compiling xml file C:\Sandbox\androidApp\Baeren\BaerenLock\app\src\main\res\drawable\ic_launcher_foreground.xml to C:\Sandbox\androidApp\Baeren\BaerenLock\app\build\intermediates\merged_res\release\mergeReleaseResources\drawable_ic_launcher_foreground.xml.flat
Compiling file C:\Sandbox\androidApp\Baeren\BaerenLock\app\src\main\res\mipmap-mdpi\ic_launcher_foreground.webp to C:\Sandbox\androidApp\Baeren\BaerenLock\app\build\intermediates\merged_res\release\mergeReleaseResources\mipmap-mdpi_ic_launcher_foreground.webp.flat

:app:createReleaseCompatibleScreenManifests (Thread[#2683,Execution worker Thread 9,5,main]) started.

> Task :app:createReleaseCompatibleScreenManifests
Caching disabled for task ':app:createReleaseCompatibleScreenManifests' because:
  Build cache is disabled
  Caching has been disabled for the task
Task ':app:createReleaseCompatibleScreenManifests' is not up-to-date because:
  Output property 'outputFolder' file C:\Sandbox\androidApp\Baeren\BaerenLock\app\build\intermediates\compatible_screen_manifest\release\createReleaseCompatibleScreenManifests has been removed.
  Output property 'outputFolder' file C:\Sandbox\androidApp\Baeren\BaerenLock\app\build\intermediates\compatible_screen_manifest\release\createReleaseCompatibleScreenManifests\output-metadata.json has been removed.
Resolve mutations for :app:extractDeepLinksRelease (Thread[#2683,Execution worker Thread 9,5,main]) started.
:app:extractDeepLinksRelease (Thread[#2683,Execution worker Thread 9,5,main]) started.

> Task :app:extractDeepLinksRelease
Caching disabled for task ':app:extractDeepLinksRelease' because:
  Build cache is disabled
Task ':app:extractDeepLinksRelease' is not up-to-date because:
  Output property 'navigationJson' file C:\Sandbox\androidApp\Baeren\BaerenLock\app\build\intermediates\navigation_json\release\extractDeepLinksRelease\navigation.json has been removed.
Resolve mutations for :app:processReleaseMainManifest (Thread[#2683,Execution worker Thread 9,5,main]) started.
:app:processReleaseMainManifest (Thread[#2683,Execution worker Thread 9,5,main]) started.

> Task :app:parseReleaseLocalResources
Caching disabled for task ':app:parseReleaseLocalResources' because:
  Build cache is disabled
Task ':app:parseReleaseLocalResources' is not up-to-date because:
  Output property 'librarySymbolsFile' file C:\Sandbox\androidApp\Baeren\BaerenLock\app\build\intermediates\local_only_symbol_list\release\parseReleaseLocalResources\R-def.txt has been removed.
The input changes require a full rebuild for incremental task ':app:parseReleaseLocalResources'.

> Task :app:processReleaseMainManifest
Caching disabled for task ':app:processReleaseMainManifest' because:
  Build cache is disabled
Task ':app:processReleaseMainManifest' is not up-to-date because:
  Output property 'mergeBlameFile' file C:\Sandbox\androidApp\Baeren\BaerenLock\app\build\intermediates\manifest_merge_blame_file\release\processReleaseMainManifest\manifest-merger-blame-release-report.txt has been removed.
  Output property 'mergedManifest' file C:\Sandbox\androidApp\Baeren\BaerenLock\app\build\intermediates\merged_manifest\release\processReleaseMainManifest\AndroidManifest.xml has been removed.
  Output property 'reportFile' file C:\Sandbox\androidApp\Baeren\BaerenLock\app\build\outputs\logs\manifest-merger-release-report.txt has been removed.
package="com.talq2me.baerenlock" found in source AndroidManifest.xml: C:\Sandbox\androidApp\Baeren\BaerenLock\app\src\main\AndroidManifest.xml.
Setting the namespace via the package attribute in the source AndroidManifest.xml is no longer supported, and the value is ignored.
Recommendation: remove package="com.talq2me.baerenlock" from the source AndroidManifest.xml: C:\Sandbox\androidApp\Baeren\BaerenLock\app\src\main\AndroidManifest.xml.
Loading library manifest C:\Users\talqu\.gradle\caches\8.13\transforms\0c55db39a79a265c4e8e214eabc3133f\transformed\appcompat-resources-1.7.1\AndroidManifest.xml
Loading library manifest C:\Users\talqu\.gradle\caches\8.13\transforms\f987564d32cead6a188a7d1e66aec8b9\transformed\appcompat-1.7.1\AndroidManifest.xml
Loading library manifest C:\Users\talqu\.gradle\caches\8.13\transforms\32777180a574ff49ab98fa45f7ffdd28\transformed\fragment-1.5.4\AndroidManifest.xml
Loading library manifest C:\Users\talqu\.gradle\caches\8.13\transforms\c8cc08d39f2a7ed4e2af597d6aed4000\transformed\material3-release\AndroidManifest.xml
Loading library manifest C:\Users\talqu\.gradle\caches\8.13\transforms\d825f9abd1530e8c0616d53d35f8cc26\transformed\animation-core-release\AndroidManifest.xml
Loading library manifest C:\Users\talqu\.gradle\caches\8.13\transforms\c64983e2898f4eef31a03cf5142c64e8\transformed\material-ripple-release\AndroidManifest.xml
Loading library manifest C:\Users\talqu\.gradle\caches\8.13\transforms\7458c3999302e0d83ffdb15c20f9ad9f\transformed\animation-release\AndroidManifest.xml
Loading library manifest C:\Users\talqu\.gradle\caches\8.13\transforms\9927ad6fdbcbb8bf3c26afd30c38e92c\transformed\foundation-layout-release\AndroidManifest.xml
Loading library manifest C:\Users\talqu\.gradle\caches\8.13\transforms\d9896373b633367cadc50e854a9c8b7c\transformed\foundation-release\AndroidManifest.xml
Loading library manifest C:\Users\talqu\.gradle\caches\8.13\transforms\72c859c84903297f31a4ef11a6f65b7d\transformed\ui-unit-release\AndroidManifest.xml
Loading library manifest C:\Users\talqu\.gradle\caches\8.13\transforms\0426111c09f3a64e86d49393ce7d8a86\transformed\ui-geometry-release\AndroidManifest.xml
Loading library manifest C:\Users\talqu\.gradle\caches\8.13\transforms\6129bf6a933bc3e542a753be8132e79f\transformed\ui-util-release\AndroidManifest.xml
Loading library manifest C:\Users\talqu\.gradle\caches\8.13\transforms\1ebf63ba014541033e3695d73932a8a8\transformed\ui-text-release\AndroidManifest.xml
Loading library manifest C:\Users\talqu\.gradle\caches\8.13\transforms\67e4ca62ea69fa18b78e0211e2d95fab\transformed\ui-tooling-preview-release\AndroidManifest.xml
Loading library manifest C:\Users\talqu\.gradle\caches\8.13\transforms\ea69e9e07c0b5c2c62d930ec04af1cfd\transformed\ui-graphics-release\AndroidManifest.xml
Loading library manifest C:\Users\talqu\.gradle\caches\8.13\transforms\c05827f4a788b1f9e06a234570a33ef5\transformed\activity-1.8.2\AndroidManifest.xml
Loading library manifest C:\Users\talqu\.gradle\caches\8.13\transforms\14da9baf6797708bb2e3610dd196afbb\transformed\activity-ktx-1.8.2\AndroidManifest.xml
Loading library manifest C:\Users\talqu\.gradle\caches\8.13\transforms\0e80c0d2b5b43388d44b55bb5e137f48\transformed\activity-compose-1.8.2\AndroidManifest.xml
Loading library manifest C:\Users\talqu\.gradle\caches\8.13\transforms\58e48e54a551bdfef19bfdb0c21b96ad\transformed\material-icons-core-release\AndroidManifest.xml
Loading library manifest C:\Users\talqu\.gradle\caches\8.13\transforms\990d6a524d960ae518df18476b85a858\transformed\ui-release\AndroidManifest.xml
Loading library manifest C:\Users\talqu\.gradle\caches\8.13\transforms\226bf6386960929b0bab6e43b830ec49\transformed\savedstate-ktx-1.2.1\AndroidManifest.xml
Loading library manifest C:\Users\talqu\.gradle\caches\8.13\transforms\44e51eca128648827323c344ee36d075\transformed\loader-1.0.0\AndroidManifest.xml
Loading library manifest C:\Users\talqu\.gradle\caches\8.13\transforms\c80459077099529ee54644d4a3e055a2\transformed\emoji2-views-helper-1.3.0\AndroidManifest.xml
Loading library manifest C:\Users\talqu\.gradle\caches\8.13\transforms\4642f5049670721953d5c38e009d8743\transformed\emoji2-1.3.0\AndroidManifest.xml
Loading library manifest C:\Users\talqu\.gradle\caches\8.13\transforms\afb432ab268bb5b610c9776e99c8b31a\transformed\recyclerview-1.3.2\AndroidManifest.xml
Loading library manifest C:\Users\talqu\.gradle\caches\8.13\transforms\03cdc8832581e40cb3102ca0cba6b6aa\transformed\drawerlayout-1.0.0\AndroidManifest.xml
Loading library manifest C:\Users\talqu\.gradle\caches\8.13\transforms\ade2c6bd4e5d89d739f08478c50c323a\transformed\viewpager-1.0.0\AndroidManifest.xml
Loading library manifest C:\Users\talqu\.gradle\caches\8.13\transforms\0ae2757ff042ddbfaa9f44d26126c537\transformed\customview-1.0.0\AndroidManifest.xml
Loading library manifest C:\Users\talqu\.gradle\caches\8.13\transforms\83e9262381005d771cf0370599c81252\transformed\vectordrawable-animated-1.1.0\AndroidManifest.xml
Loading library manifest C:\Users\talqu\.gradle\caches\8.13\transforms\5bd5e7ecfdd4fe3913eb17c6b2ceb5d4\transformed\vectordrawable-1.1.0\AndroidManifest.xml
Loading library manifest C:\Users\talqu\.gradle\caches\8.13\transforms\94dbd4d317d290677386a0abb387b0ea\transformed\autofill-1.0.0\AndroidManifest.xml
Loading library manifest C:\Users\talqu\.gradle\caches\8.13\transforms\b4effb8dd75b18cc2658a3c175674642\transformed\graphics-path-1.0.1\AndroidManifest.xml
Loading library manifest C:\Users\talqu\.gradle\caches\8.13\transforms\dddbefaa86ad6b659d1c0da790bc3fe8\transformed\customview-poolingcontainer-1.0.0\AndroidManifest.xml
Loading library manifest C:\Users\talqu\.gradle\caches\8.13\transforms\30bf77e1c1f9b37ac06eef37f89f9e6c\transformed\core-ktx-1.13.1\AndroidManifest.xml
Loading library manifest C:\Users\talqu\.gradle\caches\8.13\transforms\af4ea84f64a8197dda02ef6b7a08a250\transformed\core-1.13.1\AndroidManifest.xml
Loading library manifest C:\Users\talqu\.gradle\caches\8.13\transforms\664a065bbc9d06baadc97aad08552367\transformed\lifecycle-viewmodel-2.8.3\AndroidManifest.xml
Loading library manifest C:\Users\talqu\.gradle\caches\8.13\transforms\7455337bc66d60b35b51b034361c45f5\transformed\lifecycle-viewmodel-release\AndroidManifest.xml
Loading library manifest C:\Users\talqu\.gradle\caches\8.13\transforms\c8dda6884e0b043cd49cbc9a62f809bf\transformed\lifecycle-livedata-core-ktx-2.8.3\AndroidManifest.xml
Loading library manifest C:\Users\talqu\.gradle\caches\8.13\transforms\bbd42c49f4accd20beb8efa69d3302c4\transformed\lifecycle-runtime-ktx-release\AndroidManifest.xml
Loading library manifest C:\Users\talqu\.gradle\caches\8.13\transforms\a966ecdb6fe9e877234cfa236faa971c\transformed\lifecycle-runtime-release\AndroidManifest.xml
Loading library manifest C:\Users\talqu\.gradle\caches\8.13\transforms\ad6fb4b4157cb7efe12291a4f91468c2\transformed\lifecycle-viewmodel-ktx-2.8.3\AndroidManifest.xml
Loading library manifest C:\Users\talqu\.gradle\caches\8.13\transforms\972a80b0e0120917c897bee0babf5118\transformed\lifecycle-process-2.8.3\AndroidManifest.xml
Loading library manifest C:\Users\talqu\.gradle\caches\8.13\transforms\f1e3ee98ac0c3b5286b2e6740ff3feb2\transformed\lifecycle-livedata-core-2.8.3\AndroidManifest.xml
Loading library manifest C:\Users\talqu\.gradle\caches\8.13\transforms\4ac0de85eb4f6d8a492377708ac0185f\transformed\lifecycle-livedata-2.8.3\AndroidManifest.xml
Loading library manifest C:\Users\talqu\.gradle\caches\8.13\transforms\52c0003d68a616835d922e1e9831d195\transformed\lifecycle-runtime-compose-release\AndroidManifest.xml
Loading library manifest C:\Users\talqu\.gradle\caches\8.13\transforms\709e3fbdc9d73871cf3d3d49d3f0a6a3\transformed\lifecycle-viewmodel-savedstate-2.8.3\AndroidManifest.xml
Loading library manifest C:\Users\talqu\.gradle\caches\8.13\transforms\a25811b27630e13705cbdcde2fbe7211\transformed\savedstate-1.2.1\AndroidManifest.xml
Loading library manifest C:\Users\talqu\.gradle\caches\8.13\transforms\3a93079dd50f9893e7460bf3a1ffc340\transformed\runtime-saveable-release\AndroidManifest.xml
Loading library manifest C:\Users\talqu\.gradle\caches\8.13\transforms\0e324cf5e13bd3493aa173c26381a878\transformed\runtime-release\AndroidManifest.xml
Loading library manifest C:\Users\talqu\.gradle\caches\8.13\transforms\8da8c90b56b98f899373ba107eb9479c\transformed\annotation-experimental-1.4.0\AndroidManifest.xml
Loading library manifest C:\Users\talqu\.gradle\caches\8.13\transforms\1c71a22e16c52bf2f9da8833105edd24\transformed\versionedparcelable-1.1.1\AndroidManifest.xml
Loading library manifest C:\Users\talqu\.gradle\caches\8.13\transforms\eb11cc650b600eae4396a42e1ffc7b7a\transformed\cursoradapter-1.0.0\AndroidManifest.xml
Loading library manifest C:\Users\talqu\.gradle\caches\8.13\transforms\dcfcb517f12de82e0e6904648a614923\transformed\profileinstaller-1.3.1\AndroidManifest.xml
Loading library manifest C:\Users\talqu\.gradle\caches\8.13\transforms\78cb51f6ac24e41e037767340f22e5b2\transformed\interpolator-1.0.0\AndroidManifest.xml
Loading library manifest C:\Users\talqu\.gradle\caches\8.13\transforms\cb3c37ca779f877d47b38a6a8a45c5fb\transformed\startup-runtime-1.1.1\AndroidManifest.xml
Loading library manifest C:\Users\talqu\.gradle\caches\8.13\transforms\73c406c61e7db811c2a1c131f4be9bc9\transformed\tracing-1.0.0\AndroidManifest.xml
Loading library manifest C:\Users\talqu\.gradle\caches\8.13\transforms\cbd8be0ffec867538a1e91032ea8c59d\transformed\core-runtime-2.2.0\AndroidManifest.xml
Merging main manifest C:\Sandbox\androidApp\Baeren\BaerenLock\app\src\main\AndroidManifest.xml

Merging library manifest C:\Users\talqu\.gradle\caches\8.13\transforms\0c55db39a79a265c4e8e214eabc3133f\transformed\appcompat-resources-1.7.1\AndroidManifest.xml
Merging manifest with lower [androidx.appcompat:appcompat-resources:1.7.1] AndroidManifest.xml:2:1-7:12
uses-sdk defined in both files...
Merging uses-sdk with lower [androidx.appcompat:appcompat-resources:1.7.1] AndroidManifest.xml:5:5-44
Merging library manifest C:\Users\talqu\.gradle\caches\8.13\transforms\f987564d32cead6a188a7d1e66aec8b9\transformed\appcompat-1.7.1\AndroidManifest.xml
Merging manifest with lower [androidx.appcompat:appcompat:1.7.1] AndroidManifest.xml:2:1-7:12
uses-sdk defined in both files...
Merging uses-sdk with lower [androidx.appcompat:appcompat:1.7.1] AndroidManifest.xml:5:5-44
Merging library manifest C:\Users\talqu\.gradle\caches\8.13\transforms\32777180a574ff49ab98fa45f7ffdd28\transformed\fragment-1.5.4\AndroidManifest.xml
Merging manifest with lower [androidx.fragment:fragment:1.5.4] AndroidManifest.xml:17:1-24:12
uses-sdk defined in both files...
Merging uses-sdk with lower [androidx.fragment:fragment:1.5.4] AndroidManifest.xml:20:5-22:41
Merging library manifest C:\Users\talqu\.gradle\caches\8.13\transforms\c8cc08d39f2a7ed4e2af597d6aed4000\transformed\material3-release\AndroidManifest.xml
Merging manifest with lower [androidx.compose.material3:material3-android:1.3.0] AndroidManifest.xml:17:1-22:12
uses-sdk defined in both files...
Merging uses-sdk with lower [androidx.compose.material3:material3-android:1.3.0] AndroidManifest.xml:20:5-44
Merging library manifest C:\Users\talqu\.gradle\caches\8.13\transforms\d825f9abd1530e8c0616d53d35f8cc26\transformed\animation-core-release\AndroidManifest.xml
Merging manifest with lower [androidx.compose.animation:animation-core-android:1.7.0] AndroidManifest.xml:2:1-7:12
uses-sdk defined in both files...
Merging uses-sdk with lower [androidx.compose.animation:animation-core-android:1.7.0] AndroidManifest.xml:5:5-44
Merging library manifest C:\Users\talqu\.gradle\caches\8.13\transforms\c64983e2898f4eef31a03cf5142c64e8\transformed\material-ripple-release\AndroidManifest.xml
Merging manifest with lower [androidx.compose.material:material-ripple-android:1.7.0] AndroidManifest.xml:2:1-7:12
uses-sdk defined in both files...
Merging uses-sdk with lower [androidx.compose.material:material-ripple-android:1.7.0] AndroidManifest.xml:5:5-44
Merging library manifest C:\Users\talqu\.gradle\caches\8.13\transforms\7458c3999302e0d83ffdb15c20f9ad9f\transformed\animation-release\AndroidManifest.xml
Merging manifest with lower [androidx.compose.animation:animation-android:1.7.0] AndroidManifest.xml:2:1-7:12
uses-sdk defined in both files...
Merging uses-sdk with lower [androidx.compose.animation:animation-android:1.7.0] AndroidManifest.xml:5:5-44
Merging library manifest C:\Users\talqu\.gradle\caches\8.13\transforms\9927ad6fdbcbb8bf3c26afd30c38e92c\transformed\foundation-layout-release\AndroidManifest.xml
Merging manifest with lower [androidx.compose.foundation:foundation-layout-android:1.7.0] AndroidManifest.xml:2:1-7:12
uses-sdk defined in both files...
Merging uses-sdk with lower [androidx.compose.foundation:foundation-layout-android:1.7.0] AndroidManifest.xml:5:5-44
Merging library manifest C:\Users\talqu\.gradle\caches\8.13\transforms\d9896373b633367cadc50e854a9c8b7c\transformed\foundation-release\AndroidManifest.xml
Merging manifest with lower [androidx.compose.foundation:foundation-android:1.7.0] AndroidManifest.xml:2:1-7:12
uses-sdk defined in both files...
Merging uses-sdk with lower [androidx.compose.foundation:foundation-android:1.7.0] AndroidManifest.xml:5:5-44
Merging library manifest C:\Users\talqu\.gradle\caches\8.13\transforms\72c859c84903297f31a4ef11a6f65b7d\transformed\ui-unit-release\AndroidManifest.xml
Merging manifest with lower [androidx.compose.ui:ui-unit-android:1.7.0] AndroidManifest.xml:2:1-7:12
uses-sdk defined in both files...
Merging uses-sdk with lower [androidx.compose.ui:ui-unit-android:1.7.0] AndroidManifest.xml:5:5-44
Merging library manifest C:\Users\talqu\.gradle\caches\8.13\transforms\0426111c09f3a64e86d49393ce7d8a86\transformed\ui-geometry-release\AndroidManifest.xml
Merging manifest with lower [androidx.compose.ui:ui-geometry-android:1.7.0] AndroidManifest.xml:2:1-7:12
uses-sdk defined in both files...
Merging uses-sdk with lower [androidx.compose.ui:ui-geometry-android:1.7.0] AndroidManifest.xml:5:5-44
Merging library manifest C:\Users\talqu\.gradle\caches\8.13\transforms\6129bf6a933bc3e542a753be8132e79f\transformed\ui-util-release\AndroidManifest.xml
Merging manifest with lower [androidx.compose.ui:ui-util-android:1.7.0] AndroidManifest.xml:2:1-7:12
uses-sdk defined in both files...
Merging uses-sdk with lower [androidx.compose.ui:ui-util-android:1.7.0] AndroidManifest.xml:5:5-44
Merging library manifest C:\Users\talqu\.gradle\caches\8.13\transforms\1ebf63ba014541033e3695d73932a8a8\transformed\ui-text-release\AndroidManifest.xml
Merging manifest with lower [androidx.compose.ui:ui-text-android:1.7.0] AndroidManifest.xml:2:1-7:12
uses-sdk defined in both files...
Merging uses-sdk with lower [androidx.compose.ui:ui-text-android:1.7.0] AndroidManifest.xml:5:5-44
Merging library manifest C:\Users\talqu\.gradle\caches\8.13\transforms\67e4ca62ea69fa18b78e0211e2d95fab\transformed\ui-tooling-preview-release\AndroidManifest.xml
Merging manifest with lower [androidx.compose.ui:ui-tooling-preview-android:1.7.0] AndroidManifest.xml:17:1-22:12
uses-sdk defined in both files...
Merging uses-sdk with lower [androidx.compose.ui:ui-tooling-preview-android:1.7.0] AndroidManifest.xml:20:5-44
Merging library manifest C:\Users\talqu\.gradle\caches\8.13\transforms\ea69e9e07c0b5c2c62d930ec04af1cfd\transformed\ui-graphics-release\AndroidManifest.xml
Merging manifest with lower [androidx.compose.ui:ui-graphics-android:1.7.0] AndroidManifest.xml:2:1-7:12
uses-sdk defined in both files...
Merging uses-sdk with lower [androidx.compose.ui:ui-graphics-android:1.7.0] AndroidManifest.xml:5:5-44
Merging library manifest C:\Users\talqu\.gradle\caches\8.13\transforms\c05827f4a788b1f9e06a234570a33ef5\transformed\activity-1.8.2\AndroidManifest.xml
Merging manifest with lower [androidx.activity:activity:1.8.2] AndroidManifest.xml:17:1-22:12
uses-sdk defined in both files...
Merging uses-sdk with lower [androidx.activity:activity:1.8.2] AndroidManifest.xml:20:5-44
Merging library manifest C:\Users\talqu\.gradle\caches\8.13\transforms\14da9baf6797708bb2e3610dd196afbb\transformed\activity-ktx-1.8.2\AndroidManifest.xml
Merging manifest with lower [androidx.activity:activity-ktx:1.8.2] AndroidManifest.xml:2:1-7:12
uses-sdk defined in both files...
Merging uses-sdk with lower [androidx.activity:activity-ktx:1.8.2] AndroidManifest.xml:5:5-44
Merging library manifest C:\Users\talqu\.gradle\caches\8.13\transforms\0e80c0d2b5b43388d44b55bb5e137f48\transformed\activity-compose-1.8.2\AndroidManifest.xml
Merging manifest with lower [androidx.activity:activity-compose:1.8.2] AndroidManifest.xml:2:1-7:12
uses-sdk defined in both files...
Merging uses-sdk with lower [androidx.activity:activity-compose:1.8.2] AndroidManifest.xml:5:5-44
Merging library manifest C:\Users\talqu\.gradle\caches\8.13\transforms\58e48e54a551bdfef19bfdb0c21b96ad\transformed\material-icons-core-release\AndroidManifest.xml
Merging manifest with lower [androidx.compose.material:material-icons-core-android:1.7.0] AndroidManifest.xml:2:1-7:12
uses-sdk defined in both files...
Merging uses-sdk with lower [androidx.compose.material:material-icons-core-android:1.7.0] AndroidManifest.xml:5:5-44
Merging library manifest C:\Users\talqu\.gradle\caches\8.13\transforms\990d6a524d960ae518df18476b85a858\transformed\ui-release\AndroidManifest.xml
Merging manifest with lower [androidx.compose.ui:ui-android:1.7.0] AndroidManifest.xml:2:1-7:12
uses-sdk defined in both files...
Merging uses-sdk with lower [androidx.compose.ui:ui-android:1.7.0] AndroidManifest.xml:5:5-44
Merging library manifest C:\Users\talqu\.gradle\caches\8.13\transforms\226bf6386960929b0bab6e43b830ec49\transformed\savedstate-ktx-1.2.1\AndroidManifest.xml
Merging manifest with lower [androidx.savedstate:savedstate-ktx:1.2.1] AndroidManifest.xml:17:1-22:12
uses-sdk defined in both files...
Merging uses-sdk with lower [androidx.savedstate:savedstate-ktx:1.2.1] AndroidManifest.xml:20:5-44
Merging library manifest C:\Users\talqu\.gradle\caches\8.13\transforms\44e51eca128648827323c344ee36d075\transformed\loader-1.0.0\AndroidManifest.xml
Merging manifest with lower [androidx.loader:loader:1.0.0] AndroidManifest.xml:17:1-22:12
uses-sdk defined in both files...
Merging uses-sdk with lower [androidx.loader:loader:1.0.0] AndroidManifest.xml:20:5-44
Merging library manifest C:\Users\talqu\.gradle\caches\8.13\transforms\c80459077099529ee54644d4a3e055a2\transformed\emoji2-views-helper-1.3.0\AndroidManifest.xml
Merging manifest with lower [androidx.emoji2:emoji2-views-helper:1.3.0] AndroidManifest.xml:2:1-7:12
uses-sdk defined in both files...
Merging uses-sdk with lower [androidx.emoji2:emoji2-views-helper:1.3.0] AndroidManifest.xml:5:5-44
Merging library manifest C:\Users\talqu\.gradle\caches\8.13\transforms\4642f5049670721953d5c38e009d8743\transformed\emoji2-1.3.0\AndroidManifest.xml
Merging manifest with lower [androidx.emoji2:emoji2:1.3.0] AndroidManifest.xml:17:1-35:12
uses-sdk defined in both files...
Merging uses-sdk with lower [androidx.emoji2:emoji2:1.3.0] AndroidManifest.xml:21:5-44
application defined in both files...
Merging application with lower [androidx.emoji2:emoji2:1.3.0] AndroidManifest.xml:23:5-33:19
Adopted [provider: null]
Merging library manifest C:\Users\talqu\.gradle\caches\8.13\transforms\afb432ab268bb5b610c9776e99c8b31a\transformed\recyclerview-1.3.2\AndroidManifest.xml
Merging manifest with lower [androidx.recyclerview:recyclerview:1.3.2] AndroidManifest.xml:17:1-22:12
uses-sdk defined in both files...
Merging uses-sdk with lower [androidx.recyclerview:recyclerview:1.3.2] AndroidManifest.xml:20:5-44
Merging library manifest C:\Users\talqu\.gradle\caches\8.13\transforms\03cdc8832581e40cb3102ca0cba6b6aa\transformed\drawerlayout-1.0.0\AndroidManifest.xml
Merging manifest with lower [androidx.drawerlayout:drawerlayout:1.0.0] AndroidManifest.xml:17:1-22:12
uses-sdk defined in both files...
Merging uses-sdk with lower [androidx.drawerlayout:drawerlayout:1.0.0] AndroidManifest.xml:20:5-44
Merging library manifest C:\Users\talqu\.gradle\caches\8.13\transforms\ade2c6bd4e5d89d739f08478c50c323a\transformed\viewpager-1.0.0\AndroidManifest.xml
Merging manifest with lower [androidx.viewpager:viewpager:1.0.0] AndroidManifest.xml:17:1-22:12
uses-sdk defined in both files...
Merging uses-sdk with lower [androidx.viewpager:viewpager:1.0.0] AndroidManifest.xml:20:5-44
Merging library manifest C:\Users\talqu\.gradle\caches\8.13\transforms\0ae2757ff042ddbfaa9f44d26126c537\transformed\customview-1.0.0\AndroidManifest.xml
Merging manifest with lower [androidx.customview:customview:1.0.0] AndroidManifest.xml:17:1-22:12
uses-sdk defined in both files...
Merging uses-sdk with lower [androidx.customview:customview:1.0.0] AndroidManifest.xml:20:5-44
Merging library manifest C:\Users\talqu\.gradle\caches\8.13\transforms\83e9262381005d771cf0370599c81252\transformed\vectordrawable-animated-1.1.0\AndroidManifest.xml
Merging manifest with lower [androidx.vectordrawable:vectordrawable-animated:1.1.0] AndroidManifest.xml:17:1-24:12
uses-sdk defined in both files...
Merging uses-sdk with lower [androidx.vectordrawable:vectordrawable-animated:1.1.0] AndroidManifest.xml:20:5-22:41
Merging library manifest C:\Users\talqu\.gradle\caches\8.13\transforms\5bd5e7ecfdd4fe3913eb17c6b2ceb5d4\transformed\vectordrawable-1.1.0\AndroidManifest.xml
Merging manifest with lower [androidx.vectordrawable:vectordrawable:1.1.0] AndroidManifest.xml:17:1-24:12
uses-sdk defined in both files...
Merging uses-sdk with lower [androidx.vectordrawable:vectordrawable:1.1.0] AndroidManifest.xml:20:5-22:41
Merging library manifest C:\Users\talqu\.gradle\caches\8.13\transforms\94dbd4d317d290677386a0abb387b0ea\transformed\autofill-1.0.0\AndroidManifest.xml
Merging manifest with lower [androidx.autofill:autofill:1.0.0] AndroidManifest.xml:17:1-24:12
uses-sdk defined in both files...
Merging uses-sdk with lower [androidx.autofill:autofill:1.0.0] AndroidManifest.xml:20:5-22:41
Merging library manifest C:\Users\talqu\.gradle\caches\8.13\transforms\b4effb8dd75b18cc2658a3c175674642\transformed\graphics-path-1.0.1\AndroidManifest.xml
Merging manifest with lower [androidx.graphics:graphics-path:1.0.1] AndroidManifest.xml:2:1-7:12
uses-sdk defined in both files...
Merging uses-sdk with lower [androidx.graphics:graphics-path:1.0.1] AndroidManifest.xml:5:5-44
Merging library manifest C:\Users\talqu\.gradle\caches\8.13\transforms\dddbefaa86ad6b659d1c0da790bc3fe8\transformed\customview-poolingcontainer-1.0.0\AndroidManifest.xml
Merging manifest with lower [androidx.customview:customview-poolingcontainer:1.0.0] AndroidManifest.xml:17:1-23:12
uses-sdk defined in both files...
Merging uses-sdk with lower [androidx.customview:customview-poolingcontainer:1.0.0] AndroidManifest.xml:20:5-21:38
Merging library manifest C:\Users\talqu\.gradle\caches\8.13\transforms\30bf77e1c1f9b37ac06eef37f89f9e6c\transformed\core-ktx-1.13.1\AndroidManifest.xml
Merging manifest with lower [androidx.core:core-ktx:1.13.1] AndroidManifest.xml:2:1-7:12
uses-sdk defined in both files...
Merging uses-sdk with lower [androidx.core:core-ktx:1.13.1] AndroidManifest.xml:5:5-44
Merging library manifest C:\Users\talqu\.gradle\caches\8.13\transforms\af4ea84f64a8197dda02ef6b7a08a250\transformed\core-1.13.1\AndroidManifest.xml
Merging manifest with lower [androidx.core:core:1.13.1] AndroidManifest.xml:17:1-30:12
uses-sdk defined in both files...
Merging uses-sdk with lower [androidx.core:core:1.13.1] AndroidManifest.xml:20:5-44
Adopted [permission: null]
Adopted [uses-permission: null]
application defined in both files...
Merging application with lower [androidx.core:core:1.13.1] AndroidManifest.xml:28:5-89
Merging library manifest C:\Users\talqu\.gradle\caches\8.13\transforms\664a065bbc9d06baadc97aad08552367\transformed\lifecycle-viewmodel-2.8.3\AndroidManifest.xml
Merging manifest with lower [androidx.lifecycle:lifecycle-viewmodel:2.8.3] AndroidManifest.xml:2:1-5:12
uses-sdk defined in both files...
Merging uses-sdk with lower [androidx.lifecycle:lifecycle-viewmodel:2.8.3] AndroidManifest.xml:4:5-43
Merging library manifest C:\Users\talqu\.gradle\caches\8.13\transforms\7455337bc66d60b35b51b034361c45f5\transformed\lifecycle-viewmodel-release\AndroidManifest.xml
Merging manifest with lower [androidx.lifecycle:lifecycle-viewmodel-android:2.8.3] AndroidManifest.xml:17:1-22:12
uses-sdk defined in both files...
Merging uses-sdk with lower [androidx.lifecycle:lifecycle-viewmodel-android:2.8.3] AndroidManifest.xml:20:5-44
Merging library manifest C:\Users\talqu\.gradle\caches\8.13\transforms\c8dda6884e0b043cd49cbc9a62f809bf\transformed\lifecycle-livedata-core-ktx-2.8.3\AndroidManifest.xml
Merging manifest with lower [androidx.lifecycle:lifecycle-livedata-core-ktx:2.8.3] AndroidManifest.xml:2:1-7:12
uses-sdk defined in both files...
Merging uses-sdk with lower [androidx.lifecycle:lifecycle-livedata-core-ktx:2.8.3] AndroidManifest.xml:5:5-44
Merging library manifest C:\Users\talqu\.gradle\caches\8.13\transforms\bbd42c49f4accd20beb8efa69d3302c4\transformed\lifecycle-runtime-ktx-release\AndroidManifest.xml
Merging manifest with lower [androidx.lifecycle:lifecycle-runtime-ktx-android:2.8.3] AndroidManifest.xml:2:1-7:12
uses-sdk defined in both files...
Merging uses-sdk with lower [androidx.lifecycle:lifecycle-runtime-ktx-android:2.8.3] AndroidManifest.xml:5:5-44
Merging library manifest C:\Users\talqu\.gradle\caches\8.13\transforms\a966ecdb6fe9e877234cfa236faa971c\transformed\lifecycle-runtime-release\AndroidManifest.xml
Merging manifest with lower [androidx.lifecycle:lifecycle-runtime-android:2.8.3] AndroidManifest.xml:17:1-22:12
uses-sdk defined in both files...
Merging uses-sdk with lower [androidx.lifecycle:lifecycle-runtime-android:2.8.3] AndroidManifest.xml:20:5-44
Merging library manifest C:\Users\talqu\.gradle\caches\8.13\transforms\ad6fb4b4157cb7efe12291a4f91468c2\transformed\lifecycle-viewmodel-ktx-2.8.3\AndroidManifest.xml
Merging manifest with lower [androidx.lifecycle:lifecycle-viewmodel-ktx:2.8.3] AndroidManifest.xml:2:1-7:12
uses-sdk defined in both files...
Merging uses-sdk with lower [androidx.lifecycle:lifecycle-viewmodel-ktx:2.8.3] AndroidManifest.xml:5:5-44
Merging library manifest C:\Users\talqu\.gradle\caches\8.13\transforms\972a80b0e0120917c897bee0babf5118\transformed\lifecycle-process-2.8.3\AndroidManifest.xml
Merging manifest with lower [androidx.lifecycle:lifecycle-process:2.8.3] AndroidManifest.xml:17:1-35:12
uses-sdk defined in both files...
Merging uses-sdk with lower [androidx.lifecycle:lifecycle-process:2.8.3] AndroidManifest.xml:21:5-44
application defined in both files...
Merging application with lower [androidx.lifecycle:lifecycle-process:2.8.3] AndroidManifest.xml:23:5-33:19
provider#androidx.startup.InitializationProvider defined in both files...
Merging provider#androidx.startup.InitializationProvider with lower [androidx.lifecycle:lifecycle-process:2.8.3] AndroidManifest.xml:24:9-32:20
Adopted [meta-data: null]
Merging library manifest C:\Users\talqu\.gradle\caches\8.13\transforms\f1e3ee98ac0c3b5286b2e6740ff3feb2\transformed\lifecycle-livedata-core-2.8.3\AndroidManifest.xml
Merging manifest with lower [androidx.lifecycle:lifecycle-livedata-core:2.8.3] AndroidManifest.xml:17:1-22:12
uses-sdk defined in both files...
Merging uses-sdk with lower [androidx.lifecycle:lifecycle-livedata-core:2.8.3] AndroidManifest.xml:20:5-44
Merging library manifest C:\Users\talqu\.gradle\caches\8.13\transforms\4ac0de85eb4f6d8a492377708ac0185f\transformed\lifecycle-livedata-2.8.3\AndroidManifest.xml
Merging manifest with lower [androidx.lifecycle:lifecycle-livedata:2.8.3] AndroidManifest.xml:17:1-22:12
uses-sdk defined in both files...
Merging uses-sdk with lower [androidx.lifecycle:lifecycle-livedata:2.8.3] AndroidManifest.xml:20:5-44
Merging library manifest C:\Users\talqu\.gradle\caches\8.13\transforms\52c0003d68a616835d922e1e9831d195\transformed\lifecycle-runtime-compose-release\AndroidManifest.xml
Merging manifest with lower [androidx.lifecycle:lifecycle-runtime-compose-android:2.8.3] AndroidManifest.xml:2:1-7:12
uses-sdk defined in both files...
Merging uses-sdk with lower [androidx.lifecycle:lifecycle-runtime-compose-android:2.8.3] AndroidManifest.xml:5:5-44
Merging library manifest C:\Users\talqu\.gradle\caches\8.13\transforms\709e3fbdc9d73871cf3d3d49d3f0a6a3\transformed\lifecycle-viewmodel-savedstate-2.8.3\AndroidManifest.xml
Merging manifest with lower [androidx.lifecycle:lifecycle-viewmodel-savedstate:2.8.3] AndroidManifest.xml:17:1-22:12
uses-sdk defined in both files...
Merging uses-sdk with lower [androidx.lifecycle:lifecycle-viewmodel-savedstate:2.8.3] AndroidManifest.xml:20:5-44
Merging library manifest C:\Users\talqu\.gradle\caches\8.13\transforms\a25811b27630e13705cbdcde2fbe7211\transformed\savedstate-1.2.1\AndroidManifest.xml
Merging manifest with lower [androidx.savedstate:savedstate:1.2.1] AndroidManifest.xml:17:1-22:12
uses-sdk defined in both files...
Merging uses-sdk with lower [androidx.savedstate:savedstate:1.2.1] AndroidManifest.xml:20:5-44
Merging library manifest C:\Users\talqu\.gradle\caches\8.13\transforms\3a93079dd50f9893e7460bf3a1ffc340\transformed\runtime-saveable-release\AndroidManifest.xml
Merging manifest with lower [androidx.compose.runtime:runtime-saveable-android:1.7.0] AndroidManifest.xml:2:1-7:12
uses-sdk defined in both files...
Merging uses-sdk with lower [androidx.compose.runtime:runtime-saveable-android:1.7.0] AndroidManifest.xml:5:5-44
Merging library manifest C:\Users\talqu\.gradle\caches\8.13\transforms\0e324cf5e13bd3493aa173c26381a878\transformed\runtime-release\AndroidManifest.xml
Merging manifest with lower [androidx.compose.runtime:runtime-android:1.7.0] AndroidManifest.xml:2:1-7:12
uses-sdk defined in both files...
Merging uses-sdk with lower [androidx.compose.runtime:runtime-android:1.7.0] AndroidManifest.xml:5:5-44
Merging library manifest C:\Users\talqu\.gradle\caches\8.13\transforms\8da8c90b56b98f899373ba107eb9479c\transformed\annotation-experimental-1.4.0\AndroidManifest.xml
Merging manifest with lower [androidx.annotation:annotation-experimental:1.4.0] AndroidManifest.xml:2:1-7:12
uses-sdk defined in both files...
Merging uses-sdk with lower [androidx.annotation:annotation-experimental:1.4.0] AndroidManifest.xml:5:5-44
Merging library manifest C:\Users\talqu\.gradle\caches\8.13\transforms\1c71a22e16c52bf2f9da8833105edd24\transformed\versionedparcelable-1.1.1\AndroidManifest.xml
Merging manifest with lower [androidx.versionedparcelable:versionedparcelable:1.1.1] AndroidManifest.xml:17:1-27:12
uses-sdk defined in both files...
Merging uses-sdk with lower [androidx.versionedparcelable:versionedparcelable:1.1.1] AndroidManifest.xml:20:5-22:41
application defined in both files...
Merging application with lower [androidx.versionedparcelable:versionedparcelable:1.1.1] AndroidManifest.xml:24:5-25:19
Merging library manifest C:\Users\talqu\.gradle\caches\8.13\transforms\eb11cc650b600eae4396a42e1ffc7b7a\transformed\cursoradapter-1.0.0\AndroidManifest.xml
Merging manifest with lower [androidx.cursoradapter:cursoradapter:1.0.0] AndroidManifest.xml:17:1-22:12
uses-sdk defined in both files...
Merging uses-sdk with lower [androidx.cursoradapter:cursoradapter:1.0.0] AndroidManifest.xml:20:5-44
Merging library manifest C:\Users\talqu\.gradle\caches\8.13\transforms\dcfcb517f12de82e0e6904648a614923\transformed\profileinstaller-1.3.1\AndroidManifest.xml
Merging manifest with lower [androidx.profileinstaller:profileinstaller:1.3.1] AndroidManifest.xml:17:1-55:12
uses-sdk defined in both files...
Merging uses-sdk with lower [androidx.profileinstaller:profileinstaller:1.3.1] AndroidManifest.xml:21:5-44
application defined in both files...
Merging application with lower [androidx.profileinstaller:profileinstaller:1.3.1] AndroidManifest.xml:23:5-53:19
provider#androidx.startup.InitializationProvider defined in both files...
Merging provider#androidx.startup.InitializationProvider with lower [androidx.profileinstaller:profileinstaller:1.3.1] AndroidManifest.xml:24:9-32:20
Adopted [meta-data: null]
Adopted [receiver: null]
Merging library manifest C:\Users\talqu\.gradle\caches\8.13\transforms\78cb51f6ac24e41e037767340f22e5b2\transformed\interpolator-1.0.0\AndroidManifest.xml
Merging manifest with lower [androidx.interpolator:interpolator:1.0.0] AndroidManifest.xml:17:1-22:12
uses-sdk defined in both files...
Merging uses-sdk with lower [androidx.interpolator:interpolator:1.0.0] AndroidManifest.xml:20:5-44
Merging library manifest C:\Users\talqu\.gradle\caches\8.13\transforms\cb3c37ca779f877d47b38a6a8a45c5fb\transformed\startup-runtime-1.1.1\AndroidManifest.xml
Merging manifest with lower [androidx.startup:startup-runtime:1.1.1] AndroidManifest.xml:17:1-33:12
uses-sdk defined in both files...
Merging uses-sdk with lower [androidx.startup:startup-runtime:1.1.1] AndroidManifest.xml:21:5-23:41
application defined in both files...
Merging application with lower [androidx.startup:startup-runtime:1.1.1] AndroidManifest.xml:25:5-31:19
provider#androidx.startup.InitializationProvider defined in both files...
Merging provider#androidx.startup.InitializationProvider with lower [androidx.startup:startup-runtime:1.1.1] AndroidManifest.xml:26:9-30:34
Merging library manifest C:\Users\talqu\.gradle\caches\8.13\transforms\73c406c61e7db811c2a1c131f4be9bc9\transformed\tracing-1.0.0\AndroidManifest.xml
Merging manifest with lower [androidx.tracing:tracing:1.0.0] AndroidManifest.xml:17:1-24:12
uses-sdk defined in both files...
Merging uses-sdk with lower [androidx.tracing:tracing:1.0.0] AndroidManifest.xml:20:5-22:41
Merging library manifest C:\Users\talqu\.gradle\caches\8.13\transforms\cbd8be0ffec867538a1e91032ea8c59d\transformed\core-runtime-2.2.0\AndroidManifest.xml
Merging manifest with lower [androidx.arch.core:core-runtime:2.2.0] AndroidManifest.xml:17:1-22:12
uses-sdk defined in both files...
Merging uses-sdk with lower [androidx.arch.core:core-runtime:2.2.0] AndroidManifest.xml:20:5-44
Merging result: SUCCESS
1<?xml version="1.0" encoding="utf-8"?>
2<manifest xmlns:android="http://schemas.android.com/apk/res/android"
3    package="com.talq2me.baerenlock"
4    android:versionCode="1"
5    android:versionName="1.0" >
6
7    <uses-sdk
8        android:minSdkVersion="28"
9        android:targetSdkVersion="35" />
10
11    <uses-permission android:name="android.permission.INTERNET" />
11-->C:\Sandbox\androidApp\Baeren\BaerenLock\app\src\main\AndroidManifest.xml:5:5-66
11-->C:\Sandbox\androidApp\Baeren\BaerenLock\app\src\main\AndroidManifest.xml:5:22-64
12    <uses-permission android:name="android.permission.KILL_BACKGROUND_PROCESSES" />
12-->C:\Sandbox\androidApp\Baeren\BaerenLock\app\src\main\AndroidManifest.xml:6:5-84
12-->C:\Sandbox\androidApp\Baeren\BaerenLock\app\src\main\AndroidManifest.xml:6:22-81
13    <uses-permission android:name="android.permission.SYSTEM_ALERT_WINDOW" />
13-->C:\Sandbox\androidApp\Baeren\BaerenLock\app\src\main\AndroidManifest.xml:7:5-77
13-->C:\Sandbox\androidApp\Baeren\BaerenLock\app\src\main\AndroidManifest.xml:7:22-75
14    <uses-permission android:name="android.permission.REQUEST_IGNORE_BATTERY_OPTIMIZATIONS" />
14-->C:\Sandbox\androidApp\Baeren\BaerenLock\app\src\main\AndroidManifest.xml:8:5-95
14-->C:\Sandbox\androidApp\Baeren\BaerenLock\app\src\main\AndroidManifest.xml:8:22-92
15    <uses-permission android:name="android.permission.QUERY_ALL_PACKAGES" />
15-->C:\Sandbox\androidApp\Baeren\BaerenLock\app\src\main\AndroidManifest.xml:9:5-10:53
15-->C:\Sandbox\androidApp\Baeren\BaerenLock\app\src\main\AndroidManifest.xml:9:22-74
16    <uses-permission android:name="android.permission.PACKAGE_USAGE_STATS" />
16-->C:\Sandbox\androidApp\Baeren\BaerenLock\app\src\main\AndroidManifest.xml:11:5-12:47
16-->C:\Sandbox\androidApp\Baeren\BaerenLock\app\src\main\AndroidManifest.xml:11:22-75
17    <uses-permission android:name="android.permission.BIND_DEVICE_ADMIN" />
17-->C:\Sandbox\androidApp\Baeren\BaerenLock\app\src\main\AndroidManifest.xml:13:5-76
17-->C:\Sandbox\androidApp\Baeren\BaerenLock\app\src\main\AndroidManifest.xml:13:22-73
18    <uses-permission android:name="android.permission.MANAGE_DEVICE_ADMINS" />
18-->C:\Sandbox\androidApp\Baeren\BaerenLock\app\src\main\AndroidManifest.xml:14:5-79
18-->C:\Sandbox\androidApp\Baeren\BaerenLock\app\src\main\AndroidManifest.xml:14:22-76
19    <uses-permission android:name="android.permission.WRITE_SECURE_SETTINGS" />
19-->C:\Sandbox\androidApp\Baeren\BaerenLock\app\src\main\AndroidManifest.xml:15:5-80
19-->C:\Sandbox\androidApp\Baeren\BaerenLock\app\src\main\AndroidManifest.xml:15:22-77
20    <uses-permission android:name="android.permission.READ_PHONE_STATE" />
20-->C:\Sandbox\androidApp\Baeren\BaerenLock\app\src\main\AndroidManifest.xml:16:5-75
20-->C:\Sandbox\androidApp\Baeren\BaerenLock\app\src\main\AndroidManifest.xml:16:22-72
21    <uses-permission android:name="android.permission.CAMERA" />
21-->C:\Sandbox\androidApp\Baeren\BaerenLock\app\src\main\AndroidManifest.xml:17:5-65
21-->C:\Sandbox\androidApp\Baeren\BaerenLock\app\src\main\AndroidManifest.xml:17:22-62
22    <uses-permission android:name="android.permission.RECORD_AUDIO" />
22-->C:\Sandbox\androidApp\Baeren\BaerenLock\app\src\main\AndroidManifest.xml:18:5-71
22-->C:\Sandbox\androidApp\Baeren\BaerenLock\app\src\main\AndroidManifest.xml:18:22-68
23    <uses-permission android:name="android.permission.ACCESS_FINE_LOCATION" />
23-->C:\Sandbox\androidApp\Baeren\BaerenLock\app\src\main\AndroidManifest.xml:19:5-79
23-->C:\Sandbox\androidApp\Baeren\BaerenLock\app\src\main\AndroidManifest.xml:19:22-76
24    <uses-permission android:name="android.permission.BLUETOOTH_ADMIN" />
24-->C:\Sandbox\androidApp\Baeren\BaerenLock\app\src\main\AndroidManifest.xml:20:5-74
24-->C:\Sandbox\androidApp\Baeren\BaerenLock\app\src\main\AndroidManifest.xml:20:22-71
25    <uses-permission android:name="android.permission.NFC" />
25-->C:\Sandbox\androidApp\Baeren\BaerenLock\app\src\main\AndroidManifest.xml:21:5-62
25-->C:\Sandbox\androidApp\Baeren\BaerenLock\app\src\main\AndroidManifest.xml:21:22-59
26    <uses-permission android:name="android.permission.USB_PERMISSION" />
26-->C:\Sandbox\androidApp\Baeren\BaerenLock\app\src\main\AndroidManifest.xml:22:5-73
26-->C:\Sandbox\androidApp\Baeren\BaerenLock\app\src\main\AndroidManifest.xml:22:22-70
27    <uses-permission android:name="android.permission.CHANGE_WIFI_STATE" />
27-->C:\Sandbox\androidApp\Baeren\BaerenLock\app\src\main\AndroidManifest.xml:23:5-76
27-->C:\Sandbox\androidApp\Baeren\BaerenLock\app\src\main\AndroidManifest.xml:23:22-73
28    <uses-permission android:name="android.permission.ACCESS_WIFI_STATE" />
28-->C:\Sandbox\androidApp\Baeren\BaerenLock\app\src\main\AndroidManifest.xml:24:5-76
28-->C:\Sandbox\androidApp\Baeren\BaerenLock\app\src\main\AndroidManifest.xml:24:22-73
29    <uses-permission android:name="android.permission.CHANGE_NETWORK_STATE" />
29-->C:\Sandbox\androidApp\Baeren\BaerenLock\app\src\main\AndroidManifest.xml:25:5-79
29-->C:\Sandbox\androidApp\Baeren\BaerenLock\app\src\main\AndroidManifest.xml:25:22-76
30    <uses-permission android:name="android.permission.MANAGE_USB" />
30-->C:\Sandbox\androidApp\Baeren\BaerenLock\app\src\main\AndroidManifest.xml:26:5-69
30-->C:\Sandbox\androidApp\Baeren\BaerenLock\app\src\main\AndroidManifest.xml:26:22-66
31
32    <queries>
32-->C:\Sandbox\androidApp\Baeren\BaerenLock\app\src\main\AndroidManifest.xml:28:5-32:15
33        <package android:name="com.netflix.mediaclient" />
33-->C:\Sandbox\androidApp\Baeren\BaerenLock\app\src\main\AndroidManifest.xml:29:9-59
33-->C:\Sandbox\androidApp\Baeren\BaerenLock\app\src\main\AndroidManifest.xml:29:18-56
34        <package android:name="com.google.android.youtube" />
34-->C:\Sandbox\androidApp\Baeren\BaerenLock\app\src\main\AndroidManifest.xml:30:9-62
34-->C:\Sandbox\androidApp\Baeren\BaerenLock\app\src\main\AndroidManifest.xml:30:18-59
35        <!-- Add others you want to check or launch -->
36    </queries>
37
38    <permission
38-->[androidx.core:core:1.13.1] C:\Users\talqu\.gradle\caches\8.13\transforms\af4ea84f64a8197dda02ef6b7a08a250\transformed\core-1.13.1\AndroidManifest.xml:22:5-24:47
39        android:name="com.talq2me.baerenlock.DYNAMIC_RECEIVER_NOT_EXPORTED_PERMISSION"
39-->[androidx.core:core:1.13.1] C:\Users\talqu\.gradle\caches\8.13\transforms\af4ea84f64a8197dda02ef6b7a08a250\transformed\core-1.13.1\AndroidManifest.xml:23:9-81
40        android:protectionLevel="signature" />
40-->[androidx.core:core:1.13.1] C:\Users\talqu\.gradle\caches\8.13\transforms\af4ea84f64a8197dda02ef6b7a08a250\transformed\core-1.13.1\AndroidManifest.xml:24:9-44
41
42    <uses-permission android:name="com.talq2me.baerenlock.DYNAMIC_RECEIVER_NOT_EXPORTED_PERMISSION" />
42-->[androidx.core:core:1.13.1] C:\Users\talqu\.gradle\caches\8.13\transforms\af4ea84f64a8197dda02ef6b7a08a250\transformed\core-1.13.1\AndroidManifest.xml:26:5-97
42-->[androidx.core:core:1.13.1] C:\Users\talqu\.gradle\caches\8.13\transforms\af4ea84f64a8197dda02ef6b7a08a250\transformed\core-1.13.1\AndroidManifest.xml:26:22-94
43
44    <application
44-->C:\Sandbox\androidApp\Baeren\BaerenLock\app\src\main\AndroidManifest.xml:33:5-120:19
45        android:allowBackup="true"
45-->C:\Sandbox\androidApp\Baeren\BaerenLock\app\src\main\AndroidManifest.xml:34:9-35
46        android:appComponentFactory="androidx.core.app.CoreComponentFactory"
46-->[androidx.core:core:1.13.1] C:\Users\talqu\.gradle\caches\8.13\transforms\af4ea84f64a8197dda02ef6b7a08a250\transformed\core-1.13.1\AndroidManifest.xml:28:18-86
47        android:dataExtractionRules="@xml/data_extraction_rules"
47-->C:\Sandbox\androidApp\Baeren\BaerenLock\app\src\main\AndroidManifest.xml:35:9-65
48        android:extractNativeLibs="false"
49        android:fullBackupContent="@xml/backup_rules"
49-->C:\Sandbox\androidApp\Baeren\BaerenLock\app\src\main\AndroidManifest.xml:36:9-54
50        android:hardwareAccelerated="true"
50-->C:\Sandbox\androidApp\Baeren\BaerenLock\app\src\main\AndroidManifest.xml:42:9-43
51        android:icon="@mipmap/ic_launcher"
51-->C:\Sandbox\androidApp\Baeren\BaerenLock\app\src\main\AndroidManifest.xml:37:9-43
52        android:label="BaerenLock"
52-->C:\Sandbox\androidApp\Baeren\BaerenLock\app\src\main\AndroidManifest.xml:38:9-35
53        android:roundIcon="@mipmap/ic_launcher_round"
53-->C:\Sandbox\androidApp\Baeren\BaerenLock\app\src\main\AndroidManifest.xml:39:9-54
54        android:supportsRtl="true"
54-->C:\Sandbox\androidApp\Baeren\BaerenLock\app\src\main\AndroidManifest.xml:40:9-35
55        android:theme="@style/Theme.AppCompat.Light.NoActionBar" >
55-->C:\Sandbox\androidApp\Baeren\BaerenLock\app\src\main\AndroidManifest.xml:41:9-65
56        <activity
56-->C:\Sandbox\androidApp\Baeren\BaerenLock\app\src\main\AndroidManifest.xml:44:9-63:20
57            android:name="com.talq2me.baerenlock.LauncherActivity"
57-->C:\Sandbox\androidApp\Baeren\BaerenLock\app\src\main\AndroidManifest.xml:45:13-45
58            android:exported="true"
58-->C:\Sandbox\androidApp\Baeren\BaerenLock\app\src\main\AndroidManifest.xml:46:13-36
59            android:theme="@style/Theme.AppCompat.Light.NoActionBar" >
59-->C:\Sandbox\androidApp\Baeren\BaerenLock\app\src\main\AndroidManifest.xml:47:13-69
60
61            <!-- This is what makes it the default launcher -->
62            <intent-filter>
62-->C:\Sandbox\androidApp\Baeren\BaerenLock\app\src\main\AndroidManifest.xml:50:13-54:29
63                <action android:name="android.intent.action.MAIN" />
63-->C:\Sandbox\androidApp\Baeren\BaerenLock\app\src\main\AndroidManifest.xml:51:17-69
63-->C:\Sandbox\androidApp\Baeren\BaerenLock\app\src\main\AndroidManifest.xml:51:25-66
64
65                <category android:name="android.intent.category.HOME" />
65-->C:\Sandbox\androidApp\Baeren\BaerenLock\app\src\main\AndroidManifest.xml:52:17-73
65-->C:\Sandbox\androidApp\Baeren\BaerenLock\app\src\main\AndroidManifest.xml:52:27-70
66                <category android:name="android.intent.category.DEFAULT" />
66-->C:\Sandbox\androidApp\Baeren\BaerenLock\app\src\main\AndroidManifest.xml:53:17-76
66-->C:\Sandbox\androidApp\Baeren\BaerenLock\app\src\main\AndroidManifest.xml:53:27-73
67            </intent-filter>
68
69            <!-- This is what Android Studio needs to install/debug -->
70            <intent-filter>
70-->C:\Sandbox\androidApp\Baeren\BaerenLock\app\src\main\AndroidManifest.xml:58:13-61:29
71                <action android:name="android.intent.action.MAIN" />
71-->C:\Sandbox\androidApp\Baeren\BaerenLock\app\src\main\AndroidManifest.xml:51:17-69
71-->C:\Sandbox\androidApp\Baeren\BaerenLock\app\src\main\AndroidManifest.xml:51:25-66
72
73                <category android:name="android.intent.category.LAUNCHER" />
73-->C:\Sandbox\androidApp\Baeren\BaerenLock\app\src\main\AndroidManifest.xml:60:17-77
73-->C:\Sandbox\androidApp\Baeren\BaerenLock\app\src\main\AndroidManifest.xml:60:27-74
74            </intent-filter>
75        </activity>
76        <activity
76-->C:\Sandbox\androidApp\Baeren\BaerenLock\app\src\main\AndroidManifest.xml:64:9-73:20
77            android:name="com.talq2me.baerenlock.MainActivity"
77-->C:\Sandbox\androidApp\Baeren\BaerenLock\app\src\main\AndroidManifest.xml:65:13-41
78            android:configChanges="orientation|screenSize"
78-->C:\Sandbox\androidApp\Baeren\BaerenLock\app\src\main\AndroidManifest.xml:66:13-59
79            android:excludeFromRecents="true"
79-->C:\Sandbox\androidApp\Baeren\BaerenLock\app\src\main\AndroidManifest.xml:72:13-46
80            android:exported="true"
80-->C:\Sandbox\androidApp\Baeren\BaerenLock\app\src\main\AndroidManifest.xml:68:13-36
81            android:hardwareAccelerated="true"
81-->C:\Sandbox\androidApp\Baeren\BaerenLock\app\src\main\AndroidManifest.xml:71:13-47
82            android:launchMode="singleTask"
82-->C:\Sandbox\androidApp\Baeren\BaerenLock\app\src\main\AndroidManifest.xml:67:13-44
83            android:taskAffinity=""
83-->C:\Sandbox\androidApp\Baeren\BaerenLock\app\src\main\AndroidManifest.xml:70:13-36
84            android:theme="@style/Theme.AppCompat.Light.NoActionBar" >
84-->C:\Sandbox\androidApp\Baeren\BaerenLock\app\src\main\AndroidManifest.xml:69:13-69
85        </activity>
86        <activity
86-->C:\Sandbox\androidApp\Baeren\BaerenLock\app\src\main\AndroidManifest.xml:74:9-77:72
87            android:name="com.talq2me.baerenlock.WhitelistSettingsActivity"
87-->C:\Sandbox\androidApp\Baeren\BaerenLock\app\src\main\AndroidManifest.xml:75:13-54
88            android:exported="true"
88-->C:\Sandbox\androidApp\Baeren\BaerenLock\app\src\main\AndroidManifest.xml:76:13-36
89            android:theme="@style/Theme.AppCompat.Light.NoActionBar" />
89-->C:\Sandbox\androidApp\Baeren\BaerenLock\app\src\main\AndroidManifest.xml:77:13-69
90        <activity
90-->C:\Sandbox\androidApp\Baeren\BaerenLock\app\src\main\AndroidManifest.xml:78:9-81:72
91            android:name="com.talq2me.baerenlock.SettingsActivity"
91-->C:\Sandbox\androidApp\Baeren\BaerenLock\app\src\main\AndroidManifest.xml:79:13-45
92            android:exported="true"
92-->C:\Sandbox\androidApp\Baeren\BaerenLock\app\src\main\AndroidManifest.xml:80:13-36
93            android:theme="@style/Theme.AppCompat.Light.NoActionBar" />
93-->C:\Sandbox\androidApp\Baeren\BaerenLock\app\src\main\AndroidManifest.xml:81:13-69
94        <activity
94-->C:\Sandbox\androidApp\Baeren\BaerenLock\app\src\main\AndroidManifest.xml:82:9-85:72
95            android:name="com.talq2me.baerenlock.RewardAppsSettingsActivity"
95-->C:\Sandbox\androidApp\Baeren\BaerenLock\app\src\main\AndroidManifest.xml:83:13-55
96            android:exported="true"
96-->C:\Sandbox\androidApp\Baeren\BaerenLock\app\src\main\AndroidManifest.xml:84:13-36
97            android:theme="@style/Theme.AppCompat.Light.NoActionBar" />
97-->C:\Sandbox\androidApp\Baeren\BaerenLock\app\src\main\AndroidManifest.xml:85:13-69
98        <activity
98-->C:\Sandbox\androidApp\Baeren\BaerenLock\app\src\main\AndroidManifest.xml:86:9-89:72
99            android:name="com.talq2me.baerenlock.ChangePinActivity"
99-->C:\Sandbox\androidApp\Baeren\BaerenLock\app\src\main\AndroidManifest.xml:87:13-46
100            android:exported="true"
100-->C:\Sandbox\androidApp\Baeren\BaerenLock\app\src\main\AndroidManifest.xml:88:13-36
101            android:theme="@style/Theme.AppCompat.Light.NoActionBar" />
101-->C:\Sandbox\androidApp\Baeren\BaerenLock\app\src\main\AndroidManifest.xml:89:13-69
102
103        <service
103-->C:\Sandbox\androidApp\Baeren\BaerenLock\app\src\main\AndroidManifest.xml:91:9-102:19
104            android:name="com.talq2me.baerenlock.AppBlockerService"
104-->C:\Sandbox\androidApp\Baeren\BaerenLock\app\src\main\AndroidManifest.xml:92:13-46
105            android:exported="true"
105-->C:\Sandbox\androidApp\Baeren\BaerenLock\app\src\main\AndroidManifest.xml:94:13-36
106            android:permission="android.permission.BIND_ACCESSIBILITY_SERVICE" >
106-->C:\Sandbox\androidApp\Baeren\BaerenLock\app\src\main\AndroidManifest.xml:93:13-79
107            <intent-filter>
107-->C:\Sandbox\androidApp\Baeren\BaerenLock\app\src\main\AndroidManifest.xml:95:13-97:29
108                <action android:name="android.accessibilityservice.AccessibilityService" />
108-->C:\Sandbox\androidApp\Baeren\BaerenLock\app\src\main\AndroidManifest.xml:96:17-92
108-->C:\Sandbox\androidApp\Baeren\BaerenLock\app\src\main\AndroidManifest.xml:96:25-89
109            </intent-filter>
110
111            <meta-data
111-->C:\Sandbox\androidApp\Baeren\BaerenLock\app\src\main\AndroidManifest.xml:99:13-101:72
112                android:name="android.accessibilityservice"
112-->C:\Sandbox\androidApp\Baeren\BaerenLock\app\src\main\AndroidManifest.xml:100:17-60
113                android:resource="@xml/accessibility_service_config" />
113-->C:\Sandbox\androidApp\Baeren\BaerenLock\app\src\main\AndroidManifest.xml:101:17-69
114        </service>
115
116        <!-- Device Owner / Device Admin Receiver -->
117        <receiver
117-->C:\Sandbox\androidApp\Baeren\BaerenLock\app\src\main\AndroidManifest.xml:105:9-119:20
118            android:name="com.talq2me.baerenlock.DeviceAdminReceiver"
118-->C:\Sandbox\androidApp\Baeren\BaerenLock\app\src\main\AndroidManifest.xml:106:13-48
119            android:description="@string/device_admin_description"
119-->C:\Sandbox\androidApp\Baeren\BaerenLock\app\src\main\AndroidManifest.xml:108:13-67
120            android:exported="true"
120-->C:\Sandbox\androidApp\Baeren\BaerenLock\app\src\main\AndroidManifest.xml:110:13-36
121            android:label="BaerenEd Device Admin"
121-->C:\Sandbox\androidApp\Baeren\BaerenLock\app\src\main\AndroidManifest.xml:107:13-50
122            android:permission="android.permission.BIND_DEVICE_ADMIN" >
122-->C:\Sandbox\androidApp\Baeren\BaerenLock\app\src\main\AndroidManifest.xml:109:13-70
123            <meta-data
123-->C:\Sandbox\androidApp\Baeren\BaerenLock\app\src\main\AndroidManifest.xml:111:13-113:65
124                android:name="android.app.device_admin"
124-->C:\Sandbox\androidApp\Baeren\BaerenLock\app\src\main\AndroidManifest.xml:112:17-56
125                android:resource="@xml/device_admin_policies" />
125-->C:\Sandbox\androidApp\Baeren\BaerenLock\app\src\main\AndroidManifest.xml:113:17-62
126
127            <intent-filter>
127-->C:\Sandbox\androidApp\Baeren\BaerenLock\app\src\main\AndroidManifest.xml:114:13-118:29
128                <action android:name="android.app.action.DEVICE_ADMIN_ENABLED" />
128-->C:\Sandbox\androidApp\Baeren\BaerenLock\app\src\main\AndroidManifest.xml:115:17-82
128-->C:\Sandbox\androidApp\Baeren\BaerenLock\app\src\main\AndroidManifest.xml:115:25-79
129                <action android:name="android.app.action.DEVICE_ADMIN_DISABLED" />
129-->C:\Sandbox\androidApp\Baeren\BaerenLock\app\src\main\AndroidManifest.xml:116:17-83
129-->C:\Sandbox\androidApp\Baeren\BaerenLock\app\src\main\AndroidManifest.xml:116:25-80
130                <action android:name="android.app.action.DEVICE_ADMIN_DISABLE_REQUESTED" />
130-->C:\Sandbox\androidApp\Baeren\BaerenLock\app\src\main\AndroidManifest.xml:117:17-92
130-->C:\Sandbox\androidApp\Baeren\BaerenLock\app\src\main\AndroidManifest.xml:117:25-89
131            </intent-filter>
132        </receiver>
133
134        <provider
134-->[androidx.emoji2:emoji2:1.3.0] C:\Users\talqu\.gradle\caches\8.13\transforms\4642f5049670721953d5c38e009d8743\transformed\emoji2-1.3.0\AndroidManifest.xml:24:9-32:20
135            android:name="androidx.startup.InitializationProvider"
135-->[androidx.emoji2:emoji2:1.3.0] C:\Users\talqu\.gradle\caches\8.13\transforms\4642f5049670721953d5c38e009d8743\transformed\emoji2-1.3.0\AndroidManifest.xml:25:13-67
136            android:authorities="com.talq2me.baerenlock.androidx-startup"
136-->[androidx.emoji2:emoji2:1.3.0] C:\Users\talqu\.gradle\caches\8.13\transforms\4642f5049670721953d5c38e009d8743\transformed\emoji2-1.3.0\AndroidManifest.xml:26:13-68
137            android:exported="false" >
137-->[androidx.emoji2:emoji2:1.3.0] C:\Users\talqu\.gradle\caches\8.13\transforms\4642f5049670721953d5c38e009d8743\transformed\emoji2-1.3.0\AndroidManifest.xml:27:13-37
138            <meta-data
138-->[androidx.emoji2:emoji2:1.3.0] C:\Users\talqu\.gradle\caches\8.13\transforms\4642f5049670721953d5c38e009d8743\transformed\emoji2-1.3.0\AndroidManifest.xml:29:13-31:52
139                android:name="androidx.emoji2.text.EmojiCompatInitializer"
139-->[androidx.emoji2:emoji2:1.3.0] C:\Users\talqu\.gradle\caches\8.13\transforms\4642f5049670721953d5c38e009d8743\transformed\emoji2-1.3.0\AndroidManifest.xml:30:17-75
140                android:value="androidx.startup" />
140-->[androidx.emoji2:emoji2:1.3.0] C:\Users\talqu\.gradle\caches\8.13\transforms\4642f5049670721953d5c38e009d8743\transformed\emoji2-1.3.0\AndroidManifest.xml:31:17-49
141            <meta-data
141-->[androidx.lifecycle:lifecycle-process:2.8.3] C:\Users\talqu\.gradle\caches\8.13\transforms\972a80b0e0120917c897bee0babf5118\transformed\lifecycle-process-2.8.3\AndroidManifest.xml:29:13-31:52
142                android:name="androidx.lifecycle.ProcessLifecycleInitializer"
142-->[androidx.lifecycle:lifecycle-process:2.8.3] C:\Users\talqu\.gradle\caches\8.13\transforms\972a80b0e0120917c897bee0babf5118\transformed\lifecycle-process-2.8.3\AndroidManifest.xml:30:17-78
143                android:value="androidx.startup" />
143-->[androidx.lifecycle:lifecycle-process:2.8.3] C:\Users\talqu\.gradle\caches\8.13\transforms\972a80b0e0120917c897bee0babf5118\transformed\lifecycle-process-2.8.3\AndroidManifest.xml:31:17-49
144            <meta-data
144-->[androidx.profileinstaller:profileinstaller:1.3.1] C:\Users\talqu\.gradle\caches\8.13\transforms\dcfcb517f12de82e0e6904648a614923\transformed\profileinstaller-1.3.1\AndroidManifest.xml:29:13-31:52
145                android:name="androidx.profileinstaller.ProfileInstallerInitializer"
145-->[androidx.profileinstaller:profileinstaller:1.3.1] C:\Users\talqu\.gradle\caches\8.13\transforms\dcfcb517f12de82e0e6904648a614923\transformed\profileinstaller-1.3.1\AndroidManifest.xml:30:17-85
146                android:value="androidx.startup" />
146-->[androidx.profileinstaller:profileinstaller:1.3.1] C:\Users\talqu\.gradle\caches\8.13\transforms\dcfcb517f12de82e0e6904648a614923\transformed\profileinstaller-1.3.1\AndroidManifest.xml:31:17-49
147        </provider>
148
149        <receiver
149-->[androidx.profileinstaller:profileinstaller:1.3.1] C:\Users\talqu\.gradle\caches\8.13\transforms\dcfcb517f12de82e0e6904648a614923\transformed\profileinstaller-1.3.1\AndroidManifest.xml:34:9-52:20
150            android:name="androidx.profileinstaller.ProfileInstallReceiver"
150-->[androidx.profileinstaller:profileinstaller:1.3.1] C:\Users\talqu\.gradle\caches\8.13\transforms\dcfcb517f12de82e0e6904648a614923\transformed\profileinstaller-1.3.1\AndroidManifest.xml:35:13-76
151            android:directBootAware="false"
151-->[androidx.profileinstaller:profileinstaller:1.3.1] C:\Users\talqu\.gradle\caches\8.13\transforms\dcfcb517f12de82e0e6904648a614923\transformed\profileinstaller-1.3.1\AndroidManifest.xml:36:13-44
152            android:enabled="true"
152-->[androidx.profileinstaller:profileinstaller:1.3.1] C:\Users\talqu\.gradle\caches\8.13\transforms\dcfcb517f12de82e0e6904648a614923\transformed\profileinstaller-1.3.1\AndroidManifest.xml:37:13-35
153            android:exported="true"
153-->[androidx.profileinstaller:profileinstaller:1.3.1] C:\Users\talqu\.gradle\caches\8.13\transforms\dcfcb517f12de82e0e6904648a614923\transformed\profileinstaller-1.3.1\AndroidManifest.xml:38:13-36
154            android:permission="android.permission.DUMP" >
154-->[androidx.profileinstaller:profileinstaller:1.3.1] C:\Users\talqu\.gradle\caches\8.13\transforms\dcfcb517f12de82e0e6904648a614923\transformed\profileinstaller-1.3.1\AndroidManifest.xml:39:13-57
155            <intent-filter>
155-->[androidx.profileinstaller:profileinstaller:1.3.1] C:\Users\talqu\.gradle\caches\8.13\transforms\dcfcb517f12de82e0e6904648a614923\transformed\profileinstaller-1.3.1\AndroidManifest.xml:40:13-42:29
156                <action android:name="androidx.profileinstaller.action.INSTALL_PROFILE" />
156-->[androidx.profileinstaller:profileinstaller:1.3.1] C:\Users\talqu\.gradle\caches\8.13\transforms\dcfcb517f12de82e0e6904648a614923\transformed\profileinstaller-1.3.1\AndroidManifest.xml:41:17-91
156-->[androidx.profileinstaller:profileinstaller:1.3.1] C:\Users\talqu\.gradle\caches\8.13\transforms\dcfcb517f12de82e0e6904648a614923\transformed\profileinstaller-1.3.1\AndroidManifest.xml:41:25-88
157            </intent-filter>
158            <intent-filter>
158-->[androidx.profileinstaller:profileinstaller:1.3.1] C:\Users\talqu\.gradle\caches\8.13\transforms\dcfcb517f12de82e0e6904648a614923\transformed\profileinstaller-1.3.1\AndroidManifest.xml:43:13-45:29
159                <action android:name="androidx.profileinstaller.action.SKIP_FILE" />
159-->[androidx.profileinstaller:profileinstaller:1.3.1] C:\Users\talqu\.gradle\caches\8.13\transforms\dcfcb517f12de82e0e6904648a614923\transformed\profileinstaller-1.3.1\AndroidManifest.xml:44:17-85
159-->[androidx.profileinstaller:profileinstaller:1.3.1] C:\Users\talqu\.gradle\caches\8.13\transforms\dcfcb517f12de82e0e6904648a614923\transformed\profileinstaller-1.3.1\AndroidManifest.xml:44:25-82
160            </intent-filter>
161            <intent-filter>
161-->[androidx.profileinstaller:profileinstaller:1.3.1] C:\Users\talqu\.gradle\caches\8.13\transforms\dcfcb517f12de82e0e6904648a614923\transformed\profileinstaller-1.3.1\AndroidManifest.xml:46:13-48:29
162                <action android:name="androidx.profileinstaller.action.SAVE_PROFILE" />
162-->[androidx.profileinstaller:profileinstaller:1.3.1] C:\Users\talqu\.gradle\caches\8.13\transforms\dcfcb517f12de82e0e6904648a614923\transformed\profileinstaller-1.3.1\AndroidManifest.xml:47:17-88
162-->[androidx.profileinstaller:profileinstaller:1.3.1] C:\Users\talqu\.gradle\caches\8.13\transforms\dcfcb517f12de82e0e6904648a614923\transformed\profileinstaller-1.3.1\AndroidManifest.xml:47:25-85
163            </intent-filter>
164            <intent-filter>
164-->[androidx.profileinstaller:profileinstaller:1.3.1] C:\Users\talqu\.gradle\caches\8.13\transforms\dcfcb517f12de82e0e6904648a614923\transformed\profileinstaller-1.3.1\AndroidManifest.xml:49:13-51:29
165                <action android:name="androidx.profileinstaller.action.BENCHMARK_OPERATION" />
165-->[androidx.profileinstaller:profileinstaller:1.3.1] C:\Users\talqu\.gradle\caches\8.13\transforms\dcfcb517f12de82e0e6904648a614923\transformed\profileinstaller-1.3.1\AndroidManifest.xml:50:17-95
165-->[androidx.profileinstaller:profileinstaller:1.3.1] C:\Users\talqu\.gradle\caches\8.13\transforms\dcfcb517f12de82e0e6904648a614923\transformed\profileinstaller-1.3.1\AndroidManifest.xml:50:25-92
166            </intent-filter>
167        </receiver>
168    </application>
169
170</manifest>

Merged manifest saved to C:\Sandbox\androidApp\Baeren\BaerenLock\app\build\intermediates\merged_manifest\release\processReleaseMainManifest\AndroidManifest.xml
Resolve mutations for :app:processReleaseManifest (Thread[#2683,Execution worker Thread 9,5,main]) started.
:app:processReleaseManifest (Thread[#2683,Execution worker Thread 9,5,main]) started.

> Task :app:processReleaseManifest
Caching disabled for task ':app:processReleaseManifest' because:
  Build cache is disabled
Task ':app:processReleaseManifest' is not up-to-date because:
  Output property 'multiApkManifestOutputDirectory' file C:\Sandbox\androidApp\Baeren\BaerenLock\app\build\intermediates\merged_manifests\release\processReleaseManifest has been removed.
  Output property 'multiApkManifestOutputDirectory' file C:\Sandbox\androidApp\Baeren\BaerenLock\app\build\intermediates\merged_manifests\release\processReleaseManifest\AndroidManifest.xml has been removed.
  Output property 'multiApkManifestOutputDirectory' file C:\Sandbox\androidApp\Baeren\BaerenLock\app\build\intermediates\merged_manifests\release\processReleaseManifest\output-metadata.json has been removed.
Resolve mutations for :app:processReleaseManifestForPackage (Thread[#2683,Execution worker Thread 9,5,main]) started.
:app:processReleaseManifestForPackage (Thread[#2683,Execution worker Thread 9,5,main]) started.
Resolve mutations for :app:javaPreCompileRelease (Thread[#2691,Execution worker Thread 17,5,main]) started.
:app:javaPreCompileRelease (Thread[#2691,Execution worker Thread 17,5,main]) started.
Resolve mutations for :app:desugarReleaseFileDependencies (Thread[#2688,Execution worker Thread 14,5,main]) started.
:app:desugarReleaseFileDependencies (Thread[#2688,Execution worker Thread 14,5,main]) started.

> Task :app:javaPreCompileRelease
Caching disabled for task ':app:javaPreCompileRelease' because:
  Build cache is disabled
Task ':app:javaPreCompileRelease' is not up-to-date because:
  Output property 'annotationProcessorListFile' file C:\Sandbox\androidApp\Baeren\BaerenLock\app\build\intermediates\annotation_processor_list\release\javaPreCompileRelease\annotationProcessors.json has been removed.

> Task :app:desugarReleaseFileDependencies
Caching disabled for task ':app:desugarReleaseFileDependencies' because:
  Build cache is disabled
Task ':app:desugarReleaseFileDependencies' is not up-to-date because:
  Output property 'outputDirectory' file C:\Sandbox\androidApp\Baeren\BaerenLock\app\build\intermediates\external_file_lib_dex_archives\release\desugarReleaseFileDependencies has been removed.
  Output property 'outputGlobalSynthetics' file C:\Sandbox\androidApp\Baeren\BaerenLock\app\build\intermediates\global_synthetics_file_lib\release\desugarReleaseFileDependencies has been removed.
Resolve mutations for :app:mergeReleaseStartupProfile (Thread[#2688,Execution worker Thread 14,5,main]) started.
:app:mergeReleaseStartupProfile (Thread[#2688,Execution worker Thread 14,5,main]) started.

> Task :app:mergeReleaseStartupProfile UP-TO-DATE
Caching disabled for task ':app:mergeReleaseStartupProfile' because:
  Build cache is disabled
  Simple merging task
Skipping task ':app:mergeReleaseStartupProfile' as it is up-to-date.
Resolve mutations for :app:mergeExtDexRelease (Thread[#2688,Execution worker Thread 14,5,main]) started.
:app:mergeExtDexRelease (Thread[#2688,Execution worker Thread 14,5,main]) started.
Resolve mutations for :app:mergeReleaseArtProfile (Thread[#2679,Execution worker Thread 5,5,main]) started.
:app:mergeReleaseArtProfile (Thread[#2679,Execution worker Thread 5,5,main]) started.

> Task :app:processReleaseManifestForPackage
Custom actions are attached to task ':app:processReleaseManifestForPackage'.
Caching disabled for task ':app:processReleaseManifestForPackage' because:
  Build cache is disabled
Task ':app:processReleaseManifestForPackage' is not up-to-date because:
  Output property 'packageManifests' file C:\Sandbox\androidApp\Baeren\BaerenLock\app\build\intermediates\packaged_manifests\release\processReleaseManifestForPackage has been removed.
  Output property 'packageManifests' file C:\Sandbox\androidApp\Baeren\BaerenLock\app\build\intermediates\packaged_manifests\release\processReleaseManifestForPackage\AndroidManifest.xml has been removed.
  Output property 'packageManifests' file C:\Sandbox\androidApp\Baeren\BaerenLock\app\build\intermediates\packaged_manifests\release\processReleaseManifestForPackage\output-metadata.json has been removed.
Resolve mutations for :app:processReleaseResources (Thread[#2691,Execution worker Thread 17,5,main]) started.
:app:processReleaseResources (Thread[#2691,Execution worker Thread 17,5,main]) started.

> Task :app:mergeReleaseArtProfile
Caching disabled for task ':app:mergeReleaseArtProfile' because:
  Build cache is disabled
  Simple merging task
Task ':app:mergeReleaseArtProfile' is not up-to-date because:
  Output property 'outputFile' file C:\Sandbox\androidApp\Baeren\BaerenLock\app\build\intermediates\merged_art_profile\release\mergeReleaseArtProfile\baseline-prof.txt has been removed.
file or directory 'C:\Sandbox\androidApp\Baeren\BaerenLock\app\src\main\baselineProfiles', not found
file or directory 'C:\Sandbox\androidApp\Baeren\BaerenLock\app\src\release\baselineProfiles', not found
Resolve mutations for :app:mergeReleaseShaders (Thread[#2679,Execution worker Thread 5,5,main]) started.
:app:mergeReleaseShaders (Thread[#2679,Execution worker Thread 5,5,main]) started.

> Task :app:mergeReleaseShaders
Caching disabled for task ':app:mergeReleaseShaders' because:
  Build cache is disabled
  Simple merging task
Task ':app:mergeReleaseShaders' is not up-to-date because:
  Output property 'outputDir' file C:\Sandbox\androidApp\Baeren\BaerenLock\app\build\intermediates\merged_shaders\release\mergeReleaseShaders\out has been removed.
The input changes require a full rebuild for incremental task ':app:mergeReleaseShaders'.
Resolve mutations for :app:compileReleaseShaders (Thread[#2679,Execution worker Thread 5,5,main]) started.
:app:compileReleaseShaders (Thread[#2679,Execution worker Thread 5,5,main]) started.

> Task :app:compileReleaseShaders NO-SOURCE
Skipping task ':app:compileReleaseShaders' as it has no source files and no previous output files.
Resolve mutations for :app:generateReleaseAssets (Thread[#2684,Execution worker Thread 10,5,main]) started.
:app:generateReleaseAssets (Thread[#2684,Execution worker Thread 10,5,main]) started.

> Task :app:generateReleaseAssets UP-TO-DATE
Skipping task ':app:generateReleaseAssets' as it has no actions.
Resolve mutations for :app:mergeReleaseAssets (Thread[#2684,Execution worker Thread 10,5,main]) started.
:app:mergeReleaseAssets (Thread[#2682,Execution worker Thread 8,5,main]) started.

> Task :app:mergeReleaseAssets
Caching disabled for task ':app:mergeReleaseAssets' because:
  Build cache is disabled
  Simple merging task
Task ':app:mergeReleaseAssets' is not up-to-date because:
  Output property 'outputDir' file C:\Sandbox\androidApp\Baeren\BaerenLock\app\build\intermediates\assets\release\mergeReleaseAssets has been removed.
The input changes require a full rebuild for incremental task ':app:mergeReleaseAssets'.
Resolve mutations for :app:compressReleaseAssets (Thread[#2682,Execution worker Thread 8,5,main]) started.
:app:compressReleaseAssets (Thread[#2682,Execution worker Thread 8,5,main]) started.

> Task :app:compressReleaseAssets
Caching disabled for task ':app:compressReleaseAssets' because:
  Build cache is disabled
Task ':app:compressReleaseAssets' is not up-to-date because:
  Output property 'outputDir' file C:\Sandbox\androidApp\Baeren\BaerenLock\app\build\intermediates\compressed_assets\release\compressReleaseAssets\out has been removed.
The input changes require a full rebuild for incremental task ':app:compressReleaseAssets'.
Resolve mutations for :app:extractReleaseVersionControlInfo (Thread[#2687,Execution worker Thread 13,5,main]) started.
:app:extractReleaseVersionControlInfo (Thread[#2687,Execution worker Thread 13,5,main]) started.

> Task :app:extractReleaseVersionControlInfo
Caching disabled for task ':app:extractReleaseVersionControlInfo' because:
  Build cache is disabled
  Caching has been disabled for the task
Task ':app:extractReleaseVersionControlInfo' is not up-to-date because:
  Output property 'vcInfoFile' file C:\Sandbox\androidApp\Baeren\BaerenLock\app\build\intermediates\version_control_info_file\release\extractReleaseVersionControlInfo\version-control-info.textproto has been removed.
Resolve mutations for :app:extractProguardFiles (Thread[#2687,Execution worker Thread 13,5,main]) started.
:app:extractProguardFiles (Thread[#2687,Execution worker Thread 13,5,main]) started.

> Task :app:extractProguardFiles
Caching disabled for task ':app:extractProguardFiles' because:
  Build cache is disabled
  Fast task
Task ':app:extractProguardFiles' is not up-to-date because:
  Output property 'proguardFilesDir' file C:\Sandbox\androidApp\Baeren\BaerenLock\app\build\intermediates\default_proguard_files\global has been removed.
  Output property 'proguardFilesDir' file C:\Sandbox\androidApp\Baeren\BaerenLock\app\build\intermediates\default_proguard_files\global\proguard-android-optimize.txt-8.11.1 has been removed.
  Output property 'proguardFilesDir' file C:\Sandbox\androidApp\Baeren\BaerenLock\app\build\intermediates\default_proguard_files\global\proguard-android.txt-8.11.1 has been removed.
  and more...
Resolve mutations for :app:collectReleaseDependencies (Thread[#2687,Execution worker Thread 13,5,main]) started.
:app:collectReleaseDependencies (Thread[#2687,Execution worker Thread 13,5,main]) started.

> Task :app:collectReleaseDependencies
Caching disabled for task ':app:collectReleaseDependencies' because:
  Build cache is disabled
  Caching has been disabled for the task
Task ':app:collectReleaseDependencies' is not up-to-date because:
  Output property 'dependencyReport' file C:\Sandbox\androidApp\Baeren\BaerenLock\app\build\intermediates\metadata_library_dependencies_report\release\collectReleaseDependencies\dependencies.pb has been removed.
Resolve mutations for :app:sdkReleaseDependencyData (Thread[#2687,Execution worker Thread 13,5,main]) started.
:app:sdkReleaseDependencyData (Thread[#2687,Execution worker Thread 13,5,main]) started.

> Task :app:sdkReleaseDependencyData
Caching disabled for task ':app:sdkReleaseDependencyData' because:
  Build cache is disabled
  Caching has been disabled for the task
Task ':app:sdkReleaseDependencyData' is not up-to-date because:
  Output property 'sdkDependencyData' file C:\Sandbox\androidApp\Baeren\BaerenLock\app\build\intermediates\sdk_dependency_data\release\sdkReleaseDependencyData\sdkDependencyData.pb has been removed.
  Output property 'sdkDependencyDataPublic' file C:\Sandbox\androidApp\Baeren\BaerenLock\app\build\outputs\sdk-dependencies\release\sdkDependencies.txt has been removed.
Resolve mutations for :app:writeReleaseAppMetadata (Thread[#2687,Execution worker Thread 13,5,main]) started.
:app:writeReleaseAppMetadata (Thread[#2687,Execution worker Thread 13,5,main]) started.

> Task :app:writeReleaseAppMetadata
Caching disabled for task ':app:writeReleaseAppMetadata' because:
  Build cache is disabled
  Caching has been disabled for the task
Task ':app:writeReleaseAppMetadata' is not up-to-date because:
  Output property 'outputFile' file C:\Sandbox\androidApp\Baeren\BaerenLock\app\build\intermediates\app_metadata\release\writeReleaseAppMetadata\app-metadata.properties has been removed.
Resolve mutations for :app:writeReleaseSigningConfigVersions (Thread[#2687,Execution worker Thread 13,5,main]) started.
:app:writeReleaseSigningConfigVersions (Thread[#2687,Execution worker Thread 13,5,main]) started.

> Task :app:writeReleaseSigningConfigVersions
Caching disabled for task ':app:writeReleaseSigningConfigVersions' because:
  Build cache is disabled
  Caching has been disabled for the task
Task ':app:writeReleaseSigningConfigVersions' is not up-to-date because:
  Output property 'outputFile' file C:\Sandbox\androidApp\Baeren\BaerenLock\app\build\intermediates\signing_config_versions\release\writeReleaseSigningConfigVersions\signing-config-versions.json has been removed.
Resolve mutations for :app:preDebugAndroidTestBuild (Thread[#2687,Execution worker Thread 13,5,main]) started.
:app:preDebugAndroidTestBuild (Thread[#2687,Execution worker Thread 13,5,main]) started.

> Task :app:preDebugAndroidTestBuild SKIPPED
Skipping task ':app:preDebugAndroidTestBuild' as task onlyIf 'Task is enabled' is false.
Resolve mutations for :app:generateDebugAndroidTestResValues (Thread[#2687,Execution worker Thread 13,5,main]) started.
:app:generateDebugAndroidTestResValues (Thread[#2687,Execution worker Thread 13,5,main]) started.

> Task :app:generateDebugAndroidTestResValues
Caching disabled for task ':app:generateDebugAndroidTestResValues' because:
  Build cache is disabled
Task ':app:generateDebugAndroidTestResValues' is not up-to-date because:
  Output property 'outputDirectory' file C:\Sandbox\androidApp\Baeren\BaerenLock\app\build\generated\res\resValues\androidTest\debug has been removed.
Resolve mutations for :app:preDebugUnitTestBuild (Thread[#2687,Execution worker Thread 13,5,main]) started.
:app:preDebugUnitTestBuild (Thread[#2679,Execution worker Thread 5,5,main]) started.

> Task :app:preDebugUnitTestBuild UP-TO-DATE
Skipping task ':app:preDebugUnitTestBuild' as it has no actions.
Resolve mutations for :app:javaPreCompileDebugUnitTest (Thread[#2679,Execution worker Thread 5,5,main]) started.
:app:javaPreCompileDebugUnitTest (Thread[#2679,Execution worker Thread 5,5,main]) started.
Resolve mutations for :app:preReleaseUnitTestBuild (Thread[#2686,Execution worker Thread 12,5,main]) started.
:app:preReleaseUnitTestBuild (Thread[#2686,Execution worker Thread 12,5,main]) started.

> Task :app:preReleaseUnitTestBuild UP-TO-DATE
Skipping task ':app:preReleaseUnitTestBuild' as it has no actions.
Resolve mutations for :app:javaPreCompileReleaseUnitTest (Thread[#2686,Execution worker Thread 12,5,main]) started.
:app:javaPreCompileReleaseUnitTest (Thread[#2686,Execution worker Thread 12,5,main]) started.

> Task :app:javaPreCompileDebugUnitTest
Caching disabled for task ':app:javaPreCompileDebugUnitTest' because:
  Build cache is disabled
Task ':app:javaPreCompileDebugUnitTest' is not up-to-date because:
  Output property 'annotationProcessorListFile' file C:\Sandbox\androidApp\Baeren\BaerenLock\app\build\intermediates\annotation_processor_list\debugUnitTest\javaPreCompileDebugUnitTest\annotationProcessors.json has been removed.

> Task :app:javaPreCompileReleaseUnitTest
Caching disabled for task ':app:javaPreCompileReleaseUnitTest' because:
  Build cache is disabled
Task ':app:javaPreCompileReleaseUnitTest' is not up-to-date because:
  Output property 'annotationProcessorListFile' file C:\Sandbox\androidApp\Baeren\BaerenLock\app\build\intermediates\annotation_processor_list\releaseUnitTest\javaPreCompileReleaseUnitTest\annotationProcessors.json has been removed.
Resolve mutations for :app:processDebugResources (Thread[#2676,Execution worker Thread 2,5,main]) started.
:app:processDebugResources (Thread[#2676,Execution worker Thread 2,5,main]) started.

> Task :app:processReleaseResources
Caching disabled for task ':app:processReleaseResources' because:
  Build cache is disabled
Task ':app:processReleaseResources' is not up-to-date because:
  Output property 'RClassOutputJar' file C:\Sandbox\androidApp\Baeren\BaerenLock\app\build\intermediates\compile_and_runtime_not_namespaced_r_class_jar\release\processReleaseResources\R.jar has been removed.
  Output property 'linkedResourcesOutputDir' file C:\Sandbox\androidApp\Baeren\BaerenLock\app\build\intermediates\linked_resources_binary_format\release\processReleaseResources has been removed.
  Output property 'linkedResourcesOutputDir' file C:\Sandbox\androidApp\Baeren\BaerenLock\app\build\intermediates\linked_resources_binary_format\release\processReleaseResources\linked-resources-binary-format-release.ap_ has been removed.
  and more...
The input changes require a full rebuild for incremental task ':app:processReleaseResources'.
AAPT2 aapt2-8.11.1-12782657-windows Daemon #0: starting
Aapt output file C:\Sandbox\androidApp\Baeren\BaerenLock\app\build\intermediates\linked_resources_binary_format\release\processReleaseResources\linked-resources-binary-format-release.ap_
Resolve mutations for :app:compileReleaseKotlin (Thread[#2691,Execution worker Thread 17,5,main]) started.
:app:compileReleaseKotlin (Thread[#2691,Execution worker Thread 17,5,main]) started.

> Task :app:mergeExtDexRelease
Caching disabled for task ':app:mergeExtDexRelease' because:
  Build cache is disabled
Task ':app:mergeExtDexRelease' is not up-to-date because:
  Output property 'outputDir' file C:\Sandbox\androidApp\Baeren\BaerenLock\app\build\intermediates\external_libs_dex\release\mergeExtDexRelease has been removed.
  Output property 'outputDir' file C:\Sandbox\androidApp\Baeren\BaerenLock\app\build\intermediates\external_libs_dex\release\mergeExtDexRelease\classes.dex has been removed.
  Output property 'outputDir' file C:\Sandbox\androidApp\Baeren\BaerenLock\app\build\intermediates\external_libs_dex\release\mergeExtDexRelease\classes2.dex has been removed.
The input changes require a full rebuild for incremental task ':app:mergeExtDexRelease'.
Merging to 'C:\Sandbox\androidApp\Baeren\BaerenLock\app\build\intermediates\external_libs_dex\release\mergeExtDexRelease' with D8 from all or a subset of dex files in C:\Users\talqu\.gradle\caches\8.13\transforms\61ce18b09c7f8add52b13ab39c00f99c\transformed\appcompat-resources-1.7.1-runtime\appcompat-resources-1.7.1-runtime_dex, C:\Users\talqu\.gradle\caches\8.13\transforms\06a0ace58a4120ca0f611b30b4ab11b9\transformed\appcompat-1.7.1-runtime\appcompat-1.7.1-runtime_dex, C:\Users\talqu\.gradle\caches\8.13\transforms\77238579821d22552adf08a6ef833e10\transformed\fragment-1.5.4-runtime\fragment-1.5.4-runtime_dex, C:\Users\talqu\.gradle\caches\8.13\transforms\ed3b4bc5db096b86aafcd5df3ac6a77d\transformed\material3-release-runtime\material3-release-runtime_dex, C:\Users\talqu\.gradle\caches\8.13\transforms\e4856c2251846b71e00e88b3df42ad8b\transformed\animation-core-release-runtime\animation-core-release-runtime_dex, C:\Users\talqu\.gradle\caches\8.13\transforms\2467d6675bd878d6e50d243cc035ea16\transformed\material-ripple-release-runtime\material-ripple-release-runtime_dex, C:\Users\talqu\.gradle\caches\8.13\transforms\95920209b7c9e69f77643a4ed679ea82\transformed\animation-release-runtime\animation-release-runtime_dex, C:\Users\talqu\.gradle\caches\8.13\transforms\f65949dbad76b9e9cc4c40227387eefc\transformed\foundation-layout-release-runtime\foundation-layout-release-runtime_dex, C:\Users\talqu\.gradle\caches\8.13\transforms\e087a97defa042dd0df4719525d5cc67\transformed\foundation-release-runtime\foundation-release-runtime_dex, C:\Users\talqu\.gradle\caches\8.13\transforms\d4a4ece68b7194b89374820134ebfea4\transformed\ui-unit-release-runtime\ui-unit-release-runtime_dex, C:\Users\talqu\.gradle\caches\8.13\transforms\35ce9520f36b0f724625cb4fe6ac349a\transformed\ui-geometry-release-runtime\ui-geometry-release-runtime_dex, C:\Users\talqu\.gradle\caches\8.13\transforms\94d60c8f95b82ad503ff771ab97f888c\transformed\ui-util-release-runtime\ui-util-release-runtime_dex, C:\Users\talqu\.gradle\caches\8.13\transforms\9b5606b709ff4faac50e48bc3e739d23\transformed\ui-text-release-runtime\ui-text-release-runtime_dex, C:\Users\talqu\.gradle\caches\8.13\transforms\2f6ebc44427d09a6cee02dca9fa665ab\transformed\ui-tooling-preview-release-runtime\ui-tooling-preview-release-runtime_dex, C:\Users\talqu\.gradle\caches\8.13\transforms\b15baaee25ebb46964854a121422370d\transformed\ui-graphics-release-runtime\ui-graphics-release-runtime_dex, C:\Users\talqu\.gradle\caches\8.13\transforms\c755acbf60da555cc56a345d98042453\transformed\activity-1.8.2-runtime\activity-1.8.2-runtime_dex, C:\Users\talqu\.gradle\caches\8.13\transforms\cab5e3388a7de7a44a2588bde527f181\transformed\activity-ktx-1.8.2-runtime\activity-ktx-1.8.2-runtime_dex, C:\Users\talqu\.gradle\caches\8.13\transforms\b0ab79a3e48fb9d9f107cf50da1dfc53\transformed\activity-compose-1.8.2-runtime\activity-compose-1.8.2-runtime_dex, C:\Users\talqu\.gradle\caches\8.13\transforms\25cb5d8965e1e25203abf1628e8e7aa4\transformed\material-icons-core-release-runtime\material-icons-core-release-runtime_dex, C:\Users\talqu\.gradle\caches\8.13\transforms\c4c1c3f6c7f83ba3e1618bf1db0bc5dc\transformed\ui-release-runtime\ui-release-runtime_dex, C:\Users\talqu\.gradle\caches\8.13\transforms\02f645de263a249710903186d0cc2909\transformed\savedstate-ktx-1.2.1-runtime\savedstate-ktx-1.2.1-runtime_dex, C:\Users\talqu\.gradle\caches\8.13\transforms\90ca2adafc3ce0a335338d44803acadd\transformed\loader-1.0.0-runtime\loader-1.0.0-runtime_dex, C:\Users\talqu\.gradle\caches\8.13\transforms\de63d7fa1a765b0a72c6f011512a00f1\transformed\emoji2-views-helper-1.3.0-runtime\emoji2-views-helper-1.3.0-runtime_dex, C:\Users\talqu\.gradle\caches\8.13\transforms\43ffdc91579008a80a015098934f0025\transformed\emoji2-1.3.0-runtime\emoji2-1.3.0-runtime_dex, C:\Users\talqu\.gradle\caches\8.13\transforms\fd7315067af89a0de32756792595c9c6\transformed\recyclerview-1.3.2-runtime\recyclerview-1.3.2-runtime_dex, C:\Users\talqu\.gradle\caches\8.13\transforms\5a3eb1f978da9546a751f05350bfb5ba\transformed\drawerlayout-1.0.0-runtime\drawerlayout-1.0.0-runtime_dex, C:\Users\talqu\.gradle\caches\8.13\transforms\0ba85ef9c206a902a118de7f5501fe7c\transformed\viewpager-1.0.0-runtime\viewpager-1.0.0-runtime_dex, C:\Users\talqu\.gradle\caches\8.13\transforms\950c2b13078ed2ba2ef1233fd141844d\transformed\customview-1.0.0-runtime\customview-1.0.0-runtime_dex, C:\Users\talqu\.gradle\caches\8.13\transforms\217dcc27754a08be100f98c786fd1ca4\transformed\vectordrawable-animated-1.1.0-runtime\vectordrawable-animated-1.1.0-runtime_dex, C:\Users\talqu\.gradle\caches\8.13\transforms\8327674dca760969719de9c98ddd4f7a\transformed\vectordrawable-1.1.0-runtime\vectordrawable-1.1.0-runtime_dex, C:\Users\talqu\.gradle\caches\8.13\transforms\6b98057487b1285478379b75eb9a4647\transformed\autofill-1.0.0-runtime\autofill-1.0.0-runtime_dex, C:\Users\talqu\.gradle\caches\8.13\transforms\cc69db469dee7973aa3835c1a59810a0\transformed\graphics-path-1.0.1-runtime\graphics-path-1.0.1-runtime_dex, C:\Users\talqu\.gradle\caches\8.13\transforms\fc6b39af1665831ba4e1ebf7e19de33b\transformed\customview-poolingcontainer-1.0.0-runtime\customview-poolingcontainer-1.0.0-runtime_dex, C:\Users\talqu\.gradle\caches\8.13\transforms\ae4675b10cc04203b30693c531183775\transformed\core-ktx-1.13.1-runtime\core-ktx-1.13.1-runtime_dex, C:\Users\talqu\.gradle\caches\8.13\transforms\eaa797aefa183d1b7b75dfb1f8ddb9eb\transformed\core-1.13.1-runtime\core-1.13.1-runtime_dex, C:\Users\talqu\.gradle\caches\8.13\transforms\ad3d5e690fb2ae1cb57225d3234fa701\transformed\lifecycle-viewmodel-release-runtime\lifecycle-viewmodel-release-runtime_dex, C:\Users\talqu\.gradle\caches\8.13\transforms\1df22de14c56ae977e7f94738bea46bd\transformed\lifecycle-common-jvm-2.8.3\lifecycle-common-jvm-2.8.3_dex, C:\Users\talqu\.gradle\caches\8.13\transforms\1803b0aa0208625b4e7a96de659cf6c8\transformed\lifecycle-runtime-release-runtime\lifecycle-runtime-release-runtime_dex, C:\Users\talqu\.gradle\caches\8.13\transforms\8431f49c99ace6b3962dec3f4f927278\transformed\lifecycle-process-2.8.3-runtime\lifecycle-process-2.8.3-runtime_dex, C:\Users\talqu\.gradle\caches\8.13\transforms\a558b89167d0863986c0bb2ccbde9c99\transformed\lifecycle-livedata-core-2.8.3-runtime\lifecycle-livedata-core-2.8.3-runtime_dex, C:\Users\talqu\.gradle\caches\8.13\transforms\fc90e74c26c740e4b5aeb3c6119e4205\transformed\lifecycle-livedata-2.8.3-runtime\lifecycle-livedata-2.8.3-runtime_dex, C:\Users\talqu\.gradle\caches\8.13\transforms\123193ab0f6fb914a4c5751e0a00512a\transformed\lifecycle-runtime-compose-release-runtime\lifecycle-runtime-compose-release-runtime_dex, C:\Users\talqu\.gradle\caches\8.13\transforms\28ba2182afb9d9cbab2ceec2cf61a83b\transformed\lifecycle-viewmodel-savedstate-2.8.3-runtime\lifecycle-viewmodel-savedstate-2.8.3-runtime_dex, C:\Users\talqu\.gradle\caches\8.13\transforms\3d40399427c50d85dfc3175a49e51afb\transformed\savedstate-1.2.1-runtime\savedstate-1.2.1-runtime_dex, C:\Users\talqu\.gradle\caches\8.13\transforms\cab917a0b4f442f46a6afa01ee146d34\transformed\runtime-saveable-release-runtime\runtime-saveable-release-runtime_dex, C:\Users\talqu\.gradle\caches\8.13\transforms\f48b6493124d7e8d08f53110f3e7e90d\transformed\runtime-release-runtime\runtime-release-runtime_dex, C:\Users\talqu\.gradle\caches\8.13\transforms\1c5502073c307087507fd818ae808818\transformed\annotation-experimental-1.4.0-runtime\annotation-experimental-1.4.0-runtime_dex, C:\Users\talqu\.gradle\caches\8.13\transforms\86e5f1636962264d0b0bdd94c661c991\transformed\versionedparcelable-1.1.1-runtime\versionedparcelable-1.1.1-runtime_dex, C:\Users\talqu\.gradle\caches\8.13\transforms\267ab89c21dcb18efdd14f347dc197f3\transformed\collection-jvm-1.4.0\collection-jvm-1.4.0_dex, C:\Users\talqu\.gradle\caches\8.13\transforms\0a49cea61d142177cfa8a36d92f7c1f1\transformed\kotlinx-coroutines-core-jvm-1.7.3\kotlinx-coroutines-core-jvm-1.7.3_dex, C:\Users\talqu\.gradle\caches\8.13\transforms\1dcb09e8e7b0c9dd4c22e27592b45d8f\transformed\kotlinx-coroutines-android-1.7.3\kotlinx-coroutines-android-1.7.3_dex, C:\Users\talqu\.gradle\caches\8.13\transforms\d71b49b149f6978f85d605de545eb4b6\transformed\cursoradapter-1.0.0-runtime\cursoradapter-1.0.0-runtime_dex, C:\Users\talqu\.gradle\caches\8.13\transforms\7c144d652b8ebd3da8bc1ed3132299c1\transformed\profileinstaller-1.3.1-runtime\profileinstaller-1.3.1-runtime_dex, C:\Users\talqu\.gradle\caches\8.13\transforms\8ff655f4bb1194f979687d36558dab69\transformed\resourceinspection-annotation-1.0.1\resourceinspection-annotation-1.0.1_dex, C:\Users\talqu\.gradle\caches\8.13\transforms\82ed20b52835cf6798dc448b1aad6392\transformed\interpolator-1.0.0-runtime\interpolator-1.0.0-runtime_dex, C:\Users\talqu\.gradle\caches\8.13\transforms\bfb33883a55b8026fde84a96410b6b98\transformed\concurrent-futures-1.1.0\concurrent-futures-1.1.0_dex, C:\Users\talqu\.gradle\caches\8.13\transforms\d44ba5804c57d8f241b2854a9b8a5ebb\transformed\startup-runtime-1.1.1-runtime\startup-runtime-1.1.1-runtime_dex, C:\Users\talqu\.gradle\caches\8.13\transforms\8508adf2e42f285f1be749ff8c88ff7c\transformed\tracing-1.0.0-runtime\tracing-1.0.0-runtime_dex, C:\Users\talqu\.gradle\caches\8.13\transforms\03a11f2aa9861ffb44adbb7eb13a734b\transformed\core-runtime-2.2.0-runtime\core-runtime-2.2.0-runtime_dex, C:\Users\talqu\.gradle\caches\8.13\transforms\269d358b43e43d5498eed9e40031a0f8\transformed\core-common-2.2.0\core-common-2.2.0_dex, C:\Users\talqu\.gradle\caches\8.13\transforms\bdc7de65cf92cf564908d5b19b245230\transformed\annotation-jvm-1.8.0\annotation-jvm-1.8.0_dex, C:\Users\talqu\.gradle\caches\8.13\transforms\8be96e5dce5ccf4ddc0b3d4e4b6f1f1f\transformed\kotlin-stdlib-2.0.21\kotlin-stdlib-2.0.21_dex, C:\Users\talqu\.gradle\caches\8.13\transforms\606e20e43b6a253416572a807d0ef373\transformed\annotations-23.0.0\annotations-23.0.0_dex, C:\Users\talqu\.gradle\caches\8.13\transforms\ff1ebca35927b7240f82f0adf9860c78\transformed\listenablefuture-1.0\listenablefuture-1.0_dex, and from all global synthetics files in 

Resolve mutations for :app:optimizeReleaseResources (Thread[#2694,Execution worker Thread 19,5,main]) started.
:app:optimizeReleaseResources (Thread[#2694,Execution worker Thread 19,5,main]) started.

> Task :app:processDebugResources
Caching disabled for task ':app:processDebugResources' because:
  Build cache is disabled
Task ':app:processDebugResources' is not up-to-date because:
  Output property 'RClassOutputJar' file C:\Sandbox\androidApp\Baeren\BaerenLock\app\build\intermediates\compile_and_runtime_not_namespaced_r_class_jar\debug\processDebugResources\R.jar has been removed.
  Output property 'linkedResourcesOutputDir' file C:\Sandbox\androidApp\Baeren\BaerenLock\app\build\intermediates\linked_resources_binary_format\debug\processDebugResources has been removed.
  Output property 'linkedResourcesOutputDir' file C:\Sandbox\androidApp\Baeren\BaerenLock\app\build\intermediates\linked_resources_binary_format\debug\processDebugResources\linked-resources-binary-format-debug.ap_ has been removed.
  and more...
The input changes require a full rebuild for incremental task ':app:processDebugResources'.
AAPT2 aapt2-8.11.1-12782657-windows Daemon #1: starting
Aapt output file C:\Sandbox\androidApp\Baeren\BaerenLock\app\build\intermediates\linked_resources_binary_format\debug\processDebugResources\linked-resources-binary-format-debug.ap_
Resolve mutations for :app:compileDebugKotlin (Thread[#2684,Execution worker Thread 10,5,main]) started.
:app:compileDebugKotlin (Thread[#2684,Execution worker Thread 10,5,main]) started.

> Task :app:optimizeReleaseResources
Custom actions are attached to task ':app:optimizeReleaseResources'.
Caching disabled for task ':app:optimizeReleaseResources' because:
  Build cache is disabled
Task ':app:optimizeReleaseResources' is not up-to-date because:
  Output property 'optimizedProcessedRes' file C:\Sandbox\androidApp\Baeren\BaerenLock\app\build\intermediates\optimized_processed_res\release\optimizeReleaseResources has been removed.
  Output property 'optimizedProcessedRes' file C:\Sandbox\androidApp\Baeren\BaerenLock\app\build\intermediates\optimized_processed_res\release\optimizeReleaseResources\output-metadata.json has been removed.
  Output property 'optimizedProcessedRes' file C:\Sandbox\androidApp\Baeren\BaerenLock\app\build\intermediates\optimized_processed_res\release\optimizeReleaseResources\resources-release-optimize.ap_ has been removed.

> Task :app:compileReleaseKotlin
Adding -Xuse-inline-scopes-numbers Kotlin compiler flag for task :app:compileDebugAndroidTestKotlin
Caching disabled for task ':app:compileReleaseKotlin' because:
  Build cache is disabled
Task ':app:compileReleaseKotlin' is not up-to-date because:
  Task has failed previously.
The input changes require a full rebuild for incremental task ':app:compileReleaseKotlin'.
file or directory 'C:\Sandbox\androidApp\Baeren\BaerenLock\app\src\release\kotlin', not found
file or directory 'C:\Sandbox\androidApp\Baeren\BaerenLock\app\src\release\java', not found
file or directory 'C:\Sandbox\androidApp\Baeren\BaerenLock\app\src\release\kotlin', not found
file or directory 'C:\Sandbox\androidApp\Baeren\BaerenLock\app\src\release\kotlin', not found
file or directory 'C:\Sandbox\androidApp\Baeren\BaerenLock\app\src\release\java', not found
file or directory 'C:\Sandbox\androidApp\Baeren\BaerenLock\app\src\main\kotlin', not found
file or directory 'C:\Sandbox\androidApp\Baeren\BaerenLock\app\src\main\kotlin', not found
file or directory 'C:\Sandbox\androidApp\Baeren\BaerenLock\app\src\main\kotlin', not found
file or directory 'C:\Sandbox\androidApp\Baeren\BaerenLock\app\src\release\java', not found
file or directory 'C:\Sandbox\androidApp\Baeren\BaerenLock\app\src\release\kotlin', not found
file or directory 'C:\Sandbox\androidApp\Baeren\BaerenLock\app\src\release\java', not found
file or directory 'C:\Sandbox\androidApp\Baeren\BaerenLock\app\src\release\kotlin', not found
file or directory 'C:\Sandbox\androidApp\Baeren\BaerenLock\app\src\release\kotlin', not found
file or directory 'C:\Sandbox\androidApp\Baeren\BaerenLock\app\src\release\java', not found
file or directory 'C:\Sandbox\androidApp\Baeren\BaerenLock\app\src\main\kotlin', not found
file or directory 'C:\Sandbox\androidApp\Baeren\BaerenLock\app\src\release\kotlin', not found
file or directory 'C:\Sandbox\androidApp\Baeren\BaerenLock\app\src\release\java', not found
file or directory 'C:\Sandbox\androidApp\Baeren\BaerenLock\app\src\release\kotlin', not found
file or directory 'C:\Sandbox\androidApp\Baeren\BaerenLock\app\src\release\kotlin', not found
file or directory 'C:\Sandbox\androidApp\Baeren\BaerenLock\app\src\release\java', not found
file or directory 'C:\Sandbox\androidApp\Baeren\BaerenLock\app\src\main\kotlin', not found
file or directory 'C:\Sandbox\androidApp\Baeren\BaerenLock\app\src\main\kotlin', not found
file or directory 'C:\Sandbox\androidApp\Baeren\BaerenLock\app\src\main\kotlin', not found
file or directory 'C:\Sandbox\androidApp\Baeren\BaerenLock\app\src\release\java', not found
file or directory 'C:\Sandbox\androidApp\Baeren\BaerenLock\app\src\release\kotlin', not found
file or directory 'C:\Sandbox\androidApp\Baeren\BaerenLock\app\src\release\java', not found
file or directory 'C:\Sandbox\androidApp\Baeren\BaerenLock\app\src\release\kotlin', not found
file or directory 'C:\Sandbox\androidApp\Baeren\BaerenLock\app\src\release\kotlin', not found
file or directory 'C:\Sandbox\androidApp\Baeren\BaerenLock\app\src\release\java', not found
file or directory 'C:\Sandbox\androidApp\Baeren\BaerenLock\app\src\main\kotlin', not found
file or directory 'C:\Sandbox\androidApp\Baeren\BaerenLock\app\src\main\kotlin', not found
file or directory 'C:\Sandbox\androidApp\Baeren\BaerenLock\app\src\main\kotlin', not found
file or directory 'C:\Sandbox\androidApp\Baeren\BaerenLock\app\src\release\java', not found
file or directory 'C:\Sandbox\androidApp\Baeren\BaerenLock\app\src\release\kotlin', not found
file or directory 'C:\Sandbox\androidApp\Baeren\BaerenLock\app\src\release\java', not found
file or directory 'C:\Sandbox\androidApp\Baeren\BaerenLock\app\src\release\kotlin', not found
file or directory 'C:\Sandbox\androidApp\Baeren\BaerenLock\app\src\release\kotlin', not found
file or directory 'C:\Sandbox\androidApp\Baeren\BaerenLock\app\src\release\java', not found
file or directory 'C:\Sandbox\androidApp\Baeren\BaerenLock\app\src\main\kotlin', not found
file or directory 'C:\Sandbox\androidApp\Baeren\BaerenLock\app\src\main\kotlin', not found
file or directory 'C:\Sandbox\androidApp\Baeren\BaerenLock\app\src\main\kotlin', not found
file or directory 'C:\Sandbox\androidApp\Baeren\BaerenLock\app\src\release\java', not found
Kotlin source files: C:\Sandbox\androidApp\Baeren\BaerenLock\app\src\main\java\com\talq2me\baerenlock\AppBlockerService.kt, C:\Sandbox\androidApp\Baeren\BaerenLock\app\src\main\java\com\talq2me\baerenlock\AppManagementActivity.kt, C:\Sandbox\androidApp\Baeren\BaerenLock\app\src\main\java\com\talq2me\baerenlock\ChangePinActivity.kt, C:\Sandbox\androidApp\Baeren\BaerenLock\app\src\main\java\com\talq2me\baerenlock\DeviceAdminReceiver.kt, C:\Sandbox\androidApp\Baeren\BaerenLock\app\src\main\java\com\talq2me\baerenlock\DeviceOwnerSetupActivity.kt, C:\Sandbox\androidApp\Baeren\BaerenLock\app\src\main\java\com\talq2me\baerenlock\DeviceOwnerSetupManager.kt, C:\Sandbox\androidApp\Baeren\BaerenLock\app\src\main\java\com\talq2me\baerenlock\DevicePolicyManager.kt, C:\Sandbox\androidApp\Baeren\BaerenLock\app\src\main\java\com\talq2me\baerenlock\DeviceRestrictionsActivity.kt, C:\Sandbox\androidApp\Baeren\BaerenLock\app\src\main\java\com\talq2me\baerenlock\KioskModeManager.kt, C:\Sandbox\androidApp\Baeren\BaerenLock\app\src\main\java\com\talq2me\baerenlock\LauncherActivity.kt, C:\Sandbox\androidApp\Baeren\BaerenLock\app\src\main\java\com\talq2me\baerenlock\MainActivity.kt, C:\Sandbox\androidApp\Baeren\BaerenLock\app\src\main\java\com\talq2me\baerenlock\PinPromptDialog.kt, C:\Sandbox\androidApp\Baeren\BaerenLock\app\src\main\java\com\talq2me\baerenlock\RestrictionsManager.kt, C:\Sandbox\androidApp\Baeren\BaerenLock\app\src\main\java\com\talq2me\baerenlock\RewardAppsSettingsActivity.kt, C:\Sandbox\androidApp\Baeren\BaerenLock\app\src\main\java\com\talq2me\baerenlock\RewardManager.kt, C:\Sandbox\androidApp\Baeren\BaerenLock\app\src\main\java\com\talq2me\baerenlock\SettingsActivity.kt, C:\Sandbox\androidApp\Baeren\BaerenLock\app\src\main\java\com\talq2me\baerenlock\ui\theme\Color.kt, C:\Sandbox\androidApp\Baeren\BaerenLock\app\src\main\java\com\talq2me\baerenlock\ui\theme\Theme.kt, C:\Sandbox\androidApp\Baeren\BaerenLock\app\src\main\java\com\talq2me\baerenlock\ui\theme\Type.kt, C:\Sandbox\androidApp\Baeren\BaerenLock\app\src\main\java\com\talq2me\baerenlock\WhitelistSettingsActivity.kt
Java source files: 
Script source files: 
Script file extensions: 
Using Kotlin/JVM incremental compilation
[KOTLIN] Kotlin compilation 'jdkHome' argument: null
Options for KOTLIN DAEMON: IncrementalCompilationOptions(super=CompilationOptions(compilerMode=INCREMENTAL_COMPILER, targetPlatform=JVM, reportCategories=[0, 3], reportSeverity=2, requestedCompilationResults=[0], kotlinScriptExtensions=[]), areFileChangesKnown=false, modifiedFiles=null, deletedFiles=null, classpathChanges=NotAvailableForNonIncrementalRun, workingDir=C:\Sandbox\androidApp\Baeren\BaerenLock\app\build\kotlin\compileReleaseKotlin\cacheable, multiModuleICSettings=MultiModuleICSettings(buildHistoryFile=C:\Sandbox\androidApp\Baeren\BaerenLock\app\build\kotlin\compileReleaseKotlin\local-state\build-history.bin, useModuleDetection=true), usePreciseJavaTracking=true, icFeatures=IncrementalCompilationFeatures(withAbiSnapshot=false, preciseCompilationResultsBackup=true, keepIncrementalCompilationCachesInMemory=true, enableUnsafeIncrementalCompilationForMultiplatform=false), outputFiles=[C:\Sandbox\androidApp\Baeren\BaerenLock\app\build\tmp\kotlin-classes\release, C:\Sandbox\androidApp\Baeren\BaerenLock\app\build\kotlin\compileReleaseKotlin\cacheable, C:\Sandbox\androidApp\Baeren\BaerenLock\app\build\kotlin\compileReleaseKotlin\local-state])
Finished executing kotlin compiler using DAEMON strategy

> Task :app:compileReleaseKotlin FAILED

> Task :app:compileDebugKotlin
Caching disabled for task ':app:compileDebugKotlin' because:
  Build cache is disabled
Task ':app:compileDebugKotlin' is not up-to-date because:
  Task has failed previously.
The input changes require a full rebuild for incremental task ':app:compileDebugKotlin'.
file or directory 'C:\Sandbox\androidApp\Baeren\BaerenLock\app\src\debug\kotlin', not found
file or directory 'C:\Sandbox\androidApp\Baeren\BaerenLock\app\src\debug\java', not found
file or directory 'C:\Sandbox\androidApp\Baeren\BaerenLock\app\src\debug\kotlin', not found
file or directory 'C:\Sandbox\androidApp\Baeren\BaerenLock\app\src\debug\kotlin', not found
file or directory 'C:\Sandbox\androidApp\Baeren\BaerenLock\app\src\debug\java', not found
file or directory 'C:\Sandbox\androidApp\Baeren\BaerenLock\app\src\main\kotlin', not found
file or directory 'C:\Sandbox\androidApp\Baeren\BaerenLock\app\src\main\kotlin', not found
file or directory 'C:\Sandbox\androidApp\Baeren\BaerenLock\app\src\main\kotlin', not found
file or directory 'C:\Sandbox\androidApp\Baeren\BaerenLock\app\src\debug\java', not found
file or directory 'C:\Sandbox\androidApp\Baeren\BaerenLock\app\src\debug\kotlin', not found
file or directory 'C:\Sandbox\androidApp\Baeren\BaerenLock\app\src\debug\java', not found
file or directory 'C:\Sandbox\androidApp\Baeren\BaerenLock\app\src\debug\kotlin', not found
file or directory 'C:\Sandbox\androidApp\Baeren\BaerenLock\app\src\debug\kotlin', not found
file or directory 'C:\Sandbox\androidApp\Baeren\BaerenLock\app\src\debug\java', not found
file or directory 'C:\Sandbox\androidApp\Baeren\BaerenLock\app\src\main\kotlin', not found
file or directory 'C:\Sandbox\androidApp\Baeren\BaerenLock\app\src\debug\kotlin', not found
file or directory 'C:\Sandbox\androidApp\Baeren\BaerenLock\app\src\debug\java', not found
file or directory 'C:\Sandbox\androidApp\Baeren\BaerenLock\app\src\debug\kotlin', not found
file or directory 'C:\Sandbox\androidApp\Baeren\BaerenLock\app\src\debug\kotlin', not found
file or directory 'C:\Sandbox\androidApp\Baeren\BaerenLock\app\src\debug\java', not found
file or directory 'C:\Sandbox\androidApp\Baeren\BaerenLock\app\src\main\kotlin', not found
file or directory 'C:\Sandbox\androidApp\Baeren\BaerenLock\app\src\main\kotlin', not found
file or directory 'C:\Sandbox\androidApp\Baeren\BaerenLock\app\src\main\kotlin', not found
file or directory 'C:\Sandbox\androidApp\Baeren\BaerenLock\app\src\debug\java', not found
file or directory 'C:\Sandbox\androidApp\Baeren\BaerenLock\app\src\debug\kotlin', not found
file or directory 'C:\Sandbox\androidApp\Baeren\BaerenLock\app\src\debug\java', not found
file or directory 'C:\Sandbox\androidApp\Baeren\BaerenLock\app\src\debug\kotlin', not found
file or directory 'C:\Sandbox\androidApp\Baeren\BaerenLock\app\src\debug\kotlin', not found
file or directory 'C:\Sandbox\androidApp\Baeren\BaerenLock\app\src\debug\java', not found
file or directory 'C:\Sandbox\androidApp\Baeren\BaerenLock\app\src\main\kotlin', not found
file or directory 'C:\Sandbox\androidApp\Baeren\BaerenLock\app\src\main\kotlin', not found
file or directory 'C:\Sandbox\androidApp\Baeren\BaerenLock\app\src\main\kotlin', not found
file or directory 'C:\Sandbox\androidApp\Baeren\BaerenLock\app\src\debug\java', not found
file or directory 'C:\Sandbox\androidApp\Baeren\BaerenLock\app\src\debug\kotlin', not found
file or directory 'C:\Sandbox\androidApp\Baeren\BaerenLock\app\src\debug\java', not found
file or directory 'C:\Sandbox\androidApp\Baeren\BaerenLock\app\src\debug\kotlin', not found
file or directory 'C:\Sandbox\androidApp\Baeren\BaerenLock\app\src\debug\kotlin', not found
file or directory 'C:\Sandbox\androidApp\Baeren\BaerenLock\app\src\debug\java', not found
file or directory 'C:\Sandbox\androidApp\Baeren\BaerenLock\app\src\main\kotlin', not found
file or directory 'C:\Sandbox\androidApp\Baeren\BaerenLock\app\src\main\kotlin', not found
file or directory 'C:\Sandbox\androidApp\Baeren\BaerenLock\app\src\main\kotlin', not found
file or directory 'C:\Sandbox\androidApp\Baeren\BaerenLock\app\src\debug\java', not found
Kotlin source files: C:\Sandbox\androidApp\Baeren\BaerenLock\app\src\main\java\com\talq2me\baerenlock\AppBlockerService.kt, C:\Sandbox\androidApp\Baeren\BaerenLock\app\src\main\java\com\talq2me\baerenlock\AppManagementActivity.kt, C:\Sandbox\androidApp\Baeren\BaerenLock\app\src\main\java\com\talq2me\baerenlock\ChangePinActivity.kt, C:\Sandbox\androidApp\Baeren\BaerenLock\app\src\main\java\com\talq2me\baerenlock\DeviceAdminReceiver.kt, C:\Sandbox\androidApp\Baeren\BaerenLock\app\src\main\java\com\talq2me\baerenlock\DeviceOwnerSetupActivity.kt, C:\Sandbox\androidApp\Baeren\BaerenLock\app\src\main\java\com\talq2me\baerenlock\DeviceOwnerSetupManager.kt, C:\Sandbox\androidApp\Baeren\BaerenLock\app\src\main\java\com\talq2me\baerenlock\DevicePolicyManager.kt, C:\Sandbox\androidApp\Baeren\BaerenLock\app\src\main\java\com\talq2me\baerenlock\DeviceRestrictionsActivity.kt, C:\Sandbox\androidApp\Baeren\BaerenLock\app\src\main\java\com\talq2me\baerenlock\KioskModeManager.kt, C:\Sandbox\androidApp\Baeren\BaerenLock\app\src\main\java\com\talq2me\baerenlock\LauncherActivity.kt, C:\Sandbox\androidApp\Baeren\BaerenLock\app\src\main\java\com\talq2me\baerenlock\MainActivity.kt, C:\Sandbox\androidApp\Baeren\BaerenLock\app\src\main\java\com\talq2me\baerenlock\PinPromptDialog.kt, C:\Sandbox\androidApp\Baeren\BaerenLock\app\src\main\java\com\talq2me\baerenlock\RestrictionsManager.kt, C:\Sandbox\androidApp\Baeren\BaerenLock\app\src\main\java\com\talq2me\baerenlock\RewardAppsSettingsActivity.kt, C:\Sandbox\androidApp\Baeren\BaerenLock\app\src\main\java\com\talq2me\baerenlock\RewardManager.kt, C:\Sandbox\androidApp\Baeren\BaerenLock\app\src\main\java\com\talq2me\baerenlock\SettingsActivity.kt, C:\Sandbox\androidApp\Baeren\BaerenLock\app\src\main\java\com\talq2me\baerenlock\ui\theme\Color.kt, C:\Sandbox\androidApp\Baeren\BaerenLock\app\src\main\java\com\talq2me\baerenlock\ui\theme\Theme.kt, C:\Sandbox\androidApp\Baeren\BaerenLock\app\src\main\java\com\talq2me\baerenlock\ui\theme\Type.kt, C:\Sandbox\androidApp\Baeren\BaerenLock\app\src\main\java\com\talq2me\baerenlock\WhitelistSettingsActivity.kt
Java source files: 
Script source files: 
Script file extensions: 
Using Kotlin/JVM incremental compilation
[KOTLIN] Kotlin compilation 'jdkHome' argument: null
Options for KOTLIN DAEMON: IncrementalCompilationOptions(super=CompilationOptions(compilerMode=INCREMENTAL_COMPILER, targetPlatform=JVM, reportCategories=[0, 3], reportSeverity=2, requestedCompilationResults=[0], kotlinScriptExtensions=[]), areFileChangesKnown=false, modifiedFiles=null, deletedFiles=null, classpathChanges=NotAvailableForNonIncrementalRun, workingDir=C:\Sandbox\androidApp\Baeren\BaerenLock\app\build\kotlin\compileDebugKotlin\cacheable, multiModuleICSettings=MultiModuleICSettings(buildHistoryFile=C:\Sandbox\androidApp\Baeren\BaerenLock\app\build\kotlin\compileDebugKotlin\local-state\build-history.bin, useModuleDetection=true), usePreciseJavaTracking=true, icFeatures=IncrementalCompilationFeatures(withAbiSnapshot=false, preciseCompilationResultsBackup=true, keepIncrementalCompilationCachesInMemory=true, enableUnsafeIncrementalCompilationForMultiplatform=false), outputFiles=[C:\Sandbox\androidApp\Baeren\BaerenLock\app\build\tmp\kotlin-classes\debug, C:\Sandbox\androidApp\Baeren\BaerenLock\app\build\kotlin\compileDebugKotlin\cacheable, C:\Sandbox\androidApp\Baeren\BaerenLock\app\build\kotlin\compileDebugKotlin\local-state])
Finished executing kotlin compiler using DAEMON strategy

> Task :app:compileDebugKotlin FAILED
AAPT2 aapt2-8.11.1-12782657-windows Daemon #0: shutdown
AAPT2 aapt2-8.11.1-12782657-windows Daemon #1: shutdown
67 actionable tasks: 66 executed, 1 up-to-date
Watched directory hierarchies: [C:\Sandbox\androidApp\Baeren\BaerenLock]
